Warning: /Users/cgeorges/rv32-linux-soc/build/experiments/soft-partition-screen/four-part-qualification/runs/wokwi/13-openroad-fillinsertion/tt_um_rv32_linux_soc.nl.v line 21766, module sky130_ef_sc_hd__decap_12 not found. Creating black box for FILLER_0_1009.
Warning: /Users/cgeorges/rv32-linux-soc/build/experiments/soft-partition-screen/four-part-qualification/runs/wokwi/13-openroad-fillinsertion/tt_um_rv32_linux_soc.nl.v line 21783, module sky130_fd_sc_hd__fill_1 not found. Creating black box for FILLER_0_1147.
Warning: /Users/cgeorges/rv32-linux-soc/build/experiments/soft-partition-screen/four-part-qualification/runs/wokwi/13-openroad-fillinsertion/tt_um_rv32_linux_soc.nl.v line 21807, module sky130_fd_sc_hd__fill_2 not found. Creating black box for FILLER_0_1342.
Warning: /Users/cgeorges/rv32-linux-soc/build/experiments/soft-partition-screen/four-part-qualification/runs/wokwi/13-openroad-fillinsertion/tt_um_rv32_linux_soc.nl.v line 48251, module sky130_fd_sc_hd__tapvpwrvgnd_1 not found. Creating black box for TAP_TAPCELL_ROW_0_372.
DIAGNOSTIC transition=0.75 slew_violations=20 cap_violations=5
DIAGNOSTIC transition=1.0 slew_violations=17 cap_violations=5
DIAGNOSTIC transition=1.5 slew_violations=5 cap_violations=5
max slew

Pin                                        Limit        Slew       Slack
------------------------------------------------------------------------
_15176_/C1                              1.500000    2.064332   -0.564332 (VIOLATED)
_25583_/Y                               1.498388    2.061676   -0.563288 (VIOLATED)
_25584_/A_N                             1.500000    2.061704   -0.561704 (VIOLATED)
_25585_/A2                              1.500000    2.061692   -0.561692 (VIOLATED)
_26504_/A2                              1.500000    1.500149   -0.000149 (VIOLATED)

max capacitance

Pin                                        Limit         Cap       Slack
------------------------------------------------------------------------
_26497_/X                               0.200000    0.312692   -0.112692 (VIOLATED)
_26205_/X                               0.200000    0.299217   -0.099217 (VIOLATED)
_25583_/Y                               0.141917    0.200058   -0.058141 (VIOLATED)
_22420_/Y                               0.200000    0.222515   -0.022515 (VIOLATED)
_26547_/X                               0.200000    0.207065   -0.007065 (VIOLATED)

