Warning: /Users/cgeorges/rv32-linux-soc/build/experiments/soft-partition-screen/four-part-qualification/runs/wokwi/13-openroad-fillinsertion/tt_um_rv32_linux_soc.nl.v line 21766, module sky130_ef_sc_hd__decap_12 not found. Creating black box for FILLER_0_1009.
Warning: /Users/cgeorges/rv32-linux-soc/build/experiments/soft-partition-screen/four-part-qualification/runs/wokwi/13-openroad-fillinsertion/tt_um_rv32_linux_soc.nl.v line 21783, module sky130_fd_sc_hd__fill_1 not found. Creating black box for FILLER_0_1147.
Warning: /Users/cgeorges/rv32-linux-soc/build/experiments/soft-partition-screen/four-part-qualification/runs/wokwi/13-openroad-fillinsertion/tt_um_rv32_linux_soc.nl.v line 21807, module sky130_fd_sc_hd__fill_2 not found. Creating black box for FILLER_0_1342.
Warning: /Users/cgeorges/rv32-linux-soc/build/experiments/soft-partition-screen/four-part-qualification/runs/wokwi/13-openroad-fillinsertion/tt_um_rv32_linux_soc.nl.v line 48251, module sky130_fd_sc_hd__tapvpwrvgnd_1 not found. Creating black box for TAP_TAPCELL_ROW_0_372.
DIAGNOSTIC transition=0.75 slew_violations=20 cap_violations=5
DIAGNOSTIC transition=1.0 slew_violations=8 cap_violations=5
DIAGNOSTIC transition=1.5 slew_violations=4 cap_violations=5
max slew

Pin                                        Limit        Slew       Slack
------------------------------------------------------------------------
_25583_/Y                               1.494397    1.510442   -0.016045 (VIOLATED)
_15176_/C1                              1.500000    1.514135   -0.014135 (VIOLATED)
_25584_/A_N                             1.500000    1.510481   -0.010481 (VIOLATED)
_25585_/A2                              1.500000    1.510464   -0.010464 (VIOLATED)

max capacitance

Pin                                        Limit         Cap       Slack
------------------------------------------------------------------------
_26497_/X                               0.200000    0.312695   -0.112695 (VIOLATED)
_26205_/X                               0.200000    0.299219   -0.099219 (VIOLATED)
_22420_/Y                               0.200000    0.222551   -0.022551 (VIOLATED)
_26547_/X                               0.200000    0.207204   -0.007204 (VIOLATED)
_25583_/Y                               0.195017    0.200195   -0.005178 (VIOLATED)

