Warning: /Users/cgeorges/rv32-linux-soc/build/experiments/soft-partition-screen/four-part-qualification/runs/wokwi/13-openroad-fillinsertion/tt_um_rv32_linux_soc.nl.v line 21766, module sky130_ef_sc_hd__decap_12 not found. Creating black box for FILLER_0_1009.
Warning: /Users/cgeorges/rv32-linux-soc/build/experiments/soft-partition-screen/four-part-qualification/runs/wokwi/13-openroad-fillinsertion/tt_um_rv32_linux_soc.nl.v line 21783, module sky130_fd_sc_hd__fill_1 not found. Creating black box for FILLER_0_1147.
Warning: /Users/cgeorges/rv32-linux-soc/build/experiments/soft-partition-screen/four-part-qualification/runs/wokwi/13-openroad-fillinsertion/tt_um_rv32_linux_soc.nl.v line 21807, module sky130_fd_sc_hd__fill_2 not found. Creating black box for FILLER_0_1342.
Warning: /Users/cgeorges/rv32-linux-soc/build/experiments/soft-partition-screen/four-part-qualification/runs/wokwi/13-openroad-fillinsertion/tt_um_rv32_linux_soc.nl.v line 48251, module sky130_fd_sc_hd__tapvpwrvgnd_1 not found. Creating black box for TAP_TAPCELL_ROW_0_372.
DIAGNOSTIC transition=0.75 slew_violations=212 cap_violations=7
DIAGNOSTIC transition=1.0 slew_violations=20 cap_violations=7
DIAGNOSTIC transition=1.5 slew_violations=10 cap_violations=7
max slew

Pin                                        Limit        Slew       Slack
------------------------------------------------------------------------
_15176_/C1                              1.500000    2.594730   -1.094730 (VIOLATED)
_25583_/Y                               1.498388    2.575659   -1.077271 (VIOLATED)
_25584_/A_N                             1.500000    2.576308   -1.076308 (VIOLATED)
_25585_/A2                              1.500000    2.576036   -1.076037 (VIOLATED)
_26504_/A2                              1.500000    2.010012   -0.510012 (VIOLATED)
_26214_/A2                              1.500000    1.848591   -0.348592 (VIOLATED)
_26497_/X                               1.500000    1.753651   -0.253651 (VIOLATED)
_26205_/X                               1.500000    1.720788   -0.220788 (VIOLATED)
_15238_/B1                              1.500000    1.503123   -0.003123 (VIOLATED)
_25685_/Y                               1.498388    1.499799   -0.001411 (VIOLATED)

max capacitance

Pin                                        Limit         Cap       Slack
------------------------------------------------------------------------
_26497_/X                               0.200000    0.382078   -0.182078 (VIOLATED)
_26205_/X                               0.200000    0.355383   -0.155383 (VIOLATED)
_25583_/Y                               0.141917    0.247746   -0.105829 (VIOLATED)
_22420_/Y                               0.200000    0.264380   -0.064380 (VIOLATED)
_26547_/X                               0.200000    0.245712   -0.045712 (VIOLATED)
clkbuf_0_clk/X                          0.200000    0.209598   -0.009598 (VIOLATED)
_25685_/Y                               0.141917    0.143826   -0.001909 (VIOLATED)

