Warning: /Users/cgeorges/rv32-linux-soc/build/experiments/soft-partition-screen/four-part-qualification/runs/wokwi/13-openroad-fillinsertion/tt_um_rv32_linux_soc.nl.v line 21766, module sky130_ef_sc_hd__decap_12 not found. Creating black box for FILLER_0_1009.
Warning: /Users/cgeorges/rv32-linux-soc/build/experiments/soft-partition-screen/four-part-qualification/runs/wokwi/13-openroad-fillinsertion/tt_um_rv32_linux_soc.nl.v line 21783, module sky130_fd_sc_hd__fill_1 not found. Creating black box for FILLER_0_1147.
Warning: /Users/cgeorges/rv32-linux-soc/build/experiments/soft-partition-screen/four-part-qualification/runs/wokwi/13-openroad-fillinsertion/tt_um_rv32_linux_soc.nl.v line 21807, module sky130_fd_sc_hd__fill_2 not found. Creating black box for FILLER_0_1342.
Warning: /Users/cgeorges/rv32-linux-soc/build/experiments/soft-partition-screen/four-part-qualification/runs/wokwi/13-openroad-fillinsertion/tt_um_rv32_linux_soc.nl.v line 48251, module sky130_fd_sc_hd__tapvpwrvgnd_1 not found. Creating black box for TAP_TAPCELL_ROW_0_372.
DIAGNOSTIC transition=0.75 slew_violations=20 cap_violations=5
DIAGNOSTIC transition=1.0 slew_violations=8 cap_violations=5
DIAGNOSTIC transition=1.5 slew_violations=4 cap_violations=5
max slew

Pin                                        Limit        Slew       Slack
------------------------------------------------------------------------
_15176_/C1                              1.500000    1.709631   -0.209631 (VIOLATED)
_25583_/Y                               1.494397    1.700761   -0.206364 (VIOLATED)
_25584_/A_N                             1.500000    1.700936   -0.200936 (VIOLATED)
_25585_/A2                              1.500000    1.700872   -0.200872 (VIOLATED)

max capacitance

Pin                                        Limit         Cap       Slack
------------------------------------------------------------------------
_26497_/X                               0.200000    0.348277   -0.148277 (VIOLATED)
_26205_/X                               0.200000    0.330942   -0.130942 (VIOLATED)
_22420_/Y                               0.200000    0.245082   -0.045082 (VIOLATED)
_25583_/Y                               0.195017    0.225109   -0.030092 (VIOLATED)
_26547_/X                               0.200000    0.228814   -0.028815 (VIOLATED)

