
===========================================================================
report_checks -unconstrained
===========================================================================
======================= max_ss_100C_1v60 Corner ===================================

Startpoint: rst_n (input port clocked by clk)
Endpoint: _28918_ (recovery check against rising-edge clock clk)
Path Group: asynchronous
Path Type: max

Fanout         Cap        Slew       Delay        Time   Description
---------------------------------------------------------------------------------------------
                                  0.000000    0.000000   clock clk (rise edge)
                                  0.000000    0.000000   clock network delay (propagated)
                                 10.000000   10.000000 ^ input external delay
     1    0.003811    0.039031    0.022249   10.022249 ^ rst_n (in)
                                                         rst_n (net)
                      0.039031    0.000000   10.022249 ^ fanout2962/A (sky130_fd_sc_hd__clkdlybuf4s25_1)
     1    0.001855    0.060810    0.457579   10.479828 ^ fanout2962/X (sky130_fd_sc_hd__clkdlybuf4s25_1)
                                                         net2962 (net)
                      0.060810    0.000090   10.479918 ^ place8909/A (sky130_fd_sc_hd__buf_2)
     3    0.122520    0.927625    0.834620   11.314537 ^ place8909/X (sky130_fd_sc_hd__buf_2)
                                                         net8909 (net)
                      0.927641    0.003431   11.317968 ^ place8908/A (sky130_fd_sc_hd__buf_2)
    10    0.094622    0.721453    1.011316   12.329285 ^ place8908/X (sky130_fd_sc_hd__buf_2)
                                                         net8908 (net)
                      0.721480    0.005458   12.334743 ^ place8886/A (sky130_fd_sc_hd__buf_2)
    10    0.049078    0.382964    0.705076   13.039819 ^ place8886/X (sky130_fd_sc_hd__buf_2)
                                                         net8886 (net)
                      0.383160    0.008477   13.048295 ^ place8885/A (sky130_fd_sc_hd__buf_2)
     9    0.064147    0.493949    0.665612   13.713908 ^ place8885/X (sky130_fd_sc_hd__buf_2)
                                                         net8885 (net)
                      0.494181    0.005896   13.719804 ^ place8884/A (sky130_fd_sc_hd__buf_2)
     8    0.048577    0.378464    0.621820   14.341623 ^ place8884/X (sky130_fd_sc_hd__buf_2)
                                                         net8884 (net)
                      0.378972    0.010224   14.351848 ^ place8822/A (sky130_fd_sc_hd__buf_2)
     8    0.035695    0.284235    0.505259   14.857106 ^ place8822/X (sky130_fd_sc_hd__buf_2)
                                                         net8822 (net)
                      0.284324    0.005033   14.862140 ^ place8821/A (sky130_fd_sc_hd__buf_2)
     8    0.082569    0.633536    0.716699   15.578838 ^ place8821/X (sky130_fd_sc_hd__buf_2)
                                                         net8821 (net)
                      0.634671    0.023249   15.602087 ^ place8820/A (sky130_fd_sc_hd__buf_2)
     8    0.044539    0.349111    0.655168   16.257256 ^ place8820/X (sky130_fd_sc_hd__buf_2)
                                                         net8820 (net)
                      0.349261    0.007145   16.264400 ^ place8803/A (sky130_fd_sc_hd__buf_2)
    10    0.080283    0.615649    0.733705   16.998104 ^ place8803/X (sky130_fd_sc_hd__buf_2)
                                                         net8803 (net)
                      0.616314    0.017616   17.015720 ^ place8802/A (sky130_fd_sc_hd__buf_2)
    10    0.063343    0.485792    0.749690   17.765411 ^ place8802/X (sky130_fd_sc_hd__buf_2)
                                                         net8802 (net)
                      0.485994    0.003009   17.768419 ^ place8797/A (sky130_fd_sc_hd__buf_2)
    10    0.059297    0.458705    0.680995   18.449415 ^ place8797/X (sky130_fd_sc_hd__buf_2)
                                                         net8797 (net)
                      0.458705    0.001295   18.450710 ^ place8796/A (sky130_fd_sc_hd__buf_2)
     8    0.035977    0.286594    0.539703   18.990414 ^ place8796/X (sky130_fd_sc_hd__buf_2)
                                                         net8796 (net)
                      0.286639    0.003785   18.994198 ^ place8795/A (sky130_fd_sc_hd__buf_2)
     8    0.036507    0.289573    0.473531   19.467730 ^ place8795/X (sky130_fd_sc_hd__buf_2)
                                                         net8795 (net)
                      0.289584    0.002185   19.469913 ^ _28918_/RESET_B (sky130_fd_sc_hd__dfrtp_2)
                                             19.469913   data arrival time

                                 50.000000   50.000000   clock clk (rise edge)
                                  0.000000   50.000000   clock source latency
     2    0.084277    0.603579    0.410420   50.410419 ^ clk (in)
                                                         clk (net)
                      0.604346    0.000000   50.410419 ^ clkbuf_0_clk/A (sky130_fd_sc_hd__clkbuf_16)
     2    0.022778    0.078380    0.428191   50.838608 ^ clkbuf_0_clk/X (sky130_fd_sc_hd__clkbuf_16)
                                                         clknet_0_clk (net)
                      0.078380    0.000917   50.839527 ^ eco_lib15_clock_east11046/A (sky130_fd_sc_hd__clkbuf_16)
     4    0.089474    0.164133    0.279346   51.118874 ^ eco_lib15_clock_east11046/X (sky130_fd_sc_hd__clkbuf_16)
                                                         eco_lib15_clock_east_net11046 (net)
                      0.171501    0.025647   51.144520 ^ clkbuf_3_5_0_clk/A (sky130_fd_sc_hd__clkbuf_8)
     8    0.145643    0.390064    0.484643   51.629162 ^ clkbuf_3_5_0_clk/X (sky130_fd_sc_hd__clkbuf_8)
                                                         clknet_3_5_0_clk (net)
                      0.390930    0.014364   51.643528 ^ clkbuf_6_40__f_clk/A (sky130_fd_sc_hd__clkbuf_16)
     6    0.059841    0.122969    0.389019   52.032543 ^ clkbuf_6_40__f_clk/X (sky130_fd_sc_hd__clkbuf_16)
                                                         clknet_6_40__leaf_clk (net)
                      0.123010    0.002238   52.034782 ^ clkbuf_leaf_276_clk/A (sky130_fd_sc_hd__clkbuf_8)
    10    0.032880    0.112528    0.273626   52.308411 ^ clkbuf_leaf_276_clk/X (sky130_fd_sc_hd__clkbuf_8)
                                                         clknet_leaf_276_clk (net)
                      0.112566    0.001805   52.310215 ^ _28918_/CLK (sky130_fd_sc_hd__dfrtp_2)
                                 -0.250000   52.060215   clock uncertainty
                                  0.000000   52.060215   clock reconvergence pessimism
                                  0.365204   52.425419   library recovery time
                                             52.425419   data required time
---------------------------------------------------------------------------------------------
                                             52.425419   data required time
                                            -19.469913   data arrival time
---------------------------------------------------------------------------------------------
                                             32.955505   slack (MET)


Startpoint: _28478_ (rising edge-triggered flip-flop clocked by clk)
Endpoint: _27316_ (rising edge-triggered flip-flop clocked by clk)
Path Group: clk
Path Type: max

Fanout         Cap        Slew       Delay        Time   Description
---------------------------------------------------------------------------------------------
                                  0.000000    0.000000   clock clk (rise edge)
                                  0.000000    0.000000   clock source latency
     2    0.084277    0.603579    0.453624    0.453624 ^ clk (in)
                                                         clk (net)
                      0.604346    0.000000    0.453624 ^ clkbuf_0_clk/A (sky130_fd_sc_hd__clkbuf_16)
     2    0.022778    0.078380    0.473261    0.926885 ^ clkbuf_0_clk/X (sky130_fd_sc_hd__clkbuf_16)
                                                         clknet_0_clk (net)
                      0.078380    0.001085    0.927970 ^ eco_lib15_clock_west11045/A (sky130_fd_sc_hd__clkbuf_16)
     4    0.119709    0.208785    0.329827    1.257797 ^ eco_lib15_clock_west11045/X (sky130_fd_sc_hd__clkbuf_16)
                                                         eco_lib15_clock_west_net11045 (net)
                      0.224450    0.046132    1.303930 ^ clkbuf_3_1_0_clk/A (sky130_fd_sc_hd__clkbuf_8)
     8    0.149127    0.399471    0.567106    1.871035 ^ clkbuf_3_1_0_clk/X (sky130_fd_sc_hd__clkbuf_8)
                                                         clknet_3_1_0_clk (net)
                      0.400724    0.019249    1.890284 ^ clkbuf_6_10__f_clk/A (sky130_fd_sc_hd__clkbuf_16)
     6    0.056394    0.118321    0.431583    2.321868 ^ clkbuf_6_10__f_clk/X (sky130_fd_sc_hd__clkbuf_16)
                                                         clknet_6_10__leaf_clk (net)
                      0.118332    0.001317    2.323184 ^ clkbuf_leaf_318_clk/A (sky130_fd_sc_hd__clkbuf_8)
    10    0.036052    0.120008    0.305644    2.628828 ^ clkbuf_leaf_318_clk/X (sky130_fd_sc_hd__clkbuf_8)
                                                         clknet_leaf_318_clk (net)
                      0.120081    0.002854    2.631682 ^ _28478_/CLK (sky130_fd_sc_hd__dfrtp_2)
     6    0.028125    0.183285    1.004604    3.636286 v _28478_/Q (sky130_fd_sc_hd__dfrtp_2)
                                                         soc.cpu.instr[2] (net)
                      0.183353    0.003514    3.639800 v _22992_/A (sky130_fd_sc_hd__or4bb_2)
     8    0.061457    0.507629    2.087992    5.727792 v _22992_/X (sky130_fd_sc_hd__or4bb_2)
                                                         _11374_ (net)
                      0.507807    0.008918    5.736710 v _23341_/B2 (sky130_fd_sc_hd__o22ai_4)
     6    0.046678    0.618619    0.687633    6.424343 ^ _23341_/Y (sky130_fd_sc_hd__o22ai_4)
                                                         _11723_ (net)
                      0.618723    0.006704    6.431046 ^ _23342_/S (sky130_fd_sc_hd__mux2_1)
     1    0.002342    0.106719    0.895228    7.326274 v _23342_/X (sky130_fd_sc_hd__mux2_1)
                                                         _11724_ (net)
                      0.106719    0.000164    7.326439 v _23343_/A1 (sky130_fd_sc_hd__mux2_1)
     2    0.023701    0.286485    0.920011    8.246450 v _23343_/X (sky130_fd_sc_hd__mux2_1)
                                                         _11725_ (net)
                      0.286500    0.002451    8.248901 v _23349_/S (sky130_fd_sc_hd__mux2_1)
     3    0.010523    0.183995    0.917161    9.166063 v _23349_/X (sky130_fd_sc_hd__mux2_1)
                                                         _11731_ (net)
                      0.183995    0.000602    9.166665 v _23468_/A1 (sky130_fd_sc_hd__a21bo_2)
     2    0.016540    0.123610    0.498253    9.664918 v _23468_/X (sky130_fd_sc_hd__a21bo_2)
                                                         _11850_ (net)
                      0.123613    0.000739    9.665657 v _23471_/A1 (sky130_fd_sc_hd__a21oi_2)
     2    0.015588    0.340356    0.396478   10.062136 ^ _23471_/Y (sky130_fd_sc_hd__a21oi_2)
                                                         _11853_ (net)
                      0.340366    0.001563   10.063699 ^ _23472_/A2 (sky130_fd_sc_hd__o21bai_2)
     3    0.016844    0.197261    0.299324   10.363023 v _23472_/Y (sky130_fd_sc_hd__o21bai_2)
                                                         _11854_ (net)
                      0.197261    0.000655   10.363677 v _23476_/B1 (sky130_fd_sc_hd__a221o_2)
     3    0.013825    0.149108    0.783609   11.147286 v _23476_/X (sky130_fd_sc_hd__a221o_2)
                                                         _11858_ (net)
                      0.149109    0.000752   11.148038 v _23479_/A3 (sky130_fd_sc_hd__a311o_2)
     4    0.017813    0.165147    0.902292   12.050330 v _23479_/X (sky130_fd_sc_hd__a311o_2)
                                                         _11861_ (net)
                      0.165161    0.001506   12.051836 v _23493_/C (sky130_fd_sc_hd__and4_2)
     3    0.022725    0.156242    0.644482   12.696318 v _23493_/X (sky130_fd_sc_hd__and4_2)
                                                         _11875_ (net)
                      0.156300    0.002948   12.699266 v _23521_/A1 (sky130_fd_sc_hd__o211a_2)
     2    0.005930    0.085544    0.564230   13.263495 v _23521_/X (sky130_fd_sc_hd__o211a_2)
                                                         _11903_ (net)
                      0.085877    0.000411   13.263906 v _23527_/A1 (sky130_fd_sc_hd__o31a_2)
     4    0.014759    0.146162    0.774049   14.037956 v _23527_/X (sky130_fd_sc_hd__o31a_2)
                                                         _11909_ (net)
                      0.146165    0.000893   14.038849 v _23530_/A3 (sky130_fd_sc_hd__o311a_2)
     3    0.011194    0.135096    0.759167   14.798016 v _23530_/X (sky130_fd_sc_hd__o311a_2)
                                                         _11912_ (net)
                      0.135096    0.000468   14.798484 v _23531_/C (sky130_fd_sc_hd__or3_2)
     3    0.010327    0.208080    1.126545   15.925029 v _23531_/X (sky130_fd_sc_hd__or3_2)
                                                         _11913_ (net)
                      0.208080    0.000560   15.925589 v _23551_/C (sky130_fd_sc_hd__and4_2)
     2    0.011882    0.115456    0.612896   16.538485 v _23551_/X (sky130_fd_sc_hd__and4_2)
                                                         _11933_ (net)
                      0.115461    0.000959   16.539444 v _23560_/A1 (sky130_fd_sc_hd__o31ai_4)
     1    0.012861    0.376187    0.524631   17.064075 ^ _23560_/Y (sky130_fd_sc_hd__o31ai_4)
                                                         _11942_ (net)
                      0.376188    0.001009   17.065084 ^ place7386/A (sky130_fd_sc_hd__buf_2)
     5    0.035842    0.285128    0.505866   17.570950 ^ place7386/X (sky130_fd_sc_hd__buf_2)
                                                         net7386 (net)
                      0.285135    0.001943   17.572893 ^ _23596_/A1 (sky130_fd_sc_hd__a21oi_2)
     2    0.015973    0.163690    0.264832   17.837725 v _23596_/Y (sky130_fd_sc_hd__a21oi_2)
                                                         _11978_ (net)
                      0.163693    0.000995   17.838720 v _23597_/A2 (sky130_fd_sc_hd__a21oi_2)
     1    0.008821    0.226295    0.340313   18.179031 ^ _23597_/Y (sky130_fd_sc_hd__a21oi_2)
                                                         _11979_ (net)
                      0.226295    0.000705   18.179737 ^ _23598_/B (sky130_fd_sc_hd__xnor2_2)
     2    0.352596    6.538872    1.989593   20.169331 ^ _23598_/Y (sky130_fd_sc_hd__xnor2_2)
                                                         _11980_ (net)
                      6.569627    0.387695   20.557026 ^ _23599_/B1 (sky130_fd_sc_hd__a22o_2)
     3    0.053539    0.516064    2.027353   22.584377 ^ _23599_/X (sky130_fd_sc_hd__a22o_2)
                                                         _11981_ (net)
                      0.516192    0.008097   22.592474 ^ _23603_/B (sky130_fd_sc_hd__xor2_2)
     1    0.003012    0.130712    0.266880   22.859354 v _23603_/X (sky130_fd_sc_hd__xor2_2)
                                                         _11985_ (net)
                      0.130712    0.000185   22.859539 v _23738_/A (sky130_fd_sc_hd__or4_2)
     1    0.010589    0.271864    1.766605   24.626144 v _23738_/X (sky130_fd_sc_hd__or4_2)
                                                         _12120_ (net)
                      0.271864    0.000700   24.626844 v _23740_/C1 (sky130_fd_sc_hd__a2111o_2)
     1    0.006598    0.131684    0.925070   25.551914 v _23740_/X (sky130_fd_sc_hd__a2111o_2)
                                                         _12122_ (net)
                      0.131684    0.000488   25.552402 v _23741_/A2 (sky130_fd_sc_hd__o21a_2)
     2    0.003889    0.063443    0.405844   25.958246 v _23741_/X (sky130_fd_sc_hd__o21a_2)
                                                         _12123_ (net)
                      0.063443    0.000151   25.958397 v _23746_/B (sky130_fd_sc_hd__or2_2)
     4    0.039061    0.273208    0.872490   26.830887 v _23746_/X (sky130_fd_sc_hd__or2_2)
                                                         _12128_ (net)
                      0.273271    0.004283   26.835169 v _25230_/A1 (sky130_fd_sc_hd__o22ai_2)
     1    0.009227    0.368890    0.434490   27.269659 ^ _25230_/Y (sky130_fd_sc_hd__o22ai_2)
                                                         _03605_ (net)
                      0.368891    0.000764   27.270424 ^ place7275/A (sky130_fd_sc_hd__buf_2)
     5    0.083449    0.639320    0.758577   28.029001 ^ place7275/X (sky130_fd_sc_hd__buf_2)
                                                         net7275 (net)
                      0.639883    0.016552   28.045553 ^ _25231_/B1 (sky130_fd_sc_hd__a31o_2)
     2    0.074538    0.650923    0.858030   28.903582 ^ _25231_/X (sky130_fd_sc_hd__a31o_2)
                                                         _03606_ (net)
                      0.651660    0.015902   28.919485 ^ _25235_/B (sky130_fd_sc_hd__nor2_2)
     3    0.019902    0.185647    0.336970   29.256454 v _25235_/Y (sky130_fd_sc_hd__nor2_2)
                                                         _03610_ (net)
                      0.185648    0.001039   29.257494 v _25326_/C (sky130_fd_sc_hd__and4_2)
     8    0.068782    0.321829    0.821103   30.078596 v _25326_/X (sky130_fd_sc_hd__and4_2)
                                                         _03701_ (net)
                      0.322843    0.016403   30.094999 v _25338_/B (sky130_fd_sc_hd__nand2_2)
     1    0.002987    0.144218    0.205425   30.300425 ^ _25338_/Y (sky130_fd_sc_hd__nand2_2)
                                                         _03713_ (net)
                      0.144219    0.000220   30.300644 ^ _25339_/B1 (sky130_fd_sc_hd__o211a_2)
     3    0.016332    0.188760    0.522888   30.823532 ^ _25339_/X (sky130_fd_sc_hd__o211a_2)
                                                         _03714_ (net)
                      0.188770    0.001648   30.825182 ^ place7103/A (sky130_fd_sc_hd__buf_2)
    10    0.040514    0.319358    0.451518   31.276699 ^ place7103/X (sky130_fd_sc_hd__buf_2)
                                                         net7103 (net)
                      0.319542    0.004544   31.281244 ^ place7102/A (sky130_fd_sc_hd__buf_2)
     8    0.038086    0.301576    0.495053   31.776297 ^ place7102/X (sky130_fd_sc_hd__buf_2)
                                                         net7102 (net)
                      0.301612    0.003503   31.779799 ^ place7101/A (sky130_fd_sc_hd__buf_2)
    10    0.047513    0.371611    0.539703   32.319504 ^ place7101/X (sky130_fd_sc_hd__buf_2)
                                                         net7101 (net)
                      0.371655    0.004331   32.323833 ^ _25674_/S (sky130_fd_sc_hd__mux2_1)
     2    0.006163    0.142725    0.885507   33.209339 v _25674_/X (sky130_fd_sc_hd__mux2_1)
                                                         _04045_ (net)
                      0.142725    0.000423   33.209763 v _25675_/A0 (sky130_fd_sc_hd__mux2_1)
     2    0.008086    0.159981    0.762814   33.972576 v _25675_/X (sky130_fd_sc_hd__mux2_1)
                                                         _04046_ (net)
                      0.159981    0.000629   33.973206 v _25676_/A0 (sky130_fd_sc_hd__mux2_1)
     3    0.027359    0.316526    0.948596   34.921803 v _25676_/X (sky130_fd_sc_hd__mux2_1)
                                                         _04047_ (net)
                      0.316530    0.001680   34.923481 v _25994_/A0 (sky130_fd_sc_hd__mux2_1)
     3    0.008588    0.164939    0.846246   35.769730 v _25994_/X (sky130_fd_sc_hd__mux2_1)
                                                         _04357_ (net)
                      0.164939    0.000494   35.770222 v _26582_/B (sky130_fd_sc_hd__or2_2)
     2    0.005272    0.126310    0.714376   36.484596 v _26582_/X (sky130_fd_sc_hd__or2_2)
                                                         _04929_ (net)
                      0.126310    0.000409   36.485004 v _26589_/B (sky130_fd_sc_hd__and3_2)
     2    0.074346    0.350245    0.747292   37.232300 v _26589_/X (sky130_fd_sc_hd__and3_2)
                                                         _04936_ (net)
                      0.351637    0.017163   37.249462 v _26606_/C (sky130_fd_sc_hd__or4_2)
     1    0.002743    0.212269    1.606718   38.856178 v _26606_/X (sky130_fd_sc_hd__or4_2)
                                                         _04953_ (net)
                      0.212269    0.000203   38.856380 v _26607_/A3 (sky130_fd_sc_hd__a31o_2)
     1    0.033871    0.189680    0.677158   39.533539 v _26607_/X (sky130_fd_sc_hd__a31o_2)
                                                         _04954_ (net)
                      0.189799    0.004569   39.538109 v _26611_/A2 (sky130_fd_sc_hd__o22a_2)
     6    0.134525    0.617321    0.995602   40.533710 v _26611_/X (sky130_fd_sc_hd__o22a_2)
                                                         _04958_ (net)
                      0.618221    0.018485   40.552197 v place7009/A (sky130_fd_sc_hd__buf_2)
    10    0.029078    0.147824    0.616950   41.169147 v place7009/X (sky130_fd_sc_hd__buf_2)
                                                         net7009 (net)
                      0.147848    0.002039   41.171185 v place7008/A (sky130_fd_sc_hd__buf_2)
     9    0.037501    0.178840    0.409262   41.580448 v place7008/X (sky130_fd_sc_hd__buf_2)
                                                         net7008 (net)
                      0.179106    0.006427   41.586872 v place7007/A (sky130_fd_sc_hd__buf_2)
     9    0.046207    0.213682    0.453298   42.040173 v place7007/X (sky130_fd_sc_hd__buf_2)
                                                         net7007 (net)
                      0.213994    0.007585   42.047756 v place7006/A (sky130_fd_sc_hd__buf_2)
     5    0.024757    0.128510    0.401730   42.449486 v place7006/X (sky130_fd_sc_hd__buf_2)
                                                         net7006 (net)
                      0.128583    0.002967   42.452454 v _13691_/A1 (sky130_fd_sc_hd__mux2_1)
     1    0.002053    0.102949    0.692307   43.144760 v _13691_/X (sky130_fd_sc_hd__mux2_1)
                                                         _00632_ (net)
                      0.102949    0.000153   43.144913 v _27316_/D (sky130_fd_sc_hd__dfxtp_2)
                                             43.144913   data arrival time

                                 50.000000   50.000000   clock clk (rise edge)
                                  0.000000   50.000000   clock source latency
     2    0.084277    0.603579    0.410420   50.410419 ^ clk (in)
                                                         clk (net)
                      0.604346    0.000000   50.410419 ^ clkbuf_0_clk/A (sky130_fd_sc_hd__clkbuf_16)
     2    0.022778    0.078380    0.428191   50.838608 ^ clkbuf_0_clk/X (sky130_fd_sc_hd__clkbuf_16)
                                                         clknet_0_clk (net)
                      0.078380    0.000917   50.839527 ^ eco_lib15_clock_east11046/A (sky130_fd_sc_hd__clkbuf_16)
     4    0.089474    0.164133    0.279346   51.118874 ^ eco_lib15_clock_east11046/X (sky130_fd_sc_hd__clkbuf_16)
                                                         eco_lib15_clock_east_net11046 (net)
                      0.171987    0.026493   51.145367 ^ clkbuf_3_7_0_clk/A (sky130_fd_sc_hd__clkbuf_8)
     8    0.141423    0.380765    0.471694   51.617058 ^ clkbuf_3_7_0_clk/X (sky130_fd_sc_hd__clkbuf_8)
                                                         clknet_3_7_0_clk (net)
                      0.382229    0.018463   51.635521 ^ clkbuf_6_59__f_clk/A (sky130_fd_sc_hd__clkbuf_16)
     6    0.044526    0.102295    0.370914   52.006435 ^ clkbuf_6_59__f_clk/X (sky130_fd_sc_hd__clkbuf_16)
                                                         clknet_6_59__leaf_clk (net)
                      0.102434    0.001918   52.008354 ^ clkbuf_leaf_196_clk/A (sky130_fd_sc_hd__clkbuf_8)
    12    0.034194    0.115593    0.266855   52.275211 ^ clkbuf_leaf_196_clk/X (sky130_fd_sc_hd__clkbuf_8)
                                                         clknet_leaf_196_clk (net)
                      0.115625    0.001787   52.276997 ^ _27316_/CLK (sky130_fd_sc_hd__dfxtp_2)
                                 -0.250000   52.026997   clock uncertainty
                                  0.088275   52.115269   clock reconvergence pessimism
                                 -0.275716   51.839554   library setup time
                                             51.839554   data required time
---------------------------------------------------------------------------------------------
                                             51.839554   data required time
                                            -43.144913   data arrival time
---------------------------------------------------------------------------------------------
                                              8.694642   slack (MET)




===========================================================================
report_checks --slack_max -0.01
============================================================================
======================= max_ss_100C_1v60 Corner ===================================

No paths found.


===========================================================================
 report_check_types -max_slew -max_cap -max_fanout -violators
============================================================================
======================= max_ss_100C_1v60 Corner ===================================

max slew

Pin                                        Limit        Slew       Slack
------------------------------------------------------------------------
_23599_/B1                              1.500000    6.569627   -5.069627 (VIOLATED)
_26547_/B                               1.500000    6.569588   -5.069588 (VIOLATED)
_23598_/Y                               1.492525    6.538872   -5.046347 (VIOLATED)
_26462_/B1                              1.500000    5.286896   -3.786895 (VIOLATED)
_26460_/Y                               1.498826    5.274120   -3.775294 (VIOLATED)
_23331_/A2                              1.500000    3.913407   -2.413407 (VIOLATED)
_23329_/B                               1.500000    3.911453   -2.411453 (VIOLATED)
_23330_/B                               1.500000    3.910530   -2.410530 (VIOLATED)
_15352_/A2                              1.500000    3.910377   -2.410377 (VIOLATED)
_23328_/X                               1.499100    3.793437   -2.294337 (VIOLATED)
_26098_/B1                              1.500000    3.680717   -2.180717 (VIOLATED)
ANTENNA_46/DIODE                        1.500000    3.680707   -2.180707 (VIOLATED)
_15598_/B                               1.500000    3.560528   -2.060528 (VIOLATED)
_15644_/B1_N                            1.500000    3.512630   -2.012630 (VIOLATED)
ANTENNA_53/DIODE                        1.500000    3.512595   -2.012595 (VIOLATED)
ANTENNA_264/DIODE                       1.500000    3.497972   -1.997972 (VIOLATED)
ANTENNA_261/DIODE                       1.500000    3.497965   -1.997965 (VIOLATED)
ANTENNA_262/DIODE                       1.500000    3.497966   -1.997966 (VIOLATED)
ANTENNA_259/DIODE                       1.500000    3.497963   -1.997963 (VIOLATED)
ANTENNA_263/DIODE                       1.500000    3.497946   -1.997946 (VIOLATED)
ANTENNA_265/DIODE                       1.500000    3.497943   -1.997943 (VIOLATED)
ANTENNA_255/DIODE                       1.500000    3.497768   -1.997768 (VIOLATED)
_15689_/B1_N                            1.500000    3.497729   -1.997729 (VIOLATED)
ANTENNA_256/DIODE                       1.500000    3.497472   -1.997472 (VIOLATED)
ANTENNA_257/DIODE                       1.500000    3.497276   -1.997276 (VIOLATED)
ANTENNA_258/DIODE                       1.500000    3.497266   -1.997266 (VIOLATED)
ANTENNA_260/DIODE                       1.500000    3.497260   -1.997260 (VIOLATED)
_26097_/X                               1.500000    3.496636   -1.996636 (VIOLATED)
_26287_/A2                              1.500000    3.419966   -1.919966 (VIOLATED)
_26314_/B1                              1.500000    3.419964   -1.919964 (VIOLATED)
_26286_/Y                               1.500000    3.419214   -1.919214 (VIOLATED)
_26361_/A2                              1.500000    3.387255   -1.887255 (VIOLATED)
_26377_/B1                              1.500000    3.387256   -1.887256 (VIOLATED)
_26360_/X                               1.500000    3.386123   -1.886123 (VIOLATED)
_26437_/A2                              1.500000    3.340477   -1.840478 (VIOLATED)
_26462_/A2                              1.500000    3.340477   -1.840478 (VIOLATED)
_26436_/Y                               1.500000    3.340444   -1.840444 (VIOLATED)
_26069_/A2                              1.500000    3.216742   -1.716742 (VIOLATED)
ANTENNA_44/DIODE                        1.500000    3.216737   -1.716737 (VIOLATED)
_26098_/A2                              1.500000    3.216734   -1.716735 (VIOLATED)
ANTENNA_45/DIODE                        1.500000    3.216711   -1.716711 (VIOLATED)
ANTENNA_43/DIODE                        1.500000    3.147327   -1.647327 (VIOLATED)
_15467_/B1_N                            1.500000    3.147310   -1.647310 (VIOLATED)
_26062_/X                               1.500000    3.146611   -1.646611 (VIOLATED)
_23599_/A1                              1.500000    3.085651   -1.585651 (VIOLATED)
_25447_/A0                              1.500000    3.085591   -1.585591 (VIOLATED)
_25291_/A1                              1.500000    3.085435   -1.585435 (VIOLATED)
_24945_/A2                              1.500000    3.084771   -1.584771 (VIOLATED)
_24748_/A2                              1.500000    3.007617   -1.507617 (VIOLATED)
_26569_/A2                              1.500000    2.968486   -1.468486 (VIOLATED)
_25377_/B                               1.500000    2.968480   -1.468480 (VIOLATED)
_25378_/B                               1.500000    2.968481   -1.468481 (VIOLATED)
_25353_/B                               1.500000    2.968477   -1.468477 (VIOLATED)
_25489_/A0                              1.500000    2.968450   -1.468450 (VIOLATED)
_25248_/A1                              1.500000    2.968436   -1.468436 (VIOLATED)
place8453/X                             1.500000    2.968268   -1.468268 (VIOLATED)
_19641_/B1                              1.500000    2.926782   -1.426782 (VIOLATED)
_22428_/Y                               1.498289    2.922565   -1.424276 (VIOLATED)
_23282_/B                               1.500000    2.923847   -1.423847 (VIOLATED)
ANTENNA_103/DIODE                       1.500000    2.923435   -1.423435 (VIOLATED)
_26393_/A3                              1.500000    2.354128   -0.854128 (VIOLATED)
_15234_/A                               1.500000    2.300890   -0.800891 (VIOLATED)
_15233_/A                               1.500000    2.300885   -0.800885 (VIOLATED)
_15232_/A                               1.500000    2.300868   -0.800868 (VIOLATED)
_15924_/A1                              1.500000    2.294001   -0.794001 (VIOLATED)
_15923_/A1                              1.500000    2.293994   -0.793994 (VIOLATED)
place8531/A                             1.500000    2.293895   -0.793895 (VIOLATED)
ANTENNA_339/DIODE                       1.500000    2.293885   -0.793885 (VIOLATED)
_25345_/A1                              1.500000    2.293753   -0.793753 (VIOLATED)
ANTENNA_368/DIODE                       1.500000    2.293746   -0.793746 (VIOLATED)
_26389_/X                               1.500000    2.292098   -0.792098 (VIOLATED)
ANTENNA_338/DIODE                       1.500000    2.290700   -0.790700 (VIOLATED)
_23383_/D                               1.500000    2.290636   -0.790636 (VIOLATED)
place8532/X                             1.500000    2.290205   -0.790205 (VIOLATED)
_15275_/A                               1.500000    1.969535   -0.469535 (VIOLATED)
_15276_/A                               1.500000    1.969468   -0.469468 (VIOLATED)
_15274_/A                               1.500000    1.969456   -0.469456 (VIOLATED)
_22377_/A                               1.500000    1.948580   -0.448580 (VIOLATED)
_23344_/A                               1.500000    1.948571   -0.448571 (VIOLATED)
_23383_/A                               1.500000    1.948558   -0.448559 (VIOLATED)
_28502_/Q                               1.499801    1.948327   -0.448526 (VIOLATED)
place8529/A                             1.500000    1.948495   -0.448495 (VIOLATED)
_23445_/A0                              1.500000    1.948439   -0.448440 (VIOLATED)
_23649_/Y                               1.492525    1.863684   -0.371159 (VIOLATED)
_25954_/B                               1.500000    1.863881   -0.363881 (VIOLATED)
_23650_/B1                              1.500000    1.863876   -0.363876 (VIOLATED)
_15861_/A2                              1.500000    1.819802   -0.319802 (VIOLATED)
ANTENNA_71/DIODE                        1.500000    1.819797   -0.319797 (VIOLATED)
ANTENNA_70/DIODE                        1.500000    1.819769   -0.319769 (VIOLATED)
ANTENNA_72/DIODE                        1.500000    1.819747   -0.319747 (VIOLATED)
_26709_/A2                              1.500000    1.807420   -0.307420 (VIOLATED)
_26695_/A2                              1.500000    1.807385   -0.307385 (VIOLATED)
_26692_/Y                               1.500000    1.807294   -0.307295 (VIOLATED)
_25645_/C1                              1.500000    1.780231   -0.280231 (VIOLATED)
ANTENNA_251/DIODE                       1.500000    1.780202   -0.280202 (VIOLATED)
_15322_/B1                              1.500000    1.770396   -0.270396 (VIOLATED)
_25644_/X                               1.499100    1.769483   -0.270383 (VIOLATED)
_25851_/X                               1.500000    1.741878   -0.241878 (VIOLATED)
_25853_/A2                              1.500000    1.741878   -0.241878 (VIOLATED)
_25873_/A2                              1.500000    1.741878   -0.241878 (VIOLATED)
_23593_/Y                               1.492525    1.733572   -0.241047 (VIOLATED)
_23594_/B1                              1.500000    1.734082   -0.234082 (VIOLATED)
_26650_/B                               1.500000    1.734075   -0.234075 (VIOLATED)
_24722_/B                               1.500000    1.678186   -0.178186 (VIOLATED)
_25970_/A2                              1.500000    1.678175   -0.178175 (VIOLATED)
_22429_/Y                               1.498289    1.675303   -0.177014 (VIOLATED)
_23274_/B                               1.500000    1.676589   -0.176589 (VIOLATED)
_23491_/A                               1.500000    1.676572   -0.176572 (VIOLATED)
_19316_/A                               1.500000    1.675533   -0.175533 (VIOLATED)
_19638_/B2                              1.500000    1.675517   -0.175517 (VIOLATED)
ANTENNA_289/DIODE                       1.500000    1.675516   -0.175516 (VIOLATED)
_20071_/A1                              1.500000    1.510726   -0.010726 (VIOLATED)
_19795_/A1                              1.500000    1.510711   -0.010711 (VIOLATED)
_24707_/C                               1.500000    1.510605   -0.010605 (VIOLATED)
_14513_/A1                              1.500000    1.510430   -0.010430 (VIOLATED)
_14547_/A1                              1.500000    1.510399   -0.010399 (VIOLATED)
_14609_/A1                              1.500000    1.510070   -0.010070 (VIOLATED)
ANTENNA_139/DIODE                       1.500000    1.510069   -0.010069 (VIOLATED)
_24706_/X                               1.498948    1.502423   -0.003475 (VIOLATED)
_14581_/A1                              1.500000    1.502940   -0.002940 (VIOLATED)
_22323_/A2                              1.500000    1.502833   -0.002834 (VIOLATED)

max fanout

Pin                                   Limit Fanout  Slack
---------------------------------------------------------
place7038/X                              10     20    -10 (VIOLATED)
place8480/X                              10     18     -8 (VIOLATED)
wire8917/X                               10     18     -8 (VIOLATED)
place8198/X                              10     17     -7 (VIOLATED)
_23766_/X                                10     16     -6 (VIOLATED)
_25437_/X                                10     16     -6 (VIOLATED)
place8194/X                              10     16     -6 (VIOLATED)
_25656_/X                                10     14     -4 (VIOLATED)
_25880_/X                                10     14     -4 (VIOLATED)
_26436_/Y                                10     14     -4 (VIOLATED)
_26542_/X                                10     14     -4 (VIOLATED)
clkbuf_leaf_142_clk/X                    10     14     -4 (VIOLATED)
clkbuf_leaf_165_clk/X                    10     14     -4 (VIOLATED)
place7485/X                              10     14     -4 (VIOLATED)
place8439/X                              10     14     -4 (VIOLATED)
clkbuf_leaf_101_clk/X                    10     13     -3 (VIOLATED)
clkbuf_leaf_118_clk/X                    10     13     -3 (VIOLATED)
clkbuf_leaf_119_clk/X                    10     13     -3 (VIOLATED)
clkbuf_leaf_120_clk/X                    10     13     -3 (VIOLATED)
clkbuf_leaf_128_clk/X                    10     13     -3 (VIOLATED)
clkbuf_leaf_134_clk/X                    10     13     -3 (VIOLATED)
clkbuf_leaf_138_clk/X                    10     13     -3 (VIOLATED)
clkbuf_leaf_143_clk/X                    10     13     -3 (VIOLATED)
clkbuf_leaf_146_clk/X                    10     13     -3 (VIOLATED)
clkbuf_leaf_150_clk/X                    10     13     -3 (VIOLATED)
clkbuf_leaf_151_clk/X                    10     13     -3 (VIOLATED)
clkbuf_leaf_160_clk/X                    10     13     -3 (VIOLATED)
clkbuf_leaf_161_clk/X                    10     13     -3 (VIOLATED)
clkbuf_leaf_163_clk/X                    10     13     -3 (VIOLATED)
clkbuf_leaf_166_clk/X                    10     13     -3 (VIOLATED)
clkbuf_leaf_170_clk/X                    10     13     -3 (VIOLATED)
clkbuf_leaf_178_clk/X                    10     13     -3 (VIOLATED)
clkbuf_leaf_180_clk/X                    10     13     -3 (VIOLATED)
clkbuf_leaf_181_clk/X                    10     13     -3 (VIOLATED)
clkbuf_leaf_200_clk/X                    10     13     -3 (VIOLATED)
clkbuf_leaf_202_clk/X                    10     13     -3 (VIOLATED)
clkbuf_leaf_239_clk/X                    10     13     -3 (VIOLATED)
clkbuf_leaf_241_clk/X                    10     13     -3 (VIOLATED)
clkbuf_leaf_243_clk/X                    10     13     -3 (VIOLATED)
clkbuf_leaf_249_clk/X                    10     13     -3 (VIOLATED)
clkbuf_leaf_252_clk/X                    10     13     -3 (VIOLATED)
clkbuf_leaf_253_clk/X                    10     13     -3 (VIOLATED)
clkbuf_leaf_254_clk/X                    10     13     -3 (VIOLATED)
clkbuf_leaf_26_clk/X                     10     13     -3 (VIOLATED)
clkbuf_leaf_273_clk/X                    10     13     -3 (VIOLATED)
clkbuf_leaf_287_clk/X                    10     13     -3 (VIOLATED)
clkbuf_leaf_29_clk/X                     10     13     -3 (VIOLATED)
clkbuf_leaf_311_clk/X                    10     13     -3 (VIOLATED)
clkbuf_leaf_32_clk/X                     10     13     -3 (VIOLATED)
clkbuf_leaf_44_clk/X                     10     13     -3 (VIOLATED)
clkbuf_leaf_49_clk/X                     10     13     -3 (VIOLATED)
clkbuf_leaf_51_clk/X                     10     13     -3 (VIOLATED)
clkbuf_leaf_53_clk/X                     10     13     -3 (VIOLATED)
clkbuf_leaf_86_clk/X                     10     13     -3 (VIOLATED)
clkbuf_leaf_91_clk/X                     10     13     -3 (VIOLATED)
clkbuf_leaf_9_clk/X                      10     13     -3 (VIOLATED)
place8142/X                              10     13     -3 (VIOLATED)
place8436/X                              10     13     -3 (VIOLATED)
place8475/X                              10     13     -3 (VIOLATED)
place8483/X                              10     13     -3 (VIOLATED)
wire8949/X                               10     13     -3 (VIOLATED)
_20872_/X                                10     12     -2 (VIOLATED)
_23850_/X                                10     12     -2 (VIOLATED)
_24749_/X                                10     12     -2 (VIOLATED)
_24834_/X                                10     12     -2 (VIOLATED)
_25596_/X                                10     12     -2 (VIOLATED)
_26680_/X                                10     12     -2 (VIOLATED)
_28496_/Q                                10     12     -2 (VIOLATED)
_28528_/Q                                10     12     -2 (VIOLATED)
_28555_/Q                                10     12     -2 (VIOLATED)
clkbuf_leaf_102_clk/X                    10     12     -2 (VIOLATED)
clkbuf_leaf_103_clk/X                    10     12     -2 (VIOLATED)
clkbuf_leaf_104_clk/X                    10     12     -2 (VIOLATED)
clkbuf_leaf_105_clk/X                    10     12     -2 (VIOLATED)
clkbuf_leaf_106_clk/X                    10     12     -2 (VIOLATED)
clkbuf_leaf_107_clk/X                    10     12     -2 (VIOLATED)
clkbuf_leaf_108_clk/X                    10     12     -2 (VIOLATED)
clkbuf_leaf_109_clk/X                    10     12     -2 (VIOLATED)
clkbuf_leaf_110_clk/X                    10     12     -2 (VIOLATED)
clkbuf_leaf_112_clk/X                    10     12     -2 (VIOLATED)
clkbuf_leaf_113_clk/X                    10     12     -2 (VIOLATED)
clkbuf_leaf_114_clk/X                    10     12     -2 (VIOLATED)
clkbuf_leaf_115_clk/X                    10     12     -2 (VIOLATED)
clkbuf_leaf_116_clk/X                    10     12     -2 (VIOLATED)
clkbuf_leaf_11_clk/X                     10     12     -2 (VIOLATED)
clkbuf_leaf_127_clk/X                    10     12     -2 (VIOLATED)
clkbuf_leaf_129_clk/X                    10     12     -2 (VIOLATED)
clkbuf_leaf_12_clk/X                     10     12     -2 (VIOLATED)
clkbuf_leaf_132_clk/X                    10     12     -2 (VIOLATED)
clkbuf_leaf_133_clk/X                    10     12     -2 (VIOLATED)
clkbuf_leaf_136_clk/X                    10     12     -2 (VIOLATED)
clkbuf_leaf_137_clk/X                    10     12     -2 (VIOLATED)
clkbuf_leaf_139_clk/X                    10     12     -2 (VIOLATED)
clkbuf_leaf_13_clk/X                     10     12     -2 (VIOLATED)
clkbuf_leaf_140_clk/X                    10     12     -2 (VIOLATED)
clkbuf_leaf_141_clk/X                    10     12     -2 (VIOLATED)
clkbuf_leaf_145_clk/X                    10     12     -2 (VIOLATED)
clkbuf_leaf_147_clk/X                    10     12     -2 (VIOLATED)
clkbuf_leaf_148_clk/X                    10     12     -2 (VIOLATED)
clkbuf_leaf_153_clk/X                    10     12     -2 (VIOLATED)
clkbuf_leaf_155_clk/X                    10     12     -2 (VIOLATED)
clkbuf_leaf_15_clk/X                     10     12     -2 (VIOLATED)
clkbuf_leaf_162_clk/X                    10     12     -2 (VIOLATED)
clkbuf_leaf_167_clk/X                    10     12     -2 (VIOLATED)
clkbuf_leaf_168_clk/X                    10     12     -2 (VIOLATED)
clkbuf_leaf_16_clk/X                     10     12     -2 (VIOLATED)
clkbuf_leaf_171_clk/X                    10     12     -2 (VIOLATED)
clkbuf_leaf_172_clk/X                    10     12     -2 (VIOLATED)
clkbuf_leaf_173_clk/X                    10     12     -2 (VIOLATED)
clkbuf_leaf_174_clk/X                    10     12     -2 (VIOLATED)
clkbuf_leaf_176_clk/X                    10     12     -2 (VIOLATED)
clkbuf_leaf_177_clk/X                    10     12     -2 (VIOLATED)
clkbuf_leaf_179_clk/X                    10     12     -2 (VIOLATED)
clkbuf_leaf_182_clk/X                    10     12     -2 (VIOLATED)
clkbuf_leaf_183_clk/X                    10     12     -2 (VIOLATED)
clkbuf_leaf_184_clk/X                    10     12     -2 (VIOLATED)
clkbuf_leaf_185_clk/X                    10     12     -2 (VIOLATED)
clkbuf_leaf_186_clk/X                    10     12     -2 (VIOLATED)
clkbuf_leaf_187_clk/X                    10     12     -2 (VIOLATED)
clkbuf_leaf_189_clk/X                    10     12     -2 (VIOLATED)
clkbuf_leaf_190_clk/X                    10     12     -2 (VIOLATED)
clkbuf_leaf_191_clk/X                    10     12     -2 (VIOLATED)
clkbuf_leaf_194_clk/X                    10     12     -2 (VIOLATED)
clkbuf_leaf_195_clk/X                    10     12     -2 (VIOLATED)
clkbuf_leaf_196_clk/X                    10     12     -2 (VIOLATED)
clkbuf_leaf_199_clk/X                    10     12     -2 (VIOLATED)
clkbuf_leaf_19_clk/X                     10     12     -2 (VIOLATED)
clkbuf_leaf_205_clk/X                    10     12     -2 (VIOLATED)
clkbuf_leaf_206_clk/X                    10     12     -2 (VIOLATED)
clkbuf_leaf_207_clk/X                    10     12     -2 (VIOLATED)
clkbuf_leaf_209_clk/X                    10     12     -2 (VIOLATED)
clkbuf_leaf_20_clk/X                     10     12     -2 (VIOLATED)
clkbuf_leaf_210_clk/X                    10     12     -2 (VIOLATED)
clkbuf_leaf_212_clk/X                    10     12     -2 (VIOLATED)
clkbuf_leaf_213_clk/X                    10     12     -2 (VIOLATED)
clkbuf_leaf_217_clk/X                    10     12     -2 (VIOLATED)
clkbuf_leaf_218_clk/X                    10     12     -2 (VIOLATED)
clkbuf_leaf_219_clk/X                    10     12     -2 (VIOLATED)
clkbuf_leaf_21_clk/X                     10     12     -2 (VIOLATED)
clkbuf_leaf_220_clk/X                    10     12     -2 (VIOLATED)
clkbuf_leaf_221_clk/X                    10     12     -2 (VIOLATED)
clkbuf_leaf_223_clk/X                    10     12     -2 (VIOLATED)
clkbuf_leaf_225_clk/X                    10     12     -2 (VIOLATED)
clkbuf_leaf_226_clk/X                    10     12     -2 (VIOLATED)
clkbuf_leaf_227_clk/X                    10     12     -2 (VIOLATED)
clkbuf_leaf_229_clk/X                    10     12     -2 (VIOLATED)
clkbuf_leaf_22_clk/X                     10     12     -2 (VIOLATED)
clkbuf_leaf_230_clk/X                    10     12     -2 (VIOLATED)
clkbuf_leaf_231_clk/X                    10     12     -2 (VIOLATED)
clkbuf_leaf_232_clk/X                    10     12     -2 (VIOLATED)
clkbuf_leaf_234_clk/X                    10     12     -2 (VIOLATED)
clkbuf_leaf_235_clk/X                    10     12     -2 (VIOLATED)
clkbuf_leaf_236_clk/X                    10     12     -2 (VIOLATED)
clkbuf_leaf_237_clk/X                    10     12     -2 (VIOLATED)
clkbuf_leaf_238_clk/X                    10     12     -2 (VIOLATED)
clkbuf_leaf_240_clk/X                    10     12     -2 (VIOLATED)
clkbuf_leaf_24_clk/X                     10     12     -2 (VIOLATED)
clkbuf_leaf_257_clk/X                    10     12     -2 (VIOLATED)
clkbuf_leaf_258_clk/X                    10     12     -2 (VIOLATED)
clkbuf_leaf_259_clk/X                    10     12     -2 (VIOLATED)
clkbuf_leaf_25_clk/X                     10     12     -2 (VIOLATED)
clkbuf_leaf_260_clk/X                    10     12     -2 (VIOLATED)
clkbuf_leaf_261_clk/X                    10     12     -2 (VIOLATED)
clkbuf_leaf_263_clk/X                    10     12     -2 (VIOLATED)
clkbuf_leaf_264_clk/X                    10     12     -2 (VIOLATED)
clkbuf_leaf_265_clk/X                    10     12     -2 (VIOLATED)
clkbuf_leaf_266_clk/X                    10     12     -2 (VIOLATED)
clkbuf_leaf_267_clk/X                    10     12     -2 (VIOLATED)
clkbuf_leaf_27_clk/X                     10     12     -2 (VIOLATED)
clkbuf_leaf_284_clk/X                    10     12     -2 (VIOLATED)
clkbuf_leaf_285_clk/X                    10     12     -2 (VIOLATED)
clkbuf_leaf_288_clk/X                    10     12     -2 (VIOLATED)
clkbuf_leaf_28_clk/X                     10     12     -2 (VIOLATED)
clkbuf_leaf_290_clk/X                    10     12     -2 (VIOLATED)
clkbuf_leaf_291_clk/X                    10     12     -2 (VIOLATED)
clkbuf_leaf_292_clk/X                    10     12     -2 (VIOLATED)
clkbuf_leaf_294_clk/X                    10     12     -2 (VIOLATED)
clkbuf_leaf_295_clk/X                    10     12     -2 (VIOLATED)
clkbuf_leaf_296_clk/X                    10     12     -2 (VIOLATED)
clkbuf_leaf_299_clk/X                    10     12     -2 (VIOLATED)
clkbuf_leaf_300_clk/X                    10     12     -2 (VIOLATED)
clkbuf_leaf_302_clk/X                    10     12     -2 (VIOLATED)
clkbuf_leaf_303_clk/X                    10     12     -2 (VIOLATED)
clkbuf_leaf_30_clk/X                     10     12     -2 (VIOLATED)
clkbuf_leaf_312_clk/X                    10     12     -2 (VIOLATED)
clkbuf_leaf_313_clk/X                    10     12     -2 (VIOLATED)
clkbuf_leaf_314_clk/X                    10     12     -2 (VIOLATED)
clkbuf_leaf_316_clk/X                    10     12     -2 (VIOLATED)
clkbuf_leaf_317_clk/X                    10     12     -2 (VIOLATED)
clkbuf_leaf_33_clk/X                     10     12     -2 (VIOLATED)
clkbuf_leaf_37_clk/X                     10     12     -2 (VIOLATED)
clkbuf_leaf_38_clk/X                     10     12     -2 (VIOLATED)
clkbuf_leaf_40_clk/X                     10     12     -2 (VIOLATED)
clkbuf_leaf_41_clk/X                     10     12     -2 (VIOLATED)
clkbuf_leaf_42_clk/X                     10     12     -2 (VIOLATED)
clkbuf_leaf_43_clk/X                     10     12     -2 (VIOLATED)
clkbuf_leaf_45_clk/X                     10     12     -2 (VIOLATED)
clkbuf_leaf_46_clk/X                     10     12     -2 (VIOLATED)
clkbuf_leaf_47_clk/X                     10     12     -2 (VIOLATED)
clkbuf_leaf_50_clk/X                     10     12     -2 (VIOLATED)
clkbuf_leaf_59_clk/X                     10     12     -2 (VIOLATED)
clkbuf_leaf_5_clk/X                      10     12     -2 (VIOLATED)
clkbuf_leaf_60_clk/X                     10     12     -2 (VIOLATED)
clkbuf_leaf_67_clk/X                     10     12     -2 (VIOLATED)
clkbuf_leaf_68_clk/X                     10     12     -2 (VIOLATED)
clkbuf_leaf_69_clk/X                     10     12     -2 (VIOLATED)
clkbuf_leaf_70_clk/X                     10     12     -2 (VIOLATED)
clkbuf_leaf_71_clk/X                     10     12     -2 (VIOLATED)
clkbuf_leaf_75_clk/X                     10     12     -2 (VIOLATED)
clkbuf_leaf_77_clk/X                     10     12     -2 (VIOLATED)
clkbuf_leaf_78_clk/X                     10     12     -2 (VIOLATED)
clkbuf_leaf_79_clk/X                     10     12     -2 (VIOLATED)
clkbuf_leaf_7_clk/X                      10     12     -2 (VIOLATED)
clkbuf_leaf_80_clk/X                     10     12     -2 (VIOLATED)
clkbuf_leaf_81_clk/X                     10     12     -2 (VIOLATED)
clkbuf_leaf_87_clk/X                     10     12     -2 (VIOLATED)
clkbuf_leaf_89_clk/X                     10     12     -2 (VIOLATED)
clkbuf_leaf_90_clk/X                     10     12     -2 (VIOLATED)
clkbuf_leaf_95_clk/X                     10     12     -2 (VIOLATED)
clkbuf_leaf_96_clk/X                     10     12     -2 (VIOLATED)
clkbuf_leaf_98_clk/X                     10     12     -2 (VIOLATED)
place7279/X                              10     12     -2 (VIOLATED)
place7662/X                              10     12     -2 (VIOLATED)
place8150/X                              10     12     -2 (VIOLATED)
place8192/X                              10     12     -2 (VIOLATED)
place8193/X                              10     12     -2 (VIOLATED)
place8412/X                              10     12     -2 (VIOLATED)
place8417/X                              10     12     -2 (VIOLATED)
place8527/X                              10     12     -2 (VIOLATED)
_23852_/X                                10     11        (VIOLATED)
_23859_/X                                10     11        (VIOLATED)
_24573_/X                                10     11        (VIOLATED)
_24805_/X                                10     11        (VIOLATED)
_24820_/X                                10     11        (VIOLATED)
_24885_/X                                10     11        (VIOLATED)
_28175_/Q                                10     11        (VIOLATED)
_28180_/Q                                10     11        (VIOLATED)
_28473_/Q                                10     11        (VIOLATED)
_28521_/Q                                10     11        (VIOLATED)
_28523_/Q                                10     11        (VIOLATED)
_28540_/Q                                10     11        (VIOLATED)
_28569_/Q                                10     11        (VIOLATED)
clkbuf_leaf_123_clk/X                    10     11        (VIOLATED)
clkbuf_leaf_124_clk/X                    10     11        (VIOLATED)
clkbuf_leaf_125_clk/X                    10     11        (VIOLATED)
clkbuf_leaf_158_clk/X                    10     11        (VIOLATED)
clkbuf_leaf_159_clk/X                    10     11        (VIOLATED)
clkbuf_leaf_280_clk/X                    10     11        (VIOLATED)
clkbuf_leaf_309_clk/X                    10     11        (VIOLATED)
clkbuf_leaf_321_clk/X                    10     11        (VIOLATED)
clkbuf_leaf_326_clk/X                    10     11        (VIOLATED)
clkbuf_leaf_329_clk/X                    10     11        (VIOLATED)
clkbuf_leaf_3_clk/X                      10     11        (VIOLATED)
clkbuf_leaf_56_clk/X                     10     11        (VIOLATED)
clkbuf_leaf_73_clk/X                     10     11        (VIOLATED)
clkbuf_leaf_92_clk/X                     10     11        (VIOLATED)
place7026/X                              10     11        (VIOLATED)
place8420/X                              10     11        (VIOLATED)
place8421/X                              10     11        (VIOLATED)
place8425/X                              10     11        (VIOLATED)
place8521/X                              10     11        (VIOLATED)
place8532/X                              10     11        (VIOLATED)
place8538/X                              10     11        (VIOLATED)
place8539/X                              10     11        (VIOLATED)
place8590/X                              10     11        (VIOLATED)
place8599/X                              10     11        (VIOLATED)

max capacitance

Pin                                        Limit         Cap       Slack
------------------------------------------------------------------------
_23328_/X                               0.181284    0.458643   -0.277359 (VIOLATED)
_23598_/Y                               0.075999    0.352596   -0.276597 (VIOLATED)
_26097_/X                               0.190440    0.443136   -0.252696 (VIOLATED)
_26360_/X                               0.190440    0.430263   -0.239823 (VIOLATED)
_26286_/Y                               0.184031    0.413625   -0.229594 (VIOLATED)
_26436_/Y                               0.184031    0.404798   -0.220767 (VIOLATED)
_26460_/Y                               0.082407    0.302569   -0.220162 (VIOLATED)
_22428_/Y                               0.200000    0.410604   -0.210604 (VIOLATED)
_26062_/X                               0.190440    0.399897   -0.209457 (VIOLATED)
place8453/X                             0.198679    0.391333   -0.192654 (VIOLATED)
place8532/X                             0.198679    0.303426   -0.104747 (VIOLATED)
_26389_/X                               0.195017    0.297385   -0.102368 (VIOLATED)
_28502_/Q                               0.200000    0.264812   -0.064812 (VIOLATED)
_22429_/Y                               0.200000    0.237070   -0.037070 (VIOLATED)
_26692_/Y                               0.184031    0.220513   -0.036482 (VIOLATED)
_25644_/X                               0.181284    0.213859   -0.032575 (VIOLATED)
_25851_/X                               0.190440    0.220796   -0.030356 (VIOLATED)
_23649_/Y                               0.075999    0.097748   -0.021749 (VIOLATED)
_23593_/Y                               0.075999    0.090460   -0.014461 (VIOLATED)
_24706_/X                               0.173960    0.174427   -0.000467 (VIOLATED)



===========================================================================
report_parasitic_annotation -report_unannotated
============================================================================
Found 223 unannotated drivers.
 ena
 ui_in[0]
 ui_in[1]
 ui_in[2]
 ui_in[4]
 ui_in[5]
 ui_in[6]
 ui_in[7]
 uio_in[6]
 uio_in[7]
 clkload0/X
 clkload1/X
 clkload10/X
 clkload100/X
 clkload101/X
 clkload102/X
 clkload103/X
 clkload104/X
 clkload105/X
 clkload106/X
 clkload107/X
 clkload108/Y
 clkload109/X
 clkload11/X
 clkload110/Y
 clkload111/X
 clkload112/X
 clkload113/X
 clkload114/X
 clkload115/X
 clkload116/X
 clkload117/X
 clkload118/X
 clkload119/Y
 clkload12/X
 clkload120/X
 clkload121/X
 clkload122/X
 clkload123/X
 clkload124/X
 clkload125/X
 clkload126/X
 clkload127/X
 clkload128/X
 clkload129/X
 clkload13/X
 clkload130/X
 clkload131/Y
 clkload132/Y
 clkload133/Y
 clkload134/Y
 clkload135/X
 clkload136/X
 clkload137/X
 clkload138/Y
 clkload139/Y
 clkload14/X
 clkload140/Y
 clkload141/X
 clkload142/X
 clkload143/X
 clkload144/X
 clkload145/X
 clkload146/Y
 clkload147/Y
 clkload148/X
 clkload149/X
 clkload15/X
 clkload150/X
 clkload151/X
 clkload152/X
 clkload153/X
 clkload154/Y
 clkload155/Y
 clkload156/X
 clkload157/X
 clkload158/Y
 clkload159/X
 clkload16/X
 clkload160/Y
 clkload161/Y
 clkload162/Y
 clkload163/X
 clkload164/X
 clkload165/X
 clkload166/X
 clkload167/X
 clkload168/X
 clkload169/X
 clkload17/X
 clkload170/Y
 clkload171/X
 clkload172/X
 clkload173/X
 clkload174/X
 clkload175/X
 clkload176/X
 clkload177/X
 clkload178/Y
 clkload179/X
 clkload18/X
 clkload180/X
 clkload181/X
 clkload182/X
 clkload183/Y
 clkload184/X
 clkload185/X
 clkload186/X
 clkload187/X
 clkload188/X
 clkload189/X
 clkload19/X
 clkload190/X
 clkload191/X
 clkload192/X
 clkload193/Y
 clkload194/X
 clkload195/X
 clkload196/X
 clkload197/X
 clkload198/X
 clkload199/X
 clkload2/X
 clkload20/X
 clkload200/Y
 clkload201/X
 clkload202/X
 clkload203/X
 clkload204/X
 clkload205/X
 clkload206/X
 clkload21/X
 clkload22/X
 clkload23/X
 clkload24/X
 clkload25/X
 clkload26/X
 clkload27/X
 clkload28/X
 clkload29/X
 clkload3/X
 clkload30/X
 clkload31/X
 clkload32/X
 clkload33/X
 clkload34/X
 clkload35/X
 clkload36/X
 clkload37/X
 clkload38/X
 clkload39/X
 clkload4/X
 clkload40/X
 clkload41/X
 clkload42/X
 clkload43/X
 clkload44/X
 clkload45/X
 clkload46/X
 clkload47/X
 clkload48/X
 clkload49/X
 clkload5/X
 clkload50/X
 clkload51/X
 clkload52/X
 clkload53/X
 clkload54/X
 clkload55/X
 clkload56/X
 clkload57/Y
 clkload58/X
 clkload59/Y
 clkload6/X
 clkload60/Y
 clkload61/Y
 clkload62/X
 clkload63/X
 clkload64/X
 clkload65/X
 clkload66/X
 clkload67/X
 clkload68/X
 clkload69/X
 clkload7/X
 clkload70/X
 clkload71/X
 clkload72/X
 clkload73/X
 clkload74/X
 clkload75/X
 clkload76/X
 clkload77/X
 clkload78/X
 clkload79/X
 clkload8/X
 clkload80/X
 clkload81/X
 clkload82/X
 clkload83/X
 clkload84/X
 clkload85/X
 clkload86/X
 clkload87/Y
 clkload88/X
 clkload89/X
 clkload9/X
 clkload90/Y
 clkload91/X
 clkload92/X
 clkload93/X
 clkload94/X
 clkload95/X
 clkload96/X
 clkload97/X
 clkload98/X
 clkload99/X
 tt_um_rv32_linux_soc/HI
 tt_um_rv32_linux_soc_8951/HI
 tt_um_rv32_linux_soc_8952/HI
 tt_um_rv32_linux_soc_8953/HI
 tt_um_rv32_linux_soc_8954/LO
 tt_um_rv32_linux_soc_8955/LO
Found 0 partially unannotated drivers.

===========================================================================
max slew violation count 121
max fanout violation count 266
max cap violation count 20
============================================================================

===========================================================================
check_setup -verbose -unconstrained_endpoints -multiple_clock -no_clock -no_input_delay -loops -generated_clocks
===========================================================================
