
===========================================================================
report_checks -unconstrained
===========================================================================
======================= max_tt_025C_1v80 Corner ===================================

Startpoint: rst_n (input port clocked by clk)
Endpoint: _28976_ (recovery check against rising-edge clock clk)
Path Group: asynchronous
Path Type: max

Fanout         Cap        Slew       Delay        Time   Description
---------------------------------------------------------------------------------------------
                                  0.000000    0.000000   clock clk (rise edge)
                                  0.000000    0.000000   clock network delay (propagated)
                                 10.000000   10.000000 ^ input external delay
     1    0.003654    0.023447    0.014039   10.014040 ^ rst_n (in)
                                                         rst_n (net)
                      0.023448    0.000000   10.014040 ^ fanout2248/A (sky130_fd_sc_hd__clkdlybuf4s25_2)
     1    0.018584    0.102907    0.311034   10.325073 ^ fanout2248/X (sky130_fd_sc_hd__clkdlybuf4s25_2)
                                                         net2248 (net)
                      0.102947    0.002018   10.327091 ^ ci_eco_02079182/A (sky130_fd_sc_hd__buf_8)
     1    0.020552    0.045939    0.122842   10.449934 ^ ci_eco_02079182/X (sky130_fd_sc_hd__buf_8)
                                                         ci_eco_0207_net9182 (net)
                      0.046259    0.002873   10.452806 ^ ci_eco_02069181/A (sky130_fd_sc_hd__buf_8)
     1    0.018875    0.043070    0.102943   10.555750 ^ ci_eco_02069181/X (sky130_fd_sc_hd__buf_8)
                                                         ci_eco_0206_net9181 (net)
                      0.043221    0.001835   10.557586 ^ ci_eco_02059180/A (sky130_fd_sc_hd__buf_8)
     2    0.052425    0.092214    0.140945   10.698530 ^ ci_eco_02059180/X (sky130_fd_sc_hd__buf_8)
                                                         ci_eco_0205_net9180 (net)
                      0.092467    0.004063   10.702594 ^ ci_eco_02019176/A (sky130_fd_sc_hd__buf_8)
     2    0.041223    0.076553    0.144682   10.847276 ^ ci_eco_02019176/X (sky130_fd_sc_hd__buf_8)
                                                         ci_eco_0201_net9176 (net)
                      0.076765    0.003088   10.850364 ^ ci_eco_02009175/A (sky130_fd_sc_hd__buf_8)
     1    0.020573    0.045588    0.115744   10.966107 ^ ci_eco_02009175/X (sky130_fd_sc_hd__buf_8)
                                                         ci_eco_0200_net9175 (net)
                      0.045932    0.003209   10.969316 ^ ci_eco_01979172/A (sky130_fd_sc_hd__buf_8)
     2    0.037049    0.069733    0.124555   11.093871 ^ ci_eco_01979172/X (sky130_fd_sc_hd__buf_8)
                                                         ci_eco_0197_net9172 (net)
                      0.069935    0.002839   11.096709 ^ place6896/A (sky130_fd_sc_hd__buf_2)
    10    0.076868    0.369765    0.360611   11.457321 ^ place6896/X (sky130_fd_sc_hd__buf_2)
                                                         net6896 (net)
                      0.369814    0.003781   11.461102 ^ place6827/A (sky130_fd_sc_hd__buf_2)
     7    0.058822    0.285764    0.379090   11.840192 ^ place6827/X (sky130_fd_sc_hd__buf_2)
                                                         net6827 (net)
                      0.285901    0.005480   11.845672 ^ place6780/A (sky130_fd_sc_hd__buf_2)
    10    0.055016    0.269268    0.350977   12.196649 ^ place6780/X (sky130_fd_sc_hd__buf_2)
                                                         net6780 (net)
                      0.269293    0.002309   12.198957 ^ place6779/A (sky130_fd_sc_hd__buf_2)
     9    0.061961    0.302204    0.369616   12.568574 ^ place6779/X (sky130_fd_sc_hd__buf_2)
                                                         net6779 (net)
                      0.302926    0.012717   12.581291 ^ place6778/A (sky130_fd_sc_hd__buf_2)
    10    0.075299    0.366052    0.417280   12.998571 ^ place6778/X (sky130_fd_sc_hd__buf_2)
                                                         net6778 (net)
                      0.367516    0.019903   13.018475 ^ place6777/A (sky130_fd_sc_hd__buf_2)
     8    0.052785    0.258669    0.357104   13.375578 ^ place6777/X (sky130_fd_sc_hd__buf_2)
                                                         net6777 (net)
                      0.259023    0.008288   13.383866 ^ place6773/A (sky130_fd_sc_hd__buf_2)
     9    0.041874    0.205708    0.300337   13.684202 ^ place6773/X (sky130_fd_sc_hd__buf_2)
                                                         net6773 (net)
                      0.205728    0.001801   13.686004 ^ place6772/A (sky130_fd_sc_hd__buf_2)
     8    0.038204    0.188856    0.274714   13.960718 ^ place6772/X (sky130_fd_sc_hd__buf_2)
                                                         net6772 (net)
                      0.188877    0.002121   13.962839 ^ place6771/A (sky130_fd_sc_hd__buf_2)
    10    0.076575    0.371151    0.393602   14.356441 ^ place6771/X (sky130_fd_sc_hd__buf_2)
                                                         net6771 (net)
                      0.372284    0.017637   14.374079 ^ place6762/A (sky130_fd_sc_hd__buf_2)
     8    0.038499    0.190084    0.310235   14.684314 ^ place6762/X (sky130_fd_sc_hd__buf_2)
                                                         net6762 (net)
                      0.190383    0.005700   14.690014 ^ place6761/A (sky130_fd_sc_hd__buf_2)
     6    0.032566    0.162446    0.250117   14.940131 ^ place6761/X (sky130_fd_sc_hd__buf_2)
                                                         net6761 (net)
                      0.162582    0.003165   14.943296 ^ place6758/A (sky130_fd_sc_hd__buf_2)
    10    0.044305    0.216891    0.281895   15.225192 ^ place6758/X (sky130_fd_sc_hd__buf_2)
                                                         net6758 (net)
                      0.216917    0.002069   15.227262 ^ place6749/A (sky130_fd_sc_hd__buf_2)
    10    0.051533    0.252223    0.321020   15.548282 ^ place6749/X (sky130_fd_sc_hd__buf_2)
                                                         net6749 (net)
                      0.252363    0.005171   15.553452 ^ place6748/A (sky130_fd_sc_hd__buf_2)
     8    0.038340    0.189055    0.287713   15.841166 ^ place6748/X (sky130_fd_sc_hd__buf_2)
                                                         net6748 (net)
                      0.189198    0.003405   15.844570 ^ place6747/A (sky130_fd_sc_hd__buf_2)
     7    0.041773    0.205008    0.280933   16.125504 ^ place6747/X (sky130_fd_sc_hd__buf_2)
                                                         net6747 (net)
                      0.205182    0.004093   16.129597 ^ _28976_/RESET_B (sky130_fd_sc_hd__dfrtp_2)
                                             16.129597   data arrival time

                                 50.000000   50.000000   clock clk (rise edge)
                                  0.000000   50.000000   clock source latency
     2    0.104477    0.470587    0.315996   50.315994 ^ clk (in)
                                                         clk (net)
                      0.471218    0.000000   50.315994 ^ clkbuf_0_clk/A (sky130_fd_sc_hd__clkbuf_16)
     2    0.048268    0.074583    0.245112   50.561108 ^ clkbuf_0_clk/X (sky130_fd_sc_hd__clkbuf_16)
                                                         clknet_0_clk (net)
                      0.074938    0.003940   50.565048 ^ ci_eco_01969171/A (sky130_fd_sc_hd__clkbuf_16)
     4    0.088218    0.106087    0.174015   50.739063 ^ ci_eco_01969171/X (sky130_fd_sc_hd__clkbuf_16)
                                                         ci_eco_0196_net9171 (net)
                      0.107567    0.009468   50.748531 ^ clkbuf_3_4_0_clk/A (sky130_fd_sc_hd__clkbuf_8)
     8    0.160574    0.278328    0.295337   51.043869 ^ clkbuf_3_4_0_clk/X (sky130_fd_sc_hd__clkbuf_8)
                                                         clknet_3_4_0_clk (net)
                      0.279982    0.016584   51.060452 ^ clkbuf_6_32__f_clk/A (sky130_fd_sc_hd__clkbuf_16)
     6    0.060978    0.081796    0.220396   51.280849 ^ clkbuf_6_32__f_clk/X (sky130_fd_sc_hd__clkbuf_16)
                                                         clknet_6_32__leaf_clk (net)
                      0.082625    0.005851   51.286697 ^ clkbuf_leaf_297_clk/A (sky130_fd_sc_hd__clkbuf_8)
     5    0.027971    0.063235    0.147551   51.434250 ^ clkbuf_leaf_297_clk/X (sky130_fd_sc_hd__clkbuf_8)
                                                         clknet_leaf_297_clk (net)
                      0.063250    0.000917   51.435165 ^ _28976_/CLK (sky130_fd_sc_hd__dfrtp_2)
                                 -0.250000   51.185165   clock uncertainty
                                  0.000000   51.185165   clock reconvergence pessimism
                                  0.177136   51.362301   library recovery time
                                             51.362301   data required time
---------------------------------------------------------------------------------------------
                                             51.362301   data required time
                                            -16.129597   data arrival time
---------------------------------------------------------------------------------------------
                                             35.232704   slack (MET)


Startpoint: rst_n (input port clocked by clk)
Endpoint: uio_oe[5] (output port clocked by clk)
Path Group: clk
Path Type: max

Fanout         Cap        Slew       Delay        Time   Description
---------------------------------------------------------------------------------------------
                                  0.000000    0.000000   clock clk (rise edge)
                                  0.000000    0.000000   clock network delay (propagated)
                                 10.000000   10.000000 v input external delay
     1    0.003418    0.010056    0.005810   10.005810 v rst_n (in)
                                                         rst_n (net)
                      0.010059    0.000000   10.005810 v fanout2248/A (sky130_fd_sc_hd__clkdlybuf4s25_2)
     1    0.017923    0.083554    0.314018   10.319828 v fanout2248/X (sky130_fd_sc_hd__clkdlybuf4s25_2)
                                                         net2248 (net)
                      0.083600    0.001916   10.321744 v ci_eco_02079182/A (sky130_fd_sc_hd__buf_8)
     1    0.019891    0.030676    0.146981   10.468725 v ci_eco_02079182/X (sky130_fd_sc_hd__buf_8)
                                                         ci_eco_0207_net9182 (net)
                      0.031012    0.002744   10.471469 v ci_eco_02069181/A (sky130_fd_sc_hd__buf_8)
     1    0.018214    0.029701    0.121606   10.593075 v ci_eco_02069181/X (sky130_fd_sc_hd__buf_8)
                                                         ci_eco_0206_net9181 (net)
                      0.029771    0.001743   10.594818 v ci_eco_02059180/A (sky130_fd_sc_hd__buf_8)
     2    0.051103    0.049370    0.144377   10.739195 v ci_eco_02059180/X (sky130_fd_sc_hd__buf_8)
                                                         ci_eco_0205_net9180 (net)
                      0.049871    0.003780   10.742975 v ci_eco_02049179/A (sky130_fd_sc_hd__buf_8)
     1    0.021686    0.031782    0.132717   10.875691 v ci_eco_02049179/X (sky130_fd_sc_hd__buf_8)
                                                         ci_eco_0204_net9179 (net)
                      0.032006    0.002221   10.877913 v ci_eco_02039178/A (sky130_fd_sc_hd__buf_8)
     1    0.020882    0.031199    0.123795   11.001708 v ci_eco_02039178/X (sky130_fd_sc_hd__buf_8)
                                                         ci_eco_0203_net9178 (net)
                      0.031622    0.002372   11.004081 v ci_eco_02029177/A (sky130_fd_sc_hd__buf_8)
     3    0.027590    0.035446    0.128943   11.133023 v ci_eco_02029177/X (sky130_fd_sc_hd__buf_8)
                                                         ci_eco_0202_net9177 (net)
                      0.035466    0.000882   11.133905 v _24290_/B1 (sky130_fd_sc_hd__o31a_2)
     3    0.008913    0.066072    0.126302   11.260207 v _24290_/X (sky130_fd_sc_hd__o31a_2)
                                                         _12607_ (net)
                      0.066123    0.000488   11.260695 v _24294_/C (sky130_fd_sc_hd__and4_2)
     2    0.009472    0.055867    0.261116   11.521811 v _24294_/X (sky130_fd_sc_hd__and4_2)
                                                         net3620 (net)
                      0.055880    0.000872   11.522683 v place3620/A (sky130_fd_sc_hd__buf_2)
     1    0.034751    0.091009    0.193982   11.716665 v place3620/X (sky130_fd_sc_hd__buf_2)
                                                         uio_oe[5] (net)
                      0.091058    0.002029   11.718694 v uio_oe[5] (out)
                                             11.718694   data arrival time

                                 50.000000   50.000000   clock clk (rise edge)
                                  0.000000   50.000000   clock network delay (propagated)
                                 -0.250000   49.749996   clock uncertainty
                                  0.000000   49.749996   clock reconvergence pessimism
                                -10.000000   39.749996   output external delay
                                             39.749996   data required time
---------------------------------------------------------------------------------------------
                                             39.749996   data required time
                                            -11.718694   data arrival time
---------------------------------------------------------------------------------------------
                                             28.031303   slack (MET)




===========================================================================
report_checks --slack_max -0.01
============================================================================
======================= max_tt_025C_1v80 Corner ===================================

No paths found.


===========================================================================
 report_check_types -max_slew -max_cap -max_fanout -violators
============================================================================
======================= max_tt_025C_1v80 Corner ===================================

max fanout

Pin                                   Limit Fanout  Slack
---------------------------------------------------------
_25437_/X                                10     16     -6 (VIOLATED)
_26137_/X                                10     16     -6 (VIOLATED)
_26680_/X                                10     16     -6 (VIOLATED)
_24763_/X                                10     14     -4 (VIOLATED)
clkbuf_leaf_308_clk/X                    10     14     -4 (VIOLATED)
clkbuf_leaf_309_clk/X                    10     14     -4 (VIOLATED)
place6213/X                              10     14     -4 (VIOLATED)
place6576/X                              10     14     -4 (VIOLATED)
_24687_/X                                10     13     -3 (VIOLATED)
clkbuf_leaf_101_clk/X                    10     13     -3 (VIOLATED)
clkbuf_leaf_104_clk/X                    10     13     -3 (VIOLATED)
clkbuf_leaf_10_clk/X                     10     13     -3 (VIOLATED)
clkbuf_leaf_115_clk/X                    10     13     -3 (VIOLATED)
clkbuf_leaf_129_clk/X                    10     13     -3 (VIOLATED)
clkbuf_leaf_133_clk/X                    10     13     -3 (VIOLATED)
clkbuf_leaf_140_clk/X                    10     13     -3 (VIOLATED)
clkbuf_leaf_154_clk/X                    10     13     -3 (VIOLATED)
clkbuf_leaf_169_clk/X                    10     13     -3 (VIOLATED)
clkbuf_leaf_172_clk/X                    10     13     -3 (VIOLATED)
clkbuf_leaf_173_clk/X                    10     13     -3 (VIOLATED)
clkbuf_leaf_17_clk/X                     10     13     -3 (VIOLATED)
clkbuf_leaf_198_clk/X                    10     13     -3 (VIOLATED)
clkbuf_leaf_199_clk/X                    10     13     -3 (VIOLATED)
clkbuf_leaf_19_clk/X                     10     13     -3 (VIOLATED)
clkbuf_leaf_208_clk/X                    10     13     -3 (VIOLATED)
clkbuf_leaf_209_clk/X                    10     13     -3 (VIOLATED)
clkbuf_leaf_210_clk/X                    10     13     -3 (VIOLATED)
clkbuf_leaf_211_clk/X                    10     13     -3 (VIOLATED)
clkbuf_leaf_215_clk/X                    10     13     -3 (VIOLATED)
clkbuf_leaf_216_clk/X                    10     13     -3 (VIOLATED)
clkbuf_leaf_218_clk/X                    10     13     -3 (VIOLATED)
clkbuf_leaf_222_clk/X                    10     13     -3 (VIOLATED)
clkbuf_leaf_223_clk/X                    10     13     -3 (VIOLATED)
clkbuf_leaf_226_clk/X                    10     13     -3 (VIOLATED)
clkbuf_leaf_22_clk/X                     10     13     -3 (VIOLATED)
clkbuf_leaf_230_clk/X                    10     13     -3 (VIOLATED)
clkbuf_leaf_233_clk/X                    10     13     -3 (VIOLATED)
clkbuf_leaf_23_clk/X                     10     13     -3 (VIOLATED)
clkbuf_leaf_241_clk/X                    10     13     -3 (VIOLATED)
clkbuf_leaf_243_clk/X                    10     13     -3 (VIOLATED)
clkbuf_leaf_246_clk/X                    10     13     -3 (VIOLATED)
clkbuf_leaf_248_clk/X                    10     13     -3 (VIOLATED)
clkbuf_leaf_251_clk/X                    10     13     -3 (VIOLATED)
clkbuf_leaf_26_clk/X                     10     13     -3 (VIOLATED)
clkbuf_leaf_303_clk/X                    10     13     -3 (VIOLATED)
clkbuf_leaf_310_clk/X                    10     13     -3 (VIOLATED)
clkbuf_leaf_327_clk/X                    10     13     -3 (VIOLATED)
clkbuf_leaf_43_clk/X                     10     13     -3 (VIOLATED)
clkbuf_leaf_44_clk/X                     10     13     -3 (VIOLATED)
clkbuf_leaf_45_clk/X                     10     13     -3 (VIOLATED)
clkbuf_leaf_52_clk/X                     10     13     -3 (VIOLATED)
clkbuf_leaf_66_clk/X                     10     13     -3 (VIOLATED)
clkbuf_leaf_67_clk/X                     10     13     -3 (VIOLATED)
clkbuf_leaf_68_clk/X                     10     13     -3 (VIOLATED)
clkbuf_leaf_71_clk/X                     10     13     -3 (VIOLATED)
clkbuf_leaf_89_clk/X                     10     13     -3 (VIOLATED)
clkbuf_leaf_90_clk/X                     10     13     -3 (VIOLATED)
clkbuf_leaf_91_clk/X                     10     13     -3 (VIOLATED)
place6421/X                              10     13     -3 (VIOLATED)
place6426/X                              10     13     -3 (VIOLATED)
place6529/X                              10     13     -3 (VIOLATED)
place6536/X                              10     13     -3 (VIOLATED)
_24778_/X                                10     12     -2 (VIOLATED)
_24847_/X                                10     12     -2 (VIOLATED)
_25843_/X                                10     12     -2 (VIOLATED)
_26714_/X                                10     12     -2 (VIOLATED)
_28158_/Q                                10     12     -2 (VIOLATED)
_28160_/Q                                10     12     -2 (VIOLATED)
_28161_/Q                                10     12     -2 (VIOLATED)
_28170_/Q                                10     12     -2 (VIOLATED)
_28458_/Q                                10     12     -2 (VIOLATED)
_28473_/Q                                10     12     -2 (VIOLATED)
clkbuf_leaf_0_clk/X                      10     12     -2 (VIOLATED)
clkbuf_leaf_100_clk/X                    10     12     -2 (VIOLATED)
clkbuf_leaf_102_clk/X                    10     12     -2 (VIOLATED)
clkbuf_leaf_105_clk/X                    10     12     -2 (VIOLATED)
clkbuf_leaf_106_clk/X                    10     12     -2 (VIOLATED)
clkbuf_leaf_107_clk/X                    10     12     -2 (VIOLATED)
clkbuf_leaf_108_clk/X                    10     12     -2 (VIOLATED)
clkbuf_leaf_109_clk/X                    10     12     -2 (VIOLATED)
clkbuf_leaf_110_clk/X                    10     12     -2 (VIOLATED)
clkbuf_leaf_111_clk/X                    10     12     -2 (VIOLATED)
clkbuf_leaf_112_clk/X                    10     12     -2 (VIOLATED)
clkbuf_leaf_114_clk/X                    10     12     -2 (VIOLATED)
clkbuf_leaf_116_clk/X                    10     12     -2 (VIOLATED)
clkbuf_leaf_117_clk/X                    10     12     -2 (VIOLATED)
clkbuf_leaf_119_clk/X                    10     12     -2 (VIOLATED)
clkbuf_leaf_120_clk/X                    10     12     -2 (VIOLATED)
clkbuf_leaf_121_clk/X                    10     12     -2 (VIOLATED)
clkbuf_leaf_124_clk/X                    10     12     -2 (VIOLATED)
clkbuf_leaf_125_clk/X                    10     12     -2 (VIOLATED)
clkbuf_leaf_127_clk/X                    10     12     -2 (VIOLATED)
clkbuf_leaf_12_clk/X                     10     12     -2 (VIOLATED)
clkbuf_leaf_130_clk/X                    10     12     -2 (VIOLATED)
clkbuf_leaf_131_clk/X                    10     12     -2 (VIOLATED)
clkbuf_leaf_134_clk/X                    10     12     -2 (VIOLATED)
clkbuf_leaf_136_clk/X                    10     12     -2 (VIOLATED)
clkbuf_leaf_138_clk/X                    10     12     -2 (VIOLATED)
clkbuf_leaf_142_clk/X                    10     12     -2 (VIOLATED)
clkbuf_leaf_143_clk/X                    10     12     -2 (VIOLATED)
clkbuf_leaf_147_clk/X                    10     12     -2 (VIOLATED)
clkbuf_leaf_148_clk/X                    10     12     -2 (VIOLATED)
clkbuf_leaf_157_clk/X                    10     12     -2 (VIOLATED)
clkbuf_leaf_159_clk/X                    10     12     -2 (VIOLATED)
clkbuf_leaf_160_clk/X                    10     12     -2 (VIOLATED)
clkbuf_leaf_163_clk/X                    10     12     -2 (VIOLATED)
clkbuf_leaf_164_clk/X                    10     12     -2 (VIOLATED)
clkbuf_leaf_165_clk/X                    10     12     -2 (VIOLATED)
clkbuf_leaf_166_clk/X                    10     12     -2 (VIOLATED)
clkbuf_leaf_167_clk/X                    10     12     -2 (VIOLATED)
clkbuf_leaf_170_clk/X                    10     12     -2 (VIOLATED)
clkbuf_leaf_171_clk/X                    10     12     -2 (VIOLATED)
clkbuf_leaf_175_clk/X                    10     12     -2 (VIOLATED)
clkbuf_leaf_176_clk/X                    10     12     -2 (VIOLATED)
clkbuf_leaf_177_clk/X                    10     12     -2 (VIOLATED)
clkbuf_leaf_178_clk/X                    10     12     -2 (VIOLATED)
clkbuf_leaf_179_clk/X                    10     12     -2 (VIOLATED)
clkbuf_leaf_180_clk/X                    10     12     -2 (VIOLATED)
clkbuf_leaf_181_clk/X                    10     12     -2 (VIOLATED)
clkbuf_leaf_186_clk/X                    10     12     -2 (VIOLATED)
clkbuf_leaf_187_clk/X                    10     12     -2 (VIOLATED)
clkbuf_leaf_188_clk/X                    10     12     -2 (VIOLATED)
clkbuf_leaf_189_clk/X                    10     12     -2 (VIOLATED)
clkbuf_leaf_191_clk/X                    10     12     -2 (VIOLATED)
clkbuf_leaf_192_clk/X                    10     12     -2 (VIOLATED)
clkbuf_leaf_195_clk/X                    10     12     -2 (VIOLATED)
clkbuf_leaf_196_clk/X                    10     12     -2 (VIOLATED)
clkbuf_leaf_197_clk/X                    10     12     -2 (VIOLATED)
clkbuf_leaf_200_clk/X                    10     12     -2 (VIOLATED)
clkbuf_leaf_201_clk/X                    10     12     -2 (VIOLATED)
clkbuf_leaf_202_clk/X                    10     12     -2 (VIOLATED)
clkbuf_leaf_203_clk/X                    10     12     -2 (VIOLATED)
clkbuf_leaf_204_clk/X                    10     12     -2 (VIOLATED)
clkbuf_leaf_20_clk/X                     10     12     -2 (VIOLATED)
clkbuf_leaf_212_clk/X                    10     12     -2 (VIOLATED)
clkbuf_leaf_213_clk/X                    10     12     -2 (VIOLATED)
clkbuf_leaf_214_clk/X                    10     12     -2 (VIOLATED)
clkbuf_leaf_217_clk/X                    10     12     -2 (VIOLATED)
clkbuf_leaf_21_clk/X                     10     12     -2 (VIOLATED)
clkbuf_leaf_220_clk/X                    10     12     -2 (VIOLATED)
clkbuf_leaf_221_clk/X                    10     12     -2 (VIOLATED)
clkbuf_leaf_225_clk/X                    10     12     -2 (VIOLATED)
clkbuf_leaf_227_clk/X                    10     12     -2 (VIOLATED)
clkbuf_leaf_229_clk/X                    10     12     -2 (VIOLATED)
clkbuf_leaf_231_clk/X                    10     12     -2 (VIOLATED)
clkbuf_leaf_232_clk/X                    10     12     -2 (VIOLATED)
clkbuf_leaf_237_clk/X                    10     12     -2 (VIOLATED)
clkbuf_leaf_239_clk/X                    10     12     -2 (VIOLATED)
clkbuf_leaf_240_clk/X                    10     12     -2 (VIOLATED)
clkbuf_leaf_244_clk/X                    10     12     -2 (VIOLATED)
clkbuf_leaf_245_clk/X                    10     12     -2 (VIOLATED)
clkbuf_leaf_250_clk/X                    10     12     -2 (VIOLATED)
clkbuf_leaf_253_clk/X                    10     12     -2 (VIOLATED)
clkbuf_leaf_258_clk/X                    10     12     -2 (VIOLATED)
clkbuf_leaf_259_clk/X                    10     12     -2 (VIOLATED)
clkbuf_leaf_25_clk/X                     10     12     -2 (VIOLATED)
clkbuf_leaf_260_clk/X                    10     12     -2 (VIOLATED)
clkbuf_leaf_261_clk/X                    10     12     -2 (VIOLATED)
clkbuf_leaf_262_clk/X                    10     12     -2 (VIOLATED)
clkbuf_leaf_263_clk/X                    10     12     -2 (VIOLATED)
clkbuf_leaf_264_clk/X                    10     12     -2 (VIOLATED)
clkbuf_leaf_265_clk/X                    10     12     -2 (VIOLATED)
clkbuf_leaf_266_clk/X                    10     12     -2 (VIOLATED)
clkbuf_leaf_268_clk/X                    10     12     -2 (VIOLATED)
clkbuf_leaf_270_clk/X                    10     12     -2 (VIOLATED)
clkbuf_leaf_271_clk/X                    10     12     -2 (VIOLATED)
clkbuf_leaf_272_clk/X                    10     12     -2 (VIOLATED)
clkbuf_leaf_273_clk/X                    10     12     -2 (VIOLATED)
clkbuf_leaf_278_clk/X                    10     12     -2 (VIOLATED)
clkbuf_leaf_279_clk/X                    10     12     -2 (VIOLATED)
clkbuf_leaf_27_clk/X                     10     12     -2 (VIOLATED)
clkbuf_leaf_280_clk/X                    10     12     -2 (VIOLATED)
clkbuf_leaf_284_clk/X                    10     12     -2 (VIOLATED)
clkbuf_leaf_287_clk/X                    10     12     -2 (VIOLATED)
clkbuf_leaf_28_clk/X                     10     12     -2 (VIOLATED)
clkbuf_leaf_291_clk/X                    10     12     -2 (VIOLATED)
clkbuf_leaf_292_clk/X                    10     12     -2 (VIOLATED)
clkbuf_leaf_293_clk/X                    10     12     -2 (VIOLATED)
clkbuf_leaf_294_clk/X                    10     12     -2 (VIOLATED)
clkbuf_leaf_295_clk/X                    10     12     -2 (VIOLATED)
clkbuf_leaf_299_clk/X                    10     12     -2 (VIOLATED)
clkbuf_leaf_29_clk/X                     10     12     -2 (VIOLATED)
clkbuf_leaf_2_clk/X                      10     12     -2 (VIOLATED)
clkbuf_leaf_304_clk/X                    10     12     -2 (VIOLATED)
clkbuf_leaf_307_clk/X                    10     12     -2 (VIOLATED)
clkbuf_leaf_311_clk/X                    10     12     -2 (VIOLATED)
clkbuf_leaf_31_clk/X                     10     12     -2 (VIOLATED)
clkbuf_leaf_323_clk/X                    10     12     -2 (VIOLATED)
clkbuf_leaf_36_clk/X                     10     12     -2 (VIOLATED)
clkbuf_leaf_37_clk/X                     10     12     -2 (VIOLATED)
clkbuf_leaf_38_clk/X                     10     12     -2 (VIOLATED)
clkbuf_leaf_39_clk/X                     10     12     -2 (VIOLATED)
clkbuf_leaf_3_clk/X                      10     12     -2 (VIOLATED)
clkbuf_leaf_40_clk/X                     10     12     -2 (VIOLATED)
clkbuf_leaf_41_clk/X                     10     12     -2 (VIOLATED)
clkbuf_leaf_48_clk/X                     10     12     -2 (VIOLATED)
clkbuf_leaf_50_clk/X                     10     12     -2 (VIOLATED)
clkbuf_leaf_53_clk/X                     10     12     -2 (VIOLATED)
clkbuf_leaf_54_clk/X                     10     12     -2 (VIOLATED)
clkbuf_leaf_57_clk/X                     10     12     -2 (VIOLATED)
clkbuf_leaf_58_clk/X                     10     12     -2 (VIOLATED)
clkbuf_leaf_60_clk/X                     10     12     -2 (VIOLATED)
clkbuf_leaf_62_clk/X                     10     12     -2 (VIOLATED)
clkbuf_leaf_72_clk/X                     10     12     -2 (VIOLATED)
clkbuf_leaf_73_clk/X                     10     12     -2 (VIOLATED)
clkbuf_leaf_75_clk/X                     10     12     -2 (VIOLATED)
clkbuf_leaf_76_clk/X                     10     12     -2 (VIOLATED)
clkbuf_leaf_7_clk/X                      10     12     -2 (VIOLATED)
clkbuf_leaf_8_clk/X                      10     12     -2 (VIOLATED)
clkbuf_leaf_92_clk/X                     10     12     -2 (VIOLATED)
clkbuf_leaf_93_clk/X                     10     12     -2 (VIOLATED)
clkbuf_leaf_95_clk/X                     10     12     -2 (VIOLATED)
clkbuf_leaf_98_clk/X                     10     12     -2 (VIOLATED)
place6216/X                              10     12     -2 (VIOLATED)
place6436/X                              10     12     -2 (VIOLATED)
place6517/X                              10     12     -2 (VIOLATED)
place6539/X                              10     12     -2 (VIOLATED)
_23850_/X                                10     11        (VIOLATED)
_23852_/X                                10     11        (VIOLATED)
_24734_/X                                10     11        (VIOLATED)
_24820_/X                                10     11        (VIOLATED)
_28166_/Q                                10     11        (VIOLATED)
_28186_/Q                                10     11        (VIOLATED)
_28187_/Q                                10     11        (VIOLATED)
_28190_/Q                                10     11        (VIOLATED)
_28519_/Q                                10     11        (VIOLATED)
clkbuf_leaf_11_clk/X                     10     11        (VIOLATED)
clkbuf_leaf_13_clk/X                     10     11        (VIOLATED)
clkbuf_leaf_146_clk/X                    10     11        (VIOLATED)
clkbuf_leaf_149_clk/X                    10     11        (VIOLATED)
clkbuf_leaf_14_clk/X                     10     11        (VIOLATED)
clkbuf_leaf_150_clk/X                    10     11        (VIOLATED)
clkbuf_leaf_151_clk/X                    10     11        (VIOLATED)
clkbuf_leaf_168_clk/X                    10     11        (VIOLATED)
clkbuf_leaf_16_clk/X                     10     11        (VIOLATED)
clkbuf_leaf_235_clk/X                    10     11        (VIOLATED)
clkbuf_leaf_275_clk/X                    10     11        (VIOLATED)
clkbuf_leaf_282_clk/X                    10     11        (VIOLATED)
clkbuf_leaf_289_clk/X                    10     11        (VIOLATED)
clkbuf_leaf_300_clk/X                    10     11        (VIOLATED)
clkbuf_leaf_302_clk/X                    10     11        (VIOLATED)
clkbuf_leaf_305_clk/X                    10     11        (VIOLATED)
clkbuf_leaf_312_clk/X                    10     11        (VIOLATED)
clkbuf_leaf_313_clk/X                    10     11        (VIOLATED)
clkbuf_leaf_319_clk/X                    10     11        (VIOLATED)
clkbuf_leaf_34_clk/X                     10     11        (VIOLATED)
clkbuf_leaf_51_clk/X                     10     11        (VIOLATED)
clkbuf_leaf_78_clk/X                     10     11        (VIOLATED)
clkbuf_leaf_79_clk/X                     10     11        (VIOLATED)
clkbuf_leaf_81_clk/X                     10     11        (VIOLATED)
clkbuf_leaf_86_clk/X                     10     11        (VIOLATED)
place5299/X                              10     11        (VIOLATED)
place5390/X                              10     11        (VIOLATED)
place6008/X                              10     11        (VIOLATED)
place6176/X                              10     11        (VIOLATED)
place6425/X                              10     11        (VIOLATED)
place6435/X                              10     11        (VIOLATED)
place6459/X                              10     11        (VIOLATED)
place6493/X                              10     11        (VIOLATED)
place6513/X                              10     11        (VIOLATED)
place6543/X                              10     11        (VIOLATED)
place6563/X                              10     11        (VIOLATED)
place6573/X                              10     11        (VIOLATED)
place6582/X                              10     11        (VIOLATED)
place6586/X                              10     11        (VIOLATED)



===========================================================================
report_parasitic_annotation -report_unannotated
============================================================================
Found 240 unannotated drivers.
 ena
 ui_in[0]
 ui_in[1]
 ui_in[2]
 ui_in[4]
 ui_in[5]
 ui_in[6]
 ui_in[7]
 uio_in[6]
 uio_in[7]
 clkload0/X
 clkload1/X
 clkload10/X
 clkload100/X
 clkload101/X
 clkload102/Y
 clkload103/X
 clkload104/Y
 clkload105/X
 clkload106/X
 clkload107/X
 clkload108/X
 clkload109/Y
 clkload11/X
 clkload110/X
 clkload111/X
 clkload112/X
 clkload113/X
 clkload114/X
 clkload115/X
 clkload116/X
 clkload117/X
 clkload118/X
 clkload119/X
 clkload12/X
 clkload120/X
 clkload121/X
 clkload122/X
 clkload123/X
 clkload124/X
 clkload125/X
 clkload126/X
 clkload127/X
 clkload128/X
 clkload129/X
 clkload13/X
 clkload130/X
 clkload131/X
 clkload132/X
 clkload133/X
 clkload134/X
 clkload135/X
 clkload136/X
 clkload137/X
 clkload138/X
 clkload139/X
 clkload14/X
 clkload140/Y
 clkload141/Y
 clkload142/X
 clkload143/X
 clkload144/X
 clkload145/X
 clkload146/X
 clkload147/Y
 clkload148/X
 clkload149/Y
 clkload15/X
 clkload150/X
 clkload151/Y
 clkload152/X
 clkload153/X
 clkload154/Y
 clkload155/Y
 clkload156/X
 clkload157/X
 clkload158/X
 clkload159/X
 clkload16/X
 clkload160/X
 clkload161/X
 clkload162/X
 clkload163/Y
 clkload164/X
 clkload165/X
 clkload166/X
 clkload167/X
 clkload168/Y
 clkload169/X
 clkload17/X
 clkload170/X
 clkload171/X
 clkload172/X
 clkload173/X
 clkload174/X
 clkload175/X
 clkload176/X
 clkload177/X
 clkload178/X
 clkload179/X
 clkload18/X
 clkload180/X
 clkload181/X
 clkload182/X
 clkload183/X
 clkload184/X
 clkload185/X
 clkload186/X
 clkload187/X
 clkload188/X
 clkload189/X
 clkload19/X
 clkload190/X
 clkload191/X
 clkload192/X
 clkload193/X
 clkload194/X
 clkload195/X
 clkload196/X
 clkload197/X
 clkload198/X
 clkload199/X
 clkload2/X
 clkload20/X
 clkload200/X
 clkload201/X
 clkload202/X
 clkload203/X
 clkload204/X
 clkload205/Y
 clkload206/X
 clkload207/X
 clkload208/X
 clkload209/X
 clkload21/X
 clkload210/X
 clkload211/X
 clkload212/X
 clkload213/X
 clkload214/X
 clkload215/X
 clkload216/Y
 clkload217/X
 clkload218/X
 clkload219/X
 clkload22/X
 clkload220/X
 clkload221/X
 clkload222/Y
 clkload223/X
 clkload23/X
 clkload24/X
 clkload25/X
 clkload26/X
 clkload27/X
 clkload28/X
 clkload29/X
 clkload3/X
 clkload30/X
 clkload31/X
 clkload32/X
 clkload33/X
 clkload34/X
 clkload35/X
 clkload36/X
 clkload37/X
 clkload38/X
 clkload39/X
 clkload4/X
 clkload40/X
 clkload41/X
 clkload42/X
 clkload43/X
 clkload44/X
 clkload45/X
 clkload46/X
 clkload47/X
 clkload48/X
 clkload49/X
 clkload5/X
 clkload50/X
 clkload51/X
 clkload52/X
 clkload53/X
 clkload54/X
 clkload55/X
 clkload56/Y
 clkload57/Y
 clkload58/X
 clkload59/Y
 clkload6/X
 clkload60/X
 clkload61/X
 clkload62/Y
 clkload63/X
 clkload64/X
 clkload65/X
 clkload66/X
 clkload67/Y
 clkload68/X
 clkload69/Y
 clkload7/X
 clkload70/X
 clkload71/X
 clkload72/X
 clkload73/X
 clkload74/X
 clkload75/X
 clkload76/X
 clkload77/Y
 clkload78/X
 clkload79/Y
 clkload8/X
 clkload80/X
 clkload81/X
 clkload82/X
 clkload83/X
 clkload84/X
 clkload85/X
 clkload86/X
 clkload87/X
 clkload88/X
 clkload89/X
 clkload9/X
 clkload90/X
 clkload91/X
 clkload92/Y
 clkload93/Y
 clkload94/Y
 clkload95/X
 clkload96/X
 clkload97/X
 clkload98/X
 clkload99/Y
 tt_um_rv32_linux_soc/HI
 tt_um_rv32_linux_soc_6906/HI
 tt_um_rv32_linux_soc_6907/HI
 tt_um_rv32_linux_soc_6908/HI
 tt_um_rv32_linux_soc_6909/LO
 tt_um_rv32_linux_soc_6910/LO
Found 0 partially unannotated drivers.

===========================================================================
max slew violation count 0
max fanout violation count 265
max cap violation count 0
============================================================================

===========================================================================
check_setup -verbose -unconstrained_endpoints -multiple_clock -no_clock -no_input_delay -loops -generated_clocks
===========================================================================
