
===========================================================================
report_checks -unconstrained
===========================================================================
======================= nom_ss_100C_1v60 Corner ===================================

Startpoint: rst_n (input port clocked by clk)
Endpoint: _28976_ (recovery check against rising-edge clock clk)
Path Group: asynchronous
Path Type: max

Fanout         Cap        Slew       Delay        Time   Description
---------------------------------------------------------------------------------------------
                                  0.000000    0.000000   clock clk (rise edge)
                                  0.000000    0.000000   clock network delay (propagated)
                                 10.000000   10.000000 ^ input external delay
     1    0.003509    0.036984    0.020514   10.020514 ^ rst_n (in)
                                                         rst_n (net)
                      0.036984    0.000000   10.020514 ^ fanout2248/A (sky130_fd_sc_hd__clkdlybuf4s25_2)
     1    0.017169    0.155797    0.567709   10.588223 ^ fanout2248/X (sky130_fd_sc_hd__clkdlybuf4s25_2)
                                                         net2248 (net)
                      0.155802    0.001209   10.589433 ^ ci_eco_02079182/A (sky130_fd_sc_hd__buf_8)
     1    0.018837    0.069669    0.224846   10.814279 ^ ci_eco_02079182/X (sky130_fd_sc_hd__buf_8)
                                                         ci_eco_0207_net9182 (net)
                      0.069711    0.001563   10.815842 ^ ci_eco_02069181/A (sky130_fd_sc_hd__buf_8)
     1    0.017652    0.066740    0.182504   10.998345 ^ ci_eco_02069181/X (sky130_fd_sc_hd__buf_8)
                                                         ci_eco_0206_net9181 (net)
                      0.066750    0.000770   10.999116 ^ ci_eco_02059180/A (sky130_fd_sc_hd__buf_8)
     2    0.049071    0.139104    0.241275   11.240391 ^ ci_eco_02059180/X (sky130_fd_sc_hd__buf_8)
                                                         ci_eco_0205_net9180 (net)
                      0.139133    0.002054   11.242446 ^ ci_eco_02019176/A (sky130_fd_sc_hd__buf_8)
     2    0.038731    0.115098    0.255495   11.497941 ^ ci_eco_02019176/X (sky130_fd_sc_hd__buf_8)
                                                         ci_eco_0201_net9176 (net)
                      0.115113    0.001436   11.499377 ^ ci_eco_02009175/A (sky130_fd_sc_hd__buf_8)
     1    0.018680    0.069107    0.205454   11.704831 ^ ci_eco_02009175/X (sky130_fd_sc_hd__buf_8)
                                                         ci_eco_0200_net9175 (net)
                      0.069154    0.001635   11.706467 ^ ci_eco_01979172/A (sky130_fd_sc_hd__buf_8)
     2    0.033079    0.101730    0.211961   11.918427 ^ ci_eco_01979172/X (sky130_fd_sc_hd__buf_8)
                                                         ci_eco_0197_net9172 (net)
                      0.101753    0.001581   11.920009 ^ place6896/A (sky130_fd_sc_hd__buf_2)
    10    0.070435    0.540749    0.575289   12.495297 ^ place6896/X (sky130_fd_sc_hd__buf_2)
                                                         net6896 (net)
                      0.540754    0.001482   12.496780 ^ place6827/A (sky130_fd_sc_hd__buf_2)
     7    0.053857    0.418507    0.673106   13.169886 ^ place6827/X (sky130_fd_sc_hd__buf_2)
                                                         net6827 (net)
                      0.418515    0.002618   13.172504 ^ place6780/A (sky130_fd_sc_hd__buf_2)
    10    0.050172    0.391360    0.602473   13.774977 ^ place6780/X (sky130_fd_sc_hd__buf_2)
                                                         net6780 (net)
                      0.391360    0.000776   13.775753 ^ place6779/A (sky130_fd_sc_hd__buf_2)
     9    0.055933    0.434097    0.623047   14.398801 ^ place6779/X (sky130_fd_sc_hd__buf_2)
                                                         net6779 (net)
                      0.434342    0.006181   14.404982 ^ place6778/A (sky130_fd_sc_hd__buf_2)
    10    0.067943    0.520526    0.703454   15.108436 ^ place6778/X (sky130_fd_sc_hd__buf_2)
                                                         net6778 (net)
                      0.521022    0.011426   15.119862 ^ place6777/A (sky130_fd_sc_hd__buf_2)
     8    0.047456    0.371524    0.628683   15.748545 ^ place6777/X (sky130_fd_sc_hd__buf_2)
                                                         net6777 (net)
                      0.371571    0.004439   15.752983 ^ place6773/A (sky130_fd_sc_hd__buf_2)
     9    0.037831    0.299676    0.515644   16.268627 ^ place6773/X (sky130_fd_sc_hd__buf_2)
                                                         net6773 (net)
                      0.299676    0.000604   16.269232 ^ place6772/A (sky130_fd_sc_hd__buf_2)
     8    0.034581    0.275090    0.469027   16.738258 ^ place6772/X (sky130_fd_sc_hd__buf_2)
                                                         net6772 (net)
                      0.275090    0.000922   16.739182 ^ place6771/A (sky130_fd_sc_hd__buf_2)
    10    0.069730    0.536209    0.649816   17.388998 ^ place6771/X (sky130_fd_sc_hd__buf_2)
                                                         net6771 (net)
                      0.536420    0.009326   17.398323 ^ place6762/A (sky130_fd_sc_hd__buf_2)
     8    0.034485    0.275686    0.564217   17.962540 ^ place6762/X (sky130_fd_sc_hd__buf_2)
                                                         net6762 (net)
                      0.275696    0.002107   17.964647 ^ place6761/A (sky130_fd_sc_hd__buf_2)
     6    0.029320    0.236061    0.429575   18.394222 ^ place6761/X (sky130_fd_sc_hd__buf_2)
                                                         net6761 (net)
                      0.236065    0.001434   18.395655 ^ place6758/A (sky130_fd_sc_hd__buf_2)
    10    0.040045    0.315603    0.472856   18.868511 ^ place6758/X (sky130_fd_sc_hd__buf_2)
                                                         net6758 (net)
                      0.315603    0.000766   18.869276 ^ place6749/A (sky130_fd_sc_hd__buf_2)
    10    0.046225    0.361795    0.539330   19.408607 ^ place6749/X (sky130_fd_sc_hd__buf_2)
                                                         net6749 (net)
                      0.361801    0.002133   19.410740 ^ place6748/A (sky130_fd_sc_hd__buf_2)
     8    0.034635    0.275867    0.494333   19.905073 ^ place6748/X (sky130_fd_sc_hd__buf_2)
                                                         net6748 (net)
                      0.275869    0.001368   19.906441 ^ place6747/A (sky130_fd_sc_hd__buf_2)
     7    0.037811    0.299137    0.476653   20.383095 ^ place6747/X (sky130_fd_sc_hd__buf_2)
                                                         net6747 (net)
                      0.299142    0.001798   20.384893 ^ _28976_/RESET_B (sky130_fd_sc_hd__dfrtp_2)
                                             20.384893   data arrival time

                                 50.000000   50.000000   clock clk (rise edge)
                                  0.000000   50.000000   clock source latency
     2    0.100820    0.724508    0.483411   50.483410 ^ clk (in)
                                                         clk (net)
                      0.724668    0.000000   50.483410 ^ clkbuf_0_clk/A (sky130_fd_sc_hd__clkbuf_16)
     2    0.045617    0.110144    0.492705   50.976112 ^ clkbuf_0_clk/X (sky130_fd_sc_hd__clkbuf_16)
                                                         clknet_0_clk (net)
                      0.110144    0.001961   50.978073 ^ ci_eco_01969171/A (sky130_fd_sc_hd__clkbuf_16)
     4    0.081219    0.150364    0.295469   51.273544 ^ ci_eco_01969171/X (sky130_fd_sc_hd__clkbuf_16)
                                                         ci_eco_0196_net9171 (net)
                      0.150837    0.005610   51.279152 ^ clkbuf_3_4_0_clk/A (sky130_fd_sc_hd__clkbuf_8)
     8    0.150122    0.398304    0.486818   51.765972 ^ clkbuf_3_4_0_clk/X (sky130_fd_sc_hd__clkbuf_8)
                                                         clknet_3_4_0_clk (net)
                      0.398834    0.009916   51.775887 ^ clkbuf_6_32__f_clk/A (sky130_fd_sc_hd__clkbuf_16)
     6    0.057352    0.119526    0.390436   52.166321 ^ clkbuf_6_32__f_clk/X (sky130_fd_sc_hd__clkbuf_16)
                                                         clknet_6_32__leaf_clk (net)
                      0.119645    0.003087   52.169411 ^ clkbuf_leaf_297_clk/A (sky130_fd_sc_hd__clkbuf_8)
     5    0.026790    0.099707    0.259931   52.429340 ^ clkbuf_leaf_297_clk/X (sky130_fd_sc_hd__clkbuf_8)
                                                         clknet_leaf_297_clk (net)
                      0.099707    0.000377   52.429718 ^ _28976_/CLK (sky130_fd_sc_hd__dfrtp_2)
                                 -0.250000   52.179718   clock uncertainty
                                  0.000000   52.179718   clock reconvergence pessimism
                                  0.356745   52.536461   library recovery time
                                             52.536461   data required time
---------------------------------------------------------------------------------------------
                                             52.536461   data required time
                                            -20.384893   data arrival time
---------------------------------------------------------------------------------------------
                                             32.151569   slack (MET)


Startpoint: _28478_ (rising edge-triggered flip-flop clocked by clk)
Endpoint: _27797_ (rising edge-triggered flip-flop clocked by clk)
Path Group: clk
Path Type: max

Fanout         Cap        Slew       Delay        Time   Description
---------------------------------------------------------------------------------------------
                                  0.000000    0.000000   clock clk (rise edge)
                                  0.000000    0.000000   clock source latency
     2    0.100820    0.724508    0.534295    0.534295 ^ clk (in)
                                                         clk (net)
                      0.724668    0.000000    0.534295 ^ clkbuf_0_clk/A (sky130_fd_sc_hd__clkbuf_16)
     2    0.045617    0.110144    0.544569    1.078864 ^ clkbuf_0_clk/X (sky130_fd_sc_hd__clkbuf_16)
                                                         clknet_0_clk (net)
                      0.110144    0.002083    1.080947 ^ ci_eco_01959170/A (sky130_fd_sc_hd__clkbuf_16)
     5    0.099867    0.176654    0.347599    1.428546 ^ ci_eco_01959170/X (sky130_fd_sc_hd__clkbuf_16)
                                                         ci_eco_0195_net9170 (net)
                      0.177069    0.006381    1.434927 ^ clkbuf_3_1_0_clk/A (sky130_fd_sc_hd__clkbuf_8)
     8    0.131223    0.351404    0.515366    1.950293 ^ clkbuf_3_1_0_clk/X (sky130_fd_sc_hd__clkbuf_8)
                                                         clknet_3_1_0_clk (net)
                      0.351765    0.009776    1.960068 ^ clkbuf_6_10__f_clk/A (sky130_fd_sc_hd__clkbuf_16)
     6    0.047691    0.106047    0.400568    2.360636 ^ clkbuf_6_10__f_clk/X (sky130_fd_sc_hd__clkbuf_16)
                                                         clknet_6_10__leaf_clk (net)
                      0.106073    0.001579    2.362215 ^ clkbuf_leaf_317_clk/A (sky130_fd_sc_hd__clkbuf_8)
    10    0.032640    0.111971    0.294083    2.656298 ^ clkbuf_leaf_317_clk/X (sky130_fd_sc_hd__clkbuf_8)
                                                         clknet_leaf_317_clk (net)
                      0.111986    0.001350    2.657648 ^ _28478_/CLK (sky130_fd_sc_hd__dfrtp_2)
     6    0.034897    0.210989    1.029385    3.687033 v _28478_/Q (sky130_fd_sc_hd__dfrtp_2)
                                                         soc.cpu.instr[2] (net)
                      0.210999    0.001860    3.688894 v _22992_/A (sky130_fd_sc_hd__or4bb_2)
     8    0.059747    0.515065    2.089437    5.778331 v _22992_/X (sky130_fd_sc_hd__or4bb_2)
                                                         _11374_ (net)
                      0.515085    0.003969    5.782300 v _23341_/B2 (sky130_fd_sc_hd__o22ai_2)
     6    0.049482    0.937843    0.938427    6.720727 ^ _23341_/Y (sky130_fd_sc_hd__o22ai_2)
                                                         _11723_ (net)
                      0.937903    0.006497    6.727225 ^ _23342_/S (sky130_fd_sc_hd__mux2_1)
     1    0.005418    0.137319    1.002684    7.729908 v _23342_/X (sky130_fd_sc_hd__mux2_1)
                                                         _11724_ (net)
                      0.137319    0.000204    7.730113 v _23343_/A1 (sky130_fd_sc_hd__mux2_1)
     2    0.012087    0.199866    0.832152    8.562264 v _23343_/X (sky130_fd_sc_hd__mux2_1)
                                                         _11725_ (net)
                      0.199866    0.000447    8.562712 v _23349_/S (sky130_fd_sc_hd__mux2_1)
     3    0.011012    0.188930    0.885745    9.448457 v _23349_/X (sky130_fd_sc_hd__mux2_1)
                                                         _11731_ (net)
                      0.188930    0.000342    9.448798 v _23468_/A1 (sky130_fd_sc_hd__a21bo_2)
     2    0.014980    0.115598    0.492351    9.941150 v _23468_/X (sky130_fd_sc_hd__a21bo_2)
                                                         _11850_ (net)
                      0.115598    0.000403    9.941553 v _23471_/A1 (sky130_fd_sc_hd__a21oi_2)
     2    0.015304    0.335453    0.389206   10.330759 ^ _23471_/Y (sky130_fd_sc_hd__a21oi_2)
                                                         _11853_ (net)
                      0.335454    0.000658   10.331417 ^ _23472_/A2 (sky130_fd_sc_hd__o21bai_2)
     3    0.018341    0.208611    0.307978   10.639395 v _23472_/Y (sky130_fd_sc_hd__o21bai_2)
                                                         _11854_ (net)
                      0.208611    0.000417   10.639812 v _23476_/B1 (sky130_fd_sc_hd__a221o_2)
     3    0.017418    0.164756    0.814356   11.454167 v _23476_/X (sky130_fd_sc_hd__a221o_2)
                                                         _11858_ (net)
                      0.164757    0.000917   11.455084 v _23479_/A3 (sky130_fd_sc_hd__a311o_2)
     4    0.019844    0.172441    0.919298   12.374383 v _23479_/X (sky130_fd_sc_hd__a311o_2)
                                                         _11861_ (net)
                      0.172537    0.000898   12.375280 v _23480_/C (sky130_fd_sc_hd__and3_2)
     3    0.017995    0.136871    0.600668   12.975948 v _23480_/X (sky130_fd_sc_hd__and3_2)
                                                         _11862_ (net)
                      0.136871    0.000248   12.976196 v _23654_/B (sky130_fd_sc_hd__or2_2)
     1    0.008925    0.142410    0.732369   13.708566 v _23654_/X (sky130_fd_sc_hd__or2_2)
                                                         _12036_ (net)
                      0.142410    0.000282   13.708847 v _23655_/B (sky130_fd_sc_hd__xnor2_2)
     2    0.032889    0.330235    0.468589   14.177436 v _23655_/Y (sky130_fd_sc_hd__xnor2_2)
                                                         _12037_ (net)
                      0.330276    0.003192   14.180628 v _23656_/B1 (sky130_fd_sc_hd__a22oi_2)
     4    0.063556    1.228064    1.122205   15.302834 ^ _23656_/Y (sky130_fd_sc_hd__a22oi_2)
                                                         _12038_ (net)
                      1.228074    0.003093   15.305926 ^ _23730_/A2 (sky130_fd_sc_hd__o221ai_2)
     1    0.008407    0.234065    0.559725   15.865650 v _23730_/Y (sky130_fd_sc_hd__o221ai_2)
                                                         _12112_ (net)
                      0.234065    0.000352   15.866002 v _23731_/D1 (sky130_fd_sc_hd__a2111o_2)
     1    0.002050    0.101706    0.742782   16.608784 v _23731_/X (sky130_fd_sc_hd__a2111o_2)
                                                         _12113_ (net)
                      0.101706    0.000046   16.608829 v _23732_/D (sky130_fd_sc_hd__or4_2)
     1    0.002445    0.209339    1.355456   17.964287 v _23732_/X (sky130_fd_sc_hd__or4_2)
                                                         _12114_ (net)
                      0.209339    0.000055   17.964342 v _23733_/D (sky130_fd_sc_hd__or4_2)
     1    0.006324    0.247893    1.466390   19.430731 v _23733_/X (sky130_fd_sc_hd__or4_2)
                                                         _12115_ (net)
                      0.247893    0.000176   19.430906 v _23734_/C1 (sky130_fd_sc_hd__a2111oi_2)
     1    0.004623    0.478695    0.608653   20.039560 ^ _23734_/Y (sky130_fd_sc_hd__a2111oi_2)
                                                         _12116_ (net)
                      0.478695    0.000172   20.039732 ^ _23735_/C1 (sky130_fd_sc_hd__o221a_2)
     1    0.004407    0.096613    0.564620   20.604353 ^ _23735_/X (sky130_fd_sc_hd__o221a_2)
                                                         _12117_ (net)
                      0.096613    0.000167   20.604519 ^ _23736_/D_N (sky130_fd_sc_hd__or4b_2)
     1    0.011559    0.278077    1.599887   22.204407 v _23736_/X (sky130_fd_sc_hd__or4b_2)
                                                         _12118_ (net)
                      0.278077    0.000693   22.205099 v _23737_/D1 (sky130_fd_sc_hd__a2111o_2)
     1    0.001974    0.101193    0.758790   22.963890 v _23737_/X (sky130_fd_sc_hd__a2111o_2)
                                                         _12119_ (net)
                      0.101193    0.000059   22.963947 v _23738_/D (sky130_fd_sc_hd__or4_2)
     1    0.005751    0.244778    1.426361   24.390308 v _23738_/X (sky130_fd_sc_hd__or4_2)
                                                         _12120_ (net)
                      0.244778    0.000227   24.390537 v _23740_/C1 (sky130_fd_sc_hd__a2111o_2)
     1    0.004086    0.114532    0.886114   25.276651 v _23740_/X (sky130_fd_sc_hd__a2111o_2)
                                                         _12122_ (net)
                      0.114532    0.000105   25.276756 v _23741_/A2 (sky130_fd_sc_hd__o21a_2)
     2    0.004388    0.066142    0.402418   25.679173 v _23741_/X (sky130_fd_sc_hd__o21a_2)
                                                         _12123_ (net)
                      0.066142    0.000076   25.679249 v _23746_/B (sky130_fd_sc_hd__or2_2)
     4    0.026097    0.218139    0.813845   26.493095 v _23746_/X (sky130_fd_sc_hd__or2_2)
                                                         _12128_ (net)
                      0.218139    0.000670   26.493765 v _25230_/A1 (sky130_fd_sc_hd__o22ai_4)
     1    0.024330    0.408689    0.500583   26.994347 ^ _25230_/Y (sky130_fd_sc_hd__o22ai_4)
                                                         _03605_ (net)
                      0.408689    0.001126   26.995474 ^ ci_eco_00098984/A (sky130_fd_sc_hd__buf_8)
     1    0.021525    0.079267    0.325938   27.321411 ^ ci_eco_00098984/X (sky130_fd_sc_hd__buf_8)
                                                         ci_eco_0009_net8984 (net)
                      0.079295    0.001409   27.322821 ^ ci_eco_00088983/A (sky130_fd_sc_hd__buf_8)
     1    0.019162    0.070030    0.189869   27.512690 ^ ci_eco_00088983/X (sky130_fd_sc_hd__buf_8)
                                                         ci_eco_0008_net8983 (net)
                      0.070044    0.000991   27.513681 ^ ci_eco_00078982/A (sky130_fd_sc_hd__buf_8)
     1    0.021822    0.075933    0.190608   27.704288 ^ ci_eco_00078982/X (sky130_fd_sc_hd__buf_8)
                                                         ci_eco_0007_net8982 (net)
                      0.075951    0.001165   27.705454 ^ ci_eco_00068981/A (sky130_fd_sc_hd__buf_8)
     1    0.022672    0.077837    0.195080   27.900534 ^ ci_eco_00068981/X (sky130_fd_sc_hd__buf_8)
                                                         ci_eco_0006_net8981 (net)
                      0.077848    0.001016   27.901550 ^ ci_eco_00058980/A (sky130_fd_sc_hd__buf_8)
     6    0.014328    0.059647    0.179991   28.081541 ^ ci_eco_00058980/X (sky130_fd_sc_hd__buf_8)
                                                         ci_eco_0005_net8980 (net)
                      0.059648    0.000608   28.082150 ^ _25231_/B1 (sky130_fd_sc_hd__a31o_2)
     3    0.076257    0.665373    0.630584   28.712732 ^ _25231_/X (sky130_fd_sc_hd__a31o_2)
                                                         _03606_ (net)
                      0.665949    0.017017   28.729750 ^ _25235_/B (sky130_fd_sc_hd__nor2_2)
     3    0.027312    0.219998    0.384992   29.114742 v _25235_/Y (sky130_fd_sc_hd__nor2_2)
                                                         _03610_ (net)
                      0.219999    0.000949   29.115690 v _25326_/C (sky130_fd_sc_hd__and4_2)
     8    0.083527    0.375377    0.889582   30.005272 v _25326_/X (sky130_fd_sc_hd__and4_2)
                                                         _03701_ (net)
                      0.375654    0.009770   30.015041 v _25338_/B (sky130_fd_sc_hd__nand2_2)
     1    0.002979    0.139841    0.223068   30.238110 ^ _25338_/Y (sky130_fd_sc_hd__nand2_2)
                                                         _03713_ (net)
                      0.139841    0.000089   30.238199 ^ _25339_/B1 (sky130_fd_sc_hd__o211a_2)
     4    0.018824    0.205443    0.539320   30.777519 ^ _25339_/X (sky130_fd_sc_hd__o211a_2)
                                                         _03714_ (net)
                      0.205443    0.000799   30.778318 ^ place5204/A (sky130_fd_sc_hd__buf_2)
    10    0.042056    0.330476    0.470042   31.248360 ^ place5204/X (sky130_fd_sc_hd__buf_2)
                                                         net5204 (net)
                      0.330484    0.002217   31.250576 ^ place5203/A (sky130_fd_sc_hd__buf_2)
     8    0.034043    0.271332    0.478302   31.728878 ^ place5203/X (sky130_fd_sc_hd__buf_2)
                                                         net5203 (net)
                      0.271335    0.001432   31.730310 ^ place5202/A (sky130_fd_sc_hd__buf_2)
     9    0.042512    0.333874    0.501540   32.231850 ^ place5202/X (sky130_fd_sc_hd__buf_2)
                                                         net5202 (net)
                      0.333874    0.001098   32.232948 ^ place5201/A (sky130_fd_sc_hd__buf_2)
    10    0.046600    0.364492    0.549278   32.782227 ^ place5201/X (sky130_fd_sc_hd__buf_2)
                                                         net5201 (net)
                      0.364497    0.002004   32.784229 ^ _26551_/S (sky130_fd_sc_hd__mux2_1)
     2    0.008629    0.165009    0.913420   33.697651 v _26551_/X (sky130_fd_sc_hd__mux2_1)
                                                         _04899_ (net)
                      0.165009    0.000203   33.697853 v _26620_/A1 (sky130_fd_sc_hd__mux2_1)
     1    0.005583    0.138205    0.765027   34.462879 v _26620_/X (sky130_fd_sc_hd__mux2_1)
                                                         _04966_ (net)
                      0.138205    0.000245   34.463123 v _26621_/B1 (sky130_fd_sc_hd__a2bb2o_2)
     1    0.018293    0.149662    0.663665   35.126789 v _26621_/X (sky130_fd_sc_hd__a2bb2o_2)
                                                         _04967_ (net)
                      0.149734    0.000746   35.127537 v _26622_/B1 (sky130_fd_sc_hd__a211o_2)
     1    0.005953    0.099799    0.660293   35.787830 v _26622_/X (sky130_fd_sc_hd__a211o_2)
                                                         _04968_ (net)
                      0.099799    0.000153   35.787983 v _26623_/B1 (sky130_fd_sc_hd__o21ai_2)
     2    0.024199    0.491997    0.230916   36.018898 ^ _26623_/Y (sky130_fd_sc_hd__o21ai_2)
                                                         _04969_ (net)
                      0.491997    0.001652   36.020550 ^ _26624_/B (sky130_fd_sc_hd__nor2_2)
     2    0.024770    0.213068    0.307399   36.327950 v _26624_/Y (sky130_fd_sc_hd__nor2_2)
                                                         _04970_ (net)
                      0.213091    0.002451   36.330399 v _26629_/C (sky130_fd_sc_hd__or4_2)
     1    0.002828    0.213163    1.555556   37.885956 v _26629_/X (sky130_fd_sc_hd__or4_2)
                                                         _04975_ (net)
                      0.213163    0.000060   37.886017 v _26644_/A3 (sky130_fd_sc_hd__a311o_2)
     2    0.038107    0.247425    1.024240   38.910255 v _26644_/X (sky130_fd_sc_hd__a311o_2)
                                                         _04990_ (net)
                      0.247517    0.004722   38.914978 v _26645_/A1 (sky130_fd_sc_hd__mux2_1)
    10    0.079539    0.730732    1.373579   40.288555 v _26645_/X (sky130_fd_sc_hd__mux2_1)
                                                         _04991_ (net)
                      0.731053    0.014889   40.303444 v place5097/A (sky130_fd_sc_hd__buf_2)
     7    0.019483    0.114124    0.626574   40.930019 v place5097/X (sky130_fd_sc_hd__buf_2)
                                                         net5097 (net)
                      0.114210    0.000348   40.930367 v place5095/A (sky130_fd_sc_hd__buf_2)
     9    0.027063    0.137595    0.359531   41.289898 v place5095/X (sky130_fd_sc_hd__buf_2)
                                                         net5095 (net)
                      0.137596    0.000711   41.290611 v place5094/A (sky130_fd_sc_hd__buf_2)
     7    0.021216    0.114811    0.351847   41.642456 v place5094/X (sky130_fd_sc_hd__buf_2)
                                                         net5094 (net)
                      0.114813    0.000757   41.643211 v _14191_/A1 (sky130_fd_sc_hd__mux2_1)
     1    0.002169    0.104213    0.688718   42.331932 v _14191_/X (sky130_fd_sc_hd__mux2_1)
                                                         _01113_ (net)
                      0.104213    0.000068   42.331997 v _27797_/D (sky130_fd_sc_hd__dfxtp_2)
                                             42.331997   data arrival time

                                 50.000000   50.000000   clock clk (rise edge)
                                  0.000000   50.000000   clock source latency
     2    0.100820    0.724508    0.483411   50.483410 ^ clk (in)
                                                         clk (net)
                      0.724668    0.000000   50.483410 ^ clkbuf_0_clk/A (sky130_fd_sc_hd__clkbuf_16)
     2    0.045617    0.110144    0.492705   50.976112 ^ clkbuf_0_clk/X (sky130_fd_sc_hd__clkbuf_16)
                                                         clknet_0_clk (net)
                      0.110144    0.001961   50.978073 ^ ci_eco_01969171/A (sky130_fd_sc_hd__clkbuf_16)
     4    0.081219    0.150364    0.295469   51.273544 ^ ci_eco_01969171/X (sky130_fd_sc_hd__clkbuf_16)
                                                         ci_eco_0196_net9171 (net)
                      0.150881    0.005929   51.279472 ^ clkbuf_3_5_0_clk/A (sky130_fd_sc_hd__clkbuf_8)
     8    0.145031    0.388118    0.475431   51.754906 ^ clkbuf_3_5_0_clk/X (sky130_fd_sc_hd__clkbuf_8)
                                                         clknet_3_5_0_clk (net)
                      0.388790    0.012655   51.767559 ^ clkbuf_6_47__f_clk/A (sky130_fd_sc_hd__clkbuf_16)
     6    0.054462    0.115572    0.383857   52.151417 ^ clkbuf_6_47__f_clk/X (sky130_fd_sc_hd__clkbuf_16)
                                                         clknet_6_47__leaf_clk (net)
                      0.115583    0.001180   52.152596 ^ clkbuf_leaf_222_clk/A (sky130_fd_sc_hd__clkbuf_8)
    13    0.036825    0.121956    0.277677   52.430271 ^ clkbuf_leaf_222_clk/X (sky130_fd_sc_hd__clkbuf_8)
                                                         clknet_leaf_222_clk (net)
                      0.121969    0.001251   52.431522 ^ _27797_/CLK (sky130_fd_sc_hd__dfxtp_2)
                                 -0.250000   52.181522   clock uncertainty
                                  0.102749   52.284267   clock reconvergence pessimism
                                 -0.274522   52.009747   library setup time
                                             52.009747   data required time
---------------------------------------------------------------------------------------------
                                             52.009747   data required time
                                            -42.331997   data arrival time
---------------------------------------------------------------------------------------------
                                              9.677749   slack (MET)




===========================================================================
report_checks --slack_max -0.01
============================================================================
======================= nom_ss_100C_1v60 Corner ===================================

No paths found.


===========================================================================
 report_check_types -max_slew -max_cap -max_fanout -violators
============================================================================
======================= nom_ss_100C_1v60 Corner ===================================

max fanout

Pin                                   Limit Fanout  Slack
---------------------------------------------------------
_25437_/X                                10     16     -6 (VIOLATED)
_26137_/X                                10     16     -6 (VIOLATED)
_26680_/X                                10     16     -6 (VIOLATED)
_24763_/X                                10     14     -4 (VIOLATED)
clkbuf_leaf_308_clk/X                    10     14     -4 (VIOLATED)
clkbuf_leaf_309_clk/X                    10     14     -4 (VIOLATED)
place6213/X                              10     14     -4 (VIOLATED)
place6576/X                              10     14     -4 (VIOLATED)
_24687_/X                                10     13     -3 (VIOLATED)
clkbuf_leaf_101_clk/X                    10     13     -3 (VIOLATED)
clkbuf_leaf_104_clk/X                    10     13     -3 (VIOLATED)
clkbuf_leaf_10_clk/X                     10     13     -3 (VIOLATED)
clkbuf_leaf_115_clk/X                    10     13     -3 (VIOLATED)
clkbuf_leaf_129_clk/X                    10     13     -3 (VIOLATED)
clkbuf_leaf_133_clk/X                    10     13     -3 (VIOLATED)
clkbuf_leaf_140_clk/X                    10     13     -3 (VIOLATED)
clkbuf_leaf_154_clk/X                    10     13     -3 (VIOLATED)
clkbuf_leaf_169_clk/X                    10     13     -3 (VIOLATED)
clkbuf_leaf_172_clk/X                    10     13     -3 (VIOLATED)
clkbuf_leaf_173_clk/X                    10     13     -3 (VIOLATED)
clkbuf_leaf_17_clk/X                     10     13     -3 (VIOLATED)
clkbuf_leaf_198_clk/X                    10     13     -3 (VIOLATED)
clkbuf_leaf_199_clk/X                    10     13     -3 (VIOLATED)
clkbuf_leaf_19_clk/X                     10     13     -3 (VIOLATED)
clkbuf_leaf_208_clk/X                    10     13     -3 (VIOLATED)
clkbuf_leaf_209_clk/X                    10     13     -3 (VIOLATED)
clkbuf_leaf_210_clk/X                    10     13     -3 (VIOLATED)
clkbuf_leaf_211_clk/X                    10     13     -3 (VIOLATED)
clkbuf_leaf_215_clk/X                    10     13     -3 (VIOLATED)
clkbuf_leaf_216_clk/X                    10     13     -3 (VIOLATED)
clkbuf_leaf_218_clk/X                    10     13     -3 (VIOLATED)
clkbuf_leaf_222_clk/X                    10     13     -3 (VIOLATED)
clkbuf_leaf_223_clk/X                    10     13     -3 (VIOLATED)
clkbuf_leaf_226_clk/X                    10     13     -3 (VIOLATED)
clkbuf_leaf_22_clk/X                     10     13     -3 (VIOLATED)
clkbuf_leaf_230_clk/X                    10     13     -3 (VIOLATED)
clkbuf_leaf_233_clk/X                    10     13     -3 (VIOLATED)
clkbuf_leaf_23_clk/X                     10     13     -3 (VIOLATED)
clkbuf_leaf_241_clk/X                    10     13     -3 (VIOLATED)
clkbuf_leaf_243_clk/X                    10     13     -3 (VIOLATED)
clkbuf_leaf_246_clk/X                    10     13     -3 (VIOLATED)
clkbuf_leaf_248_clk/X                    10     13     -3 (VIOLATED)
clkbuf_leaf_251_clk/X                    10     13     -3 (VIOLATED)
clkbuf_leaf_26_clk/X                     10     13     -3 (VIOLATED)
clkbuf_leaf_303_clk/X                    10     13     -3 (VIOLATED)
clkbuf_leaf_310_clk/X                    10     13     -3 (VIOLATED)
clkbuf_leaf_327_clk/X                    10     13     -3 (VIOLATED)
clkbuf_leaf_43_clk/X                     10     13     -3 (VIOLATED)
clkbuf_leaf_44_clk/X                     10     13     -3 (VIOLATED)
clkbuf_leaf_45_clk/X                     10     13     -3 (VIOLATED)
clkbuf_leaf_52_clk/X                     10     13     -3 (VIOLATED)
clkbuf_leaf_66_clk/X                     10     13     -3 (VIOLATED)
clkbuf_leaf_67_clk/X                     10     13     -3 (VIOLATED)
clkbuf_leaf_68_clk/X                     10     13     -3 (VIOLATED)
clkbuf_leaf_71_clk/X                     10     13     -3 (VIOLATED)
clkbuf_leaf_89_clk/X                     10     13     -3 (VIOLATED)
clkbuf_leaf_90_clk/X                     10     13     -3 (VIOLATED)
clkbuf_leaf_91_clk/X                     10     13     -3 (VIOLATED)
place6421/X                              10     13     -3 (VIOLATED)
place6426/X                              10     13     -3 (VIOLATED)
place6529/X                              10     13     -3 (VIOLATED)
place6536/X                              10     13     -3 (VIOLATED)
_24778_/X                                10     12     -2 (VIOLATED)
_24847_/X                                10     12     -2 (VIOLATED)
_25843_/X                                10     12     -2 (VIOLATED)
_26714_/X                                10     12     -2 (VIOLATED)
_28158_/Q                                10     12     -2 (VIOLATED)
_28160_/Q                                10     12     -2 (VIOLATED)
_28161_/Q                                10     12     -2 (VIOLATED)
_28170_/Q                                10     12     -2 (VIOLATED)
_28458_/Q                                10     12     -2 (VIOLATED)
_28473_/Q                                10     12     -2 (VIOLATED)
clkbuf_leaf_0_clk/X                      10     12     -2 (VIOLATED)
clkbuf_leaf_100_clk/X                    10     12     -2 (VIOLATED)
clkbuf_leaf_102_clk/X                    10     12     -2 (VIOLATED)
clkbuf_leaf_105_clk/X                    10     12     -2 (VIOLATED)
clkbuf_leaf_106_clk/X                    10     12     -2 (VIOLATED)
clkbuf_leaf_107_clk/X                    10     12     -2 (VIOLATED)
clkbuf_leaf_108_clk/X                    10     12     -2 (VIOLATED)
clkbuf_leaf_109_clk/X                    10     12     -2 (VIOLATED)
clkbuf_leaf_110_clk/X                    10     12     -2 (VIOLATED)
clkbuf_leaf_111_clk/X                    10     12     -2 (VIOLATED)
clkbuf_leaf_112_clk/X                    10     12     -2 (VIOLATED)
clkbuf_leaf_114_clk/X                    10     12     -2 (VIOLATED)
clkbuf_leaf_116_clk/X                    10     12     -2 (VIOLATED)
clkbuf_leaf_117_clk/X                    10     12     -2 (VIOLATED)
clkbuf_leaf_119_clk/X                    10     12     -2 (VIOLATED)
clkbuf_leaf_120_clk/X                    10     12     -2 (VIOLATED)
clkbuf_leaf_121_clk/X                    10     12     -2 (VIOLATED)
clkbuf_leaf_124_clk/X                    10     12     -2 (VIOLATED)
clkbuf_leaf_125_clk/X                    10     12     -2 (VIOLATED)
clkbuf_leaf_127_clk/X                    10     12     -2 (VIOLATED)
clkbuf_leaf_12_clk/X                     10     12     -2 (VIOLATED)
clkbuf_leaf_130_clk/X                    10     12     -2 (VIOLATED)
clkbuf_leaf_131_clk/X                    10     12     -2 (VIOLATED)
clkbuf_leaf_134_clk/X                    10     12     -2 (VIOLATED)
clkbuf_leaf_136_clk/X                    10     12     -2 (VIOLATED)
clkbuf_leaf_138_clk/X                    10     12     -2 (VIOLATED)
clkbuf_leaf_142_clk/X                    10     12     -2 (VIOLATED)
clkbuf_leaf_143_clk/X                    10     12     -2 (VIOLATED)
clkbuf_leaf_147_clk/X                    10     12     -2 (VIOLATED)
clkbuf_leaf_148_clk/X                    10     12     -2 (VIOLATED)
clkbuf_leaf_157_clk/X                    10     12     -2 (VIOLATED)
clkbuf_leaf_159_clk/X                    10     12     -2 (VIOLATED)
clkbuf_leaf_160_clk/X                    10     12     -2 (VIOLATED)
clkbuf_leaf_163_clk/X                    10     12     -2 (VIOLATED)
clkbuf_leaf_164_clk/X                    10     12     -2 (VIOLATED)
clkbuf_leaf_165_clk/X                    10     12     -2 (VIOLATED)
clkbuf_leaf_166_clk/X                    10     12     -2 (VIOLATED)
clkbuf_leaf_167_clk/X                    10     12     -2 (VIOLATED)
clkbuf_leaf_170_clk/X                    10     12     -2 (VIOLATED)
clkbuf_leaf_171_clk/X                    10     12     -2 (VIOLATED)
clkbuf_leaf_175_clk/X                    10     12     -2 (VIOLATED)
clkbuf_leaf_176_clk/X                    10     12     -2 (VIOLATED)
clkbuf_leaf_177_clk/X                    10     12     -2 (VIOLATED)
clkbuf_leaf_178_clk/X                    10     12     -2 (VIOLATED)
clkbuf_leaf_179_clk/X                    10     12     -2 (VIOLATED)
clkbuf_leaf_180_clk/X                    10     12     -2 (VIOLATED)
clkbuf_leaf_181_clk/X                    10     12     -2 (VIOLATED)
clkbuf_leaf_186_clk/X                    10     12     -2 (VIOLATED)
clkbuf_leaf_187_clk/X                    10     12     -2 (VIOLATED)
clkbuf_leaf_188_clk/X                    10     12     -2 (VIOLATED)
clkbuf_leaf_189_clk/X                    10     12     -2 (VIOLATED)
clkbuf_leaf_191_clk/X                    10     12     -2 (VIOLATED)
clkbuf_leaf_192_clk/X                    10     12     -2 (VIOLATED)
clkbuf_leaf_195_clk/X                    10     12     -2 (VIOLATED)
clkbuf_leaf_196_clk/X                    10     12     -2 (VIOLATED)
clkbuf_leaf_197_clk/X                    10     12     -2 (VIOLATED)
clkbuf_leaf_200_clk/X                    10     12     -2 (VIOLATED)
clkbuf_leaf_201_clk/X                    10     12     -2 (VIOLATED)
clkbuf_leaf_202_clk/X                    10     12     -2 (VIOLATED)
clkbuf_leaf_203_clk/X                    10     12     -2 (VIOLATED)
clkbuf_leaf_204_clk/X                    10     12     -2 (VIOLATED)
clkbuf_leaf_20_clk/X                     10     12     -2 (VIOLATED)
clkbuf_leaf_212_clk/X                    10     12     -2 (VIOLATED)
clkbuf_leaf_213_clk/X                    10     12     -2 (VIOLATED)
clkbuf_leaf_214_clk/X                    10     12     -2 (VIOLATED)
clkbuf_leaf_217_clk/X                    10     12     -2 (VIOLATED)
clkbuf_leaf_21_clk/X                     10     12     -2 (VIOLATED)
clkbuf_leaf_220_clk/X                    10     12     -2 (VIOLATED)
clkbuf_leaf_221_clk/X                    10     12     -2 (VIOLATED)
clkbuf_leaf_225_clk/X                    10     12     -2 (VIOLATED)
clkbuf_leaf_227_clk/X                    10     12     -2 (VIOLATED)
clkbuf_leaf_229_clk/X                    10     12     -2 (VIOLATED)
clkbuf_leaf_231_clk/X                    10     12     -2 (VIOLATED)
clkbuf_leaf_232_clk/X                    10     12     -2 (VIOLATED)
clkbuf_leaf_237_clk/X                    10     12     -2 (VIOLATED)
clkbuf_leaf_239_clk/X                    10     12     -2 (VIOLATED)
clkbuf_leaf_240_clk/X                    10     12     -2 (VIOLATED)
clkbuf_leaf_244_clk/X                    10     12     -2 (VIOLATED)
clkbuf_leaf_245_clk/X                    10     12     -2 (VIOLATED)
clkbuf_leaf_250_clk/X                    10     12     -2 (VIOLATED)
clkbuf_leaf_253_clk/X                    10     12     -2 (VIOLATED)
clkbuf_leaf_258_clk/X                    10     12     -2 (VIOLATED)
clkbuf_leaf_259_clk/X                    10     12     -2 (VIOLATED)
clkbuf_leaf_25_clk/X                     10     12     -2 (VIOLATED)
clkbuf_leaf_260_clk/X                    10     12     -2 (VIOLATED)
clkbuf_leaf_261_clk/X                    10     12     -2 (VIOLATED)
clkbuf_leaf_262_clk/X                    10     12     -2 (VIOLATED)
clkbuf_leaf_263_clk/X                    10     12     -2 (VIOLATED)
clkbuf_leaf_264_clk/X                    10     12     -2 (VIOLATED)
clkbuf_leaf_265_clk/X                    10     12     -2 (VIOLATED)
clkbuf_leaf_266_clk/X                    10     12     -2 (VIOLATED)
clkbuf_leaf_268_clk/X                    10     12     -2 (VIOLATED)
clkbuf_leaf_270_clk/X                    10     12     -2 (VIOLATED)
clkbuf_leaf_271_clk/X                    10     12     -2 (VIOLATED)
clkbuf_leaf_272_clk/X                    10     12     -2 (VIOLATED)
clkbuf_leaf_273_clk/X                    10     12     -2 (VIOLATED)
clkbuf_leaf_278_clk/X                    10     12     -2 (VIOLATED)
clkbuf_leaf_279_clk/X                    10     12     -2 (VIOLATED)
clkbuf_leaf_27_clk/X                     10     12     -2 (VIOLATED)
clkbuf_leaf_280_clk/X                    10     12     -2 (VIOLATED)
clkbuf_leaf_284_clk/X                    10     12     -2 (VIOLATED)
clkbuf_leaf_287_clk/X                    10     12     -2 (VIOLATED)
clkbuf_leaf_28_clk/X                     10     12     -2 (VIOLATED)
clkbuf_leaf_291_clk/X                    10     12     -2 (VIOLATED)
clkbuf_leaf_292_clk/X                    10     12     -2 (VIOLATED)
clkbuf_leaf_293_clk/X                    10     12     -2 (VIOLATED)
clkbuf_leaf_294_clk/X                    10     12     -2 (VIOLATED)
clkbuf_leaf_295_clk/X                    10     12     -2 (VIOLATED)
clkbuf_leaf_299_clk/X                    10     12     -2 (VIOLATED)
clkbuf_leaf_29_clk/X                     10     12     -2 (VIOLATED)
clkbuf_leaf_2_clk/X                      10     12     -2 (VIOLATED)
clkbuf_leaf_304_clk/X                    10     12     -2 (VIOLATED)
clkbuf_leaf_307_clk/X                    10     12     -2 (VIOLATED)
clkbuf_leaf_311_clk/X                    10     12     -2 (VIOLATED)
clkbuf_leaf_31_clk/X                     10     12     -2 (VIOLATED)
clkbuf_leaf_323_clk/X                    10     12     -2 (VIOLATED)
clkbuf_leaf_36_clk/X                     10     12     -2 (VIOLATED)
clkbuf_leaf_37_clk/X                     10     12     -2 (VIOLATED)
clkbuf_leaf_38_clk/X                     10     12     -2 (VIOLATED)
clkbuf_leaf_39_clk/X                     10     12     -2 (VIOLATED)
clkbuf_leaf_3_clk/X                      10     12     -2 (VIOLATED)
clkbuf_leaf_40_clk/X                     10     12     -2 (VIOLATED)
clkbuf_leaf_41_clk/X                     10     12     -2 (VIOLATED)
clkbuf_leaf_48_clk/X                     10     12     -2 (VIOLATED)
clkbuf_leaf_50_clk/X                     10     12     -2 (VIOLATED)
clkbuf_leaf_53_clk/X                     10     12     -2 (VIOLATED)
clkbuf_leaf_54_clk/X                     10     12     -2 (VIOLATED)
clkbuf_leaf_57_clk/X                     10     12     -2 (VIOLATED)
clkbuf_leaf_58_clk/X                     10     12     -2 (VIOLATED)
clkbuf_leaf_60_clk/X                     10     12     -2 (VIOLATED)
clkbuf_leaf_62_clk/X                     10     12     -2 (VIOLATED)
clkbuf_leaf_72_clk/X                     10     12     -2 (VIOLATED)
clkbuf_leaf_73_clk/X                     10     12     -2 (VIOLATED)
clkbuf_leaf_75_clk/X                     10     12     -2 (VIOLATED)
clkbuf_leaf_76_clk/X                     10     12     -2 (VIOLATED)
clkbuf_leaf_7_clk/X                      10     12     -2 (VIOLATED)
clkbuf_leaf_8_clk/X                      10     12     -2 (VIOLATED)
clkbuf_leaf_92_clk/X                     10     12     -2 (VIOLATED)
clkbuf_leaf_93_clk/X                     10     12     -2 (VIOLATED)
clkbuf_leaf_95_clk/X                     10     12     -2 (VIOLATED)
clkbuf_leaf_98_clk/X                     10     12     -2 (VIOLATED)
place6216/X                              10     12     -2 (VIOLATED)
place6436/X                              10     12     -2 (VIOLATED)
place6517/X                              10     12     -2 (VIOLATED)
place6539/X                              10     12     -2 (VIOLATED)
_23850_/X                                10     11        (VIOLATED)
_23852_/X                                10     11        (VIOLATED)
_24734_/X                                10     11        (VIOLATED)
_24820_/X                                10     11        (VIOLATED)
_28166_/Q                                10     11        (VIOLATED)
_28186_/Q                                10     11        (VIOLATED)
_28187_/Q                                10     11        (VIOLATED)
_28190_/Q                                10     11        (VIOLATED)
_28519_/Q                                10     11        (VIOLATED)
clkbuf_leaf_11_clk/X                     10     11        (VIOLATED)
clkbuf_leaf_13_clk/X                     10     11        (VIOLATED)
clkbuf_leaf_146_clk/X                    10     11        (VIOLATED)
clkbuf_leaf_149_clk/X                    10     11        (VIOLATED)
clkbuf_leaf_14_clk/X                     10     11        (VIOLATED)
clkbuf_leaf_150_clk/X                    10     11        (VIOLATED)
clkbuf_leaf_151_clk/X                    10     11        (VIOLATED)
clkbuf_leaf_168_clk/X                    10     11        (VIOLATED)
clkbuf_leaf_16_clk/X                     10     11        (VIOLATED)
clkbuf_leaf_235_clk/X                    10     11        (VIOLATED)
clkbuf_leaf_275_clk/X                    10     11        (VIOLATED)
clkbuf_leaf_282_clk/X                    10     11        (VIOLATED)
clkbuf_leaf_289_clk/X                    10     11        (VIOLATED)
clkbuf_leaf_300_clk/X                    10     11        (VIOLATED)
clkbuf_leaf_302_clk/X                    10     11        (VIOLATED)
clkbuf_leaf_305_clk/X                    10     11        (VIOLATED)
clkbuf_leaf_312_clk/X                    10     11        (VIOLATED)
clkbuf_leaf_313_clk/X                    10     11        (VIOLATED)
clkbuf_leaf_319_clk/X                    10     11        (VIOLATED)
clkbuf_leaf_34_clk/X                     10     11        (VIOLATED)
clkbuf_leaf_51_clk/X                     10     11        (VIOLATED)
clkbuf_leaf_78_clk/X                     10     11        (VIOLATED)
clkbuf_leaf_79_clk/X                     10     11        (VIOLATED)
clkbuf_leaf_81_clk/X                     10     11        (VIOLATED)
clkbuf_leaf_86_clk/X                     10     11        (VIOLATED)
place5299/X                              10     11        (VIOLATED)
place5390/X                              10     11        (VIOLATED)
place6008/X                              10     11        (VIOLATED)
place6176/X                              10     11        (VIOLATED)
place6425/X                              10     11        (VIOLATED)
place6435/X                              10     11        (VIOLATED)
place6459/X                              10     11        (VIOLATED)
place6493/X                              10     11        (VIOLATED)
place6513/X                              10     11        (VIOLATED)
place6543/X                              10     11        (VIOLATED)
place6563/X                              10     11        (VIOLATED)
place6573/X                              10     11        (VIOLATED)
place6582/X                              10     11        (VIOLATED)
place6586/X                              10     11        (VIOLATED)



===========================================================================
report_parasitic_annotation -report_unannotated
============================================================================
Found 240 unannotated drivers.
 ena
 ui_in[0]
 ui_in[1]
 ui_in[2]
 ui_in[4]
 ui_in[5]
 ui_in[6]
 ui_in[7]
 uio_in[6]
 uio_in[7]
 clkload0/X
 clkload1/X
 clkload10/X
 clkload100/X
 clkload101/X
 clkload102/Y
 clkload103/X
 clkload104/Y
 clkload105/X
 clkload106/X
 clkload107/X
 clkload108/X
 clkload109/Y
 clkload11/X
 clkload110/X
 clkload111/X
 clkload112/X
 clkload113/X
 clkload114/X
 clkload115/X
 clkload116/X
 clkload117/X
 clkload118/X
 clkload119/X
 clkload12/X
 clkload120/X
 clkload121/X
 clkload122/X
 clkload123/X
 clkload124/X
 clkload125/X
 clkload126/X
 clkload127/X
 clkload128/X
 clkload129/X
 clkload13/X
 clkload130/X
 clkload131/X
 clkload132/X
 clkload133/X
 clkload134/X
 clkload135/X
 clkload136/X
 clkload137/X
 clkload138/X
 clkload139/X
 clkload14/X
 clkload140/Y
 clkload141/Y
 clkload142/X
 clkload143/X
 clkload144/X
 clkload145/X
 clkload146/X
 clkload147/Y
 clkload148/X
 clkload149/Y
 clkload15/X
 clkload150/X
 clkload151/Y
 clkload152/X
 clkload153/X
 clkload154/Y
 clkload155/Y
 clkload156/X
 clkload157/X
 clkload158/X
 clkload159/X
 clkload16/X
 clkload160/X
 clkload161/X
 clkload162/X
 clkload163/Y
 clkload164/X
 clkload165/X
 clkload166/X
 clkload167/X
 clkload168/Y
 clkload169/X
 clkload17/X
 clkload170/X
 clkload171/X
 clkload172/X
 clkload173/X
 clkload174/X
 clkload175/X
 clkload176/X
 clkload177/X
 clkload178/X
 clkload179/X
 clkload18/X
 clkload180/X
 clkload181/X
 clkload182/X
 clkload183/X
 clkload184/X
 clkload185/X
 clkload186/X
 clkload187/X
 clkload188/X
 clkload189/X
 clkload19/X
 clkload190/X
 clkload191/X
 clkload192/X
 clkload193/X
 clkload194/X
 clkload195/X
 clkload196/X
 clkload197/X
 clkload198/X
 clkload199/X
 clkload2/X
 clkload20/X
 clkload200/X
 clkload201/X
 clkload202/X
 clkload203/X
 clkload204/X
 clkload205/Y
 clkload206/X
 clkload207/X
 clkload208/X
 clkload209/X
 clkload21/X
 clkload210/X
 clkload211/X
 clkload212/X
 clkload213/X
 clkload214/X
 clkload215/X
 clkload216/Y
 clkload217/X
 clkload218/X
 clkload219/X
 clkload22/X
 clkload220/X
 clkload221/X
 clkload222/Y
 clkload223/X
 clkload23/X
 clkload24/X
 clkload25/X
 clkload26/X
 clkload27/X
 clkload28/X
 clkload29/X
 clkload3/X
 clkload30/X
 clkload31/X
 clkload32/X
 clkload33/X
 clkload34/X
 clkload35/X
 clkload36/X
 clkload37/X
 clkload38/X
 clkload39/X
 clkload4/X
 clkload40/X
 clkload41/X
 clkload42/X
 clkload43/X
 clkload44/X
 clkload45/X
 clkload46/X
 clkload47/X
 clkload48/X
 clkload49/X
 clkload5/X
 clkload50/X
 clkload51/X
 clkload52/X
 clkload53/X
 clkload54/X
 clkload55/X
 clkload56/Y
 clkload57/Y
 clkload58/X
 clkload59/Y
 clkload6/X
 clkload60/X
 clkload61/X
 clkload62/Y
 clkload63/X
 clkload64/X
 clkload65/X
 clkload66/X
 clkload67/Y
 clkload68/X
 clkload69/Y
 clkload7/X
 clkload70/X
 clkload71/X
 clkload72/X
 clkload73/X
 clkload74/X
 clkload75/X
 clkload76/X
 clkload77/Y
 clkload78/X
 clkload79/Y
 clkload8/X
 clkload80/X
 clkload81/X
 clkload82/X
 clkload83/X
 clkload84/X
 clkload85/X
 clkload86/X
 clkload87/X
 clkload88/X
 clkload89/X
 clkload9/X
 clkload90/X
 clkload91/X
 clkload92/Y
 clkload93/Y
 clkload94/Y
 clkload95/X
 clkload96/X
 clkload97/X
 clkload98/X
 clkload99/Y
 tt_um_rv32_linux_soc/HI
 tt_um_rv32_linux_soc_6906/HI
 tt_um_rv32_linux_soc_6907/HI
 tt_um_rv32_linux_soc_6908/HI
 tt_um_rv32_linux_soc_6909/LO
 tt_um_rv32_linux_soc_6910/LO
Found 0 partially unannotated drivers.

===========================================================================
max slew violation count 0
max fanout violation count 265
max cap violation count 0
============================================================================

===========================================================================
check_setup -verbose -unconstrained_endpoints -multiple_clock -no_clock -no_input_delay -loops -generated_clocks
===========================================================================
