
===========================================================================
report_checks -unconstrained
===========================================================================
======================= min_ss_100C_1v60 Corner ===================================

Startpoint: rst_n (input port clocked by clk)
Endpoint: _28976_ (recovery check against rising-edge clock clk)
Path Group: asynchronous
Path Type: max

Fanout         Cap        Slew       Delay        Time   Description
---------------------------------------------------------------------------------------------
                                  0.000000    0.000000   clock clk (rise edge)
                                  0.000000    0.000000   clock network delay (propagated)
                                 10.000000   10.000000 ^ input external delay
     1    0.003425    0.036419    0.020018   10.020018 ^ rst_n (in)
                                                         rst_n (net)
                      0.036419    0.000000   10.020018 ^ fanout2248/A (sky130_fd_sc_hd__clkdlybuf4s25_2)
     1    0.016128    0.148384    0.561111   10.581129 ^ fanout2248/X (sky130_fd_sc_hd__clkdlybuf4s25_2)
                                                         net2248 (net)
                      0.148385    0.000761   10.581890 ^ ci_eco_02079182/A (sky130_fd_sc_hd__buf_8)
     1    0.017531    0.066831    0.219085   10.800976 ^ ci_eco_02079182/X (sky130_fd_sc_hd__buf_8)
                                                         ci_eco_0207_net9182 (net)
                      0.066846    0.000938   10.801913 ^ ci_eco_02069181/A (sky130_fd_sc_hd__buf_8)
     1    0.016685    0.064675    0.179395   10.981309 ^ ci_eco_02069181/X (sky130_fd_sc_hd__buf_8)
                                                         ci_eco_0206_net9181 (net)
                      0.064682    0.000346   10.981654 ^ ci_eco_02059180/A (sky130_fd_sc_hd__buf_8)
     2    0.044853    0.129114    0.232837   11.214491 ^ ci_eco_02059180/X (sky130_fd_sc_hd__buf_8)
                                                         ci_eco_0205_net9180 (net)
                      0.129118    0.000909   11.215401 ^ ci_eco_02019176/A (sky130_fd_sc_hd__buf_8)
     2    0.036313    0.109298    0.246648   11.462049 ^ ci_eco_02019176/X (sky130_fd_sc_hd__buf_8)
                                                         ci_eco_0201_net9176 (net)
                      0.109298    0.000475   11.462523 ^ ci_eco_02009175/A (sky130_fd_sc_hd__buf_8)
     1    0.017435    0.066402    0.200550   11.663074 ^ ci_eco_02009175/X (sky130_fd_sc_hd__buf_8)
                                                         ci_eco_0200_net9175 (net)
                      0.066420    0.001005   11.664079 ^ ci_eco_01979172/A (sky130_fd_sc_hd__buf_8)
     2    0.029756    0.094035    0.204405   11.868484 ^ ci_eco_01979172/X (sky130_fd_sc_hd__buf_8)
                                                         ci_eco_0197_net9172 (net)
                      0.094043    0.001029   11.869513 ^ place6896/A (sky130_fd_sc_hd__buf_2)
    10    0.065010    0.499965    0.542607   12.412120 ^ place6896/X (sky130_fd_sc_hd__buf_2)
                                                         net6896 (net)
                      0.499966    0.000536   12.412656 ^ place6827/A (sky130_fd_sc_hd__buf_2)
     7    0.050247    0.391620    0.637327   13.049983 ^ place6827/X (sky130_fd_sc_hd__buf_2)
                                                         net6827 (net)
                      0.391620    0.001365   13.051348 ^ place6780/A (sky130_fd_sc_hd__buf_2)
    10    0.047832    0.373772    0.579433   13.630780 ^ place6780/X (sky130_fd_sc_hd__buf_2)
                                                         net6780 (net)
                      0.373772    0.000202   13.630982 ^ place6779/A (sky130_fd_sc_hd__buf_2)
     9    0.052317    0.407003    0.596952   14.227934 ^ place6779/X (sky130_fd_sc_hd__buf_2)
                                                         net6779 (net)
                      0.407031    0.003817   14.231751 ^ place6778/A (sky130_fd_sc_hd__buf_2)
    10    0.063584    0.490145    0.670009   14.901760 ^ place6778/X (sky130_fd_sc_hd__buf_2)
                                                         net6778 (net)
                      0.490467    0.008020   14.909781 ^ place6777/A (sky130_fd_sc_hd__buf_2)
     8    0.044766    0.351417    0.602149   15.511930 ^ place6777/X (sky130_fd_sc_hd__buf_2)
                                                         net6777 (net)
                      0.351435    0.002967   15.514896 ^ place6773/A (sky130_fd_sc_hd__buf_2)
     9    0.036677    0.290891    0.501620   16.016516 ^ place6773/X (sky130_fd_sc_hd__buf_2)
                                                         net6773 (net)
                      0.290891    0.000163   16.016680 ^ place6772/A (sky130_fd_sc_hd__buf_2)
     8    0.033224    0.264908    0.458140   16.474821 ^ place6772/X (sky130_fd_sc_hd__buf_2)
                                                         net6772 (net)
                      0.264908    0.000409   16.475229 ^ place6771/A (sky130_fd_sc_hd__buf_2)
    10    0.064648    0.497842    0.619288   17.094517 ^ place6771/X (sky130_fd_sc_hd__buf_2)
                                                         net6771 (net)
                      0.498083    0.006143   17.100658 ^ place6762/A (sky130_fd_sc_hd__buf_2)
     8    0.033392    0.267297    0.543091   17.643749 ^ place6762/X (sky130_fd_sc_hd__buf_2)
                                                         net6762 (net)
                      0.267297    0.001096   17.644846 ^ place6761/A (sky130_fd_sc_hd__buf_2)
     6    0.027781    0.224503    0.417925   18.062771 ^ place6761/X (sky130_fd_sc_hd__buf_2)
                                                         net6761 (net)
                      0.224503    0.000792   18.063564 ^ place6758/A (sky130_fd_sc_hd__buf_2)
    10    0.038790    0.306089    0.461668   18.525232 ^ place6758/X (sky130_fd_sc_hd__buf_2)
                                                         net6758 (net)
                      0.306089    0.000279   18.525511 ^ place6749/A (sky130_fd_sc_hd__buf_2)
    10    0.044595    0.349487    0.527093   19.052603 ^ place6749/X (sky130_fd_sc_hd__buf_2)
                                                         net6749 (net)
                      0.349487    0.001155   19.053759 ^ place6748/A (sky130_fd_sc_hd__buf_2)
     8    0.033525    0.267488    0.483498   19.537256 ^ place6748/X (sky130_fd_sc_hd__buf_2)
                                                         net6748 (net)
                      0.267488    0.000703   19.537960 ^ place6747/A (sky130_fd_sc_hd__buf_2)
     7    0.036432    0.288736    0.466034   20.003994 ^ place6747/X (sky130_fd_sc_hd__buf_2)
                                                         net6747 (net)
                      0.288736    0.001030   20.005024 ^ _28976_/RESET_B (sky130_fd_sc_hd__dfrtp_2)
                                             20.005024   data arrival time

                                 50.000000   50.000000   clock clk (rise edge)
                                  0.000000   50.000000   clock source latency
     2    0.094452    0.678381    0.451408   50.451405 ^ clk (in)
                                                         clk (net)
                      0.678441    0.000000   50.451405 ^ clkbuf_0_clk/A (sky130_fd_sc_hd__clkbuf_16)
     2    0.042703    0.105517    0.478146   50.929550 ^ clkbuf_0_clk/X (sky130_fd_sc_hd__clkbuf_16)
                                                         clknet_0_clk (net)
                      0.105517    0.000966   50.930519 ^ ci_eco_01969171/A (sky130_fd_sc_hd__clkbuf_16)
     4    0.075547    0.141916    0.288754   51.219273 ^ ci_eco_01969171/X (sky130_fd_sc_hd__clkbuf_16)
                                                         ci_eco_0196_net9171 (net)
                      0.142028    0.003464   51.222736 ^ clkbuf_3_4_0_clk/A (sky130_fd_sc_hd__clkbuf_8)
     8    0.140080    0.374582    0.467868   51.690605 ^ clkbuf_3_4_0_clk/X (sky130_fd_sc_hd__clkbuf_8)
                                                         clknet_3_4_0_clk (net)
                      0.374871    0.006267   51.696869 ^ clkbuf_6_32__f_clk/A (sky130_fd_sc_hd__clkbuf_16)
     6    0.053714    0.114383    0.377760   52.074631 ^ clkbuf_6_32__f_clk/X (sky130_fd_sc_hd__clkbuf_16)
                                                         clknet_6_32__leaf_clk (net)
                      0.114425    0.001869   52.076500 ^ clkbuf_leaf_297_clk/A (sky130_fd_sc_hd__clkbuf_8)
     5    0.026227    0.098209    0.256637   52.333138 ^ clkbuf_leaf_297_clk/X (sky130_fd_sc_hd__clkbuf_8)
                                                         clknet_leaf_297_clk (net)
                      0.098209    0.000124   52.333260 ^ _28976_/CLK (sky130_fd_sc_hd__dfrtp_2)
                                 -0.250000   52.083260   clock uncertainty
                                  0.000000   52.083260   clock reconvergence pessimism
                                  0.360673   52.443932   library recovery time
                                             52.443932   data required time
---------------------------------------------------------------------------------------------
                                             52.443932   data required time
                                            -20.005024   data arrival time
---------------------------------------------------------------------------------------------
                                             32.438908   slack (MET)


Startpoint: _28478_ (rising edge-triggered flip-flop clocked by clk)
Endpoint: _27797_ (rising edge-triggered flip-flop clocked by clk)
Path Group: clk
Path Type: max

Fanout         Cap        Slew       Delay        Time   Description
---------------------------------------------------------------------------------------------
                                  0.000000    0.000000   clock clk (rise edge)
                                  0.000000    0.000000   clock source latency
     2    0.094452    0.678381    0.498925    0.498925 ^ clk (in)
                                                         clk (net)
                      0.678441    0.000000    0.498925 ^ clkbuf_0_clk/A (sky130_fd_sc_hd__clkbuf_16)
     2    0.042703    0.105517    0.528474    1.027400 ^ clkbuf_0_clk/X (sky130_fd_sc_hd__clkbuf_16)
                                                         clknet_0_clk (net)
                      0.105517    0.001082    1.028482 ^ ci_eco_01959170/A (sky130_fd_sc_hd__clkbuf_16)
     5    0.093392    0.166789    0.339837    1.368319 ^ ci_eco_01959170/X (sky130_fd_sc_hd__clkbuf_16)
                                                         ci_eco_0195_net9170 (net)
                      0.166850    0.003175    1.371495 ^ clkbuf_3_1_0_clk/A (sky130_fd_sc_hd__clkbuf_8)
     8    0.123794    0.336349    0.498071    1.869566 ^ clkbuf_3_1_0_clk/X (sky130_fd_sc_hd__clkbuf_8)
                                                         clknet_3_1_0_clk (net)
                      0.336618    0.006431    1.875996 ^ clkbuf_6_10__f_clk/A (sky130_fd_sc_hd__clkbuf_16)
     6    0.045070    0.102446    0.391366    2.267362 ^ clkbuf_6_10__f_clk/X (sky130_fd_sc_hd__clkbuf_16)
                                                         clknet_6_10__leaf_clk (net)
                      0.102452    0.000769    2.268131 ^ clkbuf_leaf_317_clk/A (sky130_fd_sc_hd__clkbuf_8)
    10    0.031053    0.108938    0.289197    2.557328 ^ clkbuf_leaf_317_clk/X (sky130_fd_sc_hd__clkbuf_8)
                                                         clknet_leaf_317_clk (net)
                      0.108940    0.000713    2.558041 ^ _28478_/CLK (sky130_fd_sc_hd__dfrtp_2)
     6    0.032369    0.200282    1.018010    3.576051 v _28478_/Q (sky130_fd_sc_hd__dfrtp_2)
                                                         soc.cpu.instr[2] (net)
                      0.200282    0.000967    3.577018 v _22992_/A (sky130_fd_sc_hd__or4bb_2)
     8    0.055158    0.505695    2.054349    5.631367 v _22992_/X (sky130_fd_sc_hd__or4bb_2)
                                                         _11374_ (net)
                      0.505699    0.002164    5.633531 v _23341_/B2 (sky130_fd_sc_hd__o22ai_2)
     6    0.046040    0.880480    0.891498    6.525030 ^ _23341_/Y (sky130_fd_sc_hd__o22ai_2)
                                                         _11723_ (net)
                      0.880500    0.003664    6.528694 ^ _23342_/S (sky130_fd_sc_hd__mux2_1)
     1    0.004975    0.133844    0.987411    7.516104 v _23342_/X (sky130_fd_sc_hd__mux2_1)
                                                         _11724_ (net)
                      0.133844    0.000091    7.516196 v _23343_/A1 (sky130_fd_sc_hd__mux2_1)
     2    0.012013    0.198967    0.830037    8.346232 v _23343_/X (sky130_fd_sc_hd__mux2_1)
                                                         _11725_ (net)
                      0.198967    0.000128    8.346360 v _23349_/S (sky130_fd_sc_hd__mux2_1)
     3    0.010636    0.184976    0.880958    9.227319 v _23349_/X (sky130_fd_sc_hd__mux2_1)
                                                         _11731_ (net)
                      0.184976    0.000163    9.227482 v _23468_/A1 (sky130_fd_sc_hd__a21bo_2)
     2    0.014710    0.114148    0.489302    9.716784 v _23468_/X (sky130_fd_sc_hd__a21bo_2)
                                                         _11850_ (net)
                      0.114148    0.000171    9.716955 v _23471_/A1 (sky130_fd_sc_hd__a21oi_2)
     2    0.015047    0.331028    0.385077   10.102033 ^ _23471_/Y (sky130_fd_sc_hd__a21oi_2)
                                                         _11853_ (net)
                      0.331028    0.000218   10.102250 ^ _23472_/A2 (sky130_fd_sc_hd__o21bai_2)
     3    0.017728    0.203913    0.302635   10.404885 v _23472_/Y (sky130_fd_sc_hd__o21bai_2)
                                                         _11854_ (net)
                      0.203913    0.000189   10.405074 v _23476_/B1 (sky130_fd_sc_hd__a221o_2)
     3    0.016400    0.164544    0.805241   11.210316 v _23476_/X (sky130_fd_sc_hd__a221o_2)
                                                         _11858_ (net)
                      0.164544    0.000559   11.210875 v _23479_/A3 (sky130_fd_sc_hd__a311o_2)
     4    0.018484    0.167572    0.913115   12.123989 v _23479_/X (sky130_fd_sc_hd__a311o_2)
                                                         _11861_ (net)
                      0.167572    0.000282   12.124271 v _23493_/C (sky130_fd_sc_hd__and4_2)
     3    0.019135    0.143621    0.632641   12.756912 v _23493_/X (sky130_fd_sc_hd__and4_2)
                                                         _11875_ (net)
                      0.143624    0.000897   12.757810 v _23696_/A (sky130_fd_sc_hd__or3_2)
     2    0.032305    0.313377    1.437135   14.194944 v _23696_/X (sky130_fd_sc_hd__or3_2)
                                                         _12078_ (net)
                      0.313380    0.001767   14.196711 v _23698_/A3 (sky130_fd_sc_hd__a32o_2)
     3    0.052818    0.267659    0.813755   15.010467 v _23698_/X (sky130_fd_sc_hd__a32o_2)
                                                         _12080_ (net)
                      0.267683    0.002682   15.013148 v _23725_/B (sky130_fd_sc_hd__xor2_2)
     1    0.002641    0.123759    0.344633   15.357781 v _23725_/X (sky130_fd_sc_hd__xor2_2)
                                                         _12107_ (net)
                      0.123759    0.000025   15.357806 v _23731_/B1 (sky130_fd_sc_hd__a2111o_2)
     1    0.001941    0.101820    0.883876   16.241682 v _23731_/X (sky130_fd_sc_hd__a2111o_2)
                                                         _12113_ (net)
                      0.101820    0.000012   16.241695 v _23732_/D (sky130_fd_sc_hd__or4_2)
     1    0.002290    0.209440    1.352046   17.593740 v _23732_/X (sky130_fd_sc_hd__or4_2)
                                                         _12114_ (net)
                      0.209440    0.000018   17.593758 v _23733_/D (sky130_fd_sc_hd__or4_2)
     1    0.006105    0.246694    1.463583   19.057341 v _23733_/X (sky130_fd_sc_hd__or4_2)
                                                         _12115_ (net)
                      0.246694    0.000069   19.057411 v _23734_/C1 (sky130_fd_sc_hd__a2111oi_2)
     1    0.004380    0.475320    0.600837   19.658247 ^ _23734_/Y (sky130_fd_sc_hd__a2111oi_2)
                                                         _12116_ (net)
                      0.475320    0.000071   19.658318 ^ _23735_/C1 (sky130_fd_sc_hd__o221a_2)
     1    0.004063    0.092264    0.559288   20.217606 ^ _23735_/X (sky130_fd_sc_hd__o221a_2)
                                                         _12117_ (net)
                      0.092264    0.000073   20.217678 ^ _23736_/D_N (sky130_fd_sc_hd__or4b_2)
     1    0.010429    0.270519    1.583373   21.801052 v _23736_/X (sky130_fd_sc_hd__or4b_2)
                                                         _12118_ (net)
                      0.270519    0.000433   21.801485 v _23737_/D1 (sky130_fd_sc_hd__a2111o_2)
     1    0.001883    0.100535    0.754618   22.556103 v _23737_/X (sky130_fd_sc_hd__a2111o_2)
                                                         _12119_ (net)
                      0.100535    0.000018   22.556122 v _23738_/D (sky130_fd_sc_hd__or4_2)
     1    0.005356    0.241356    1.419899   23.976021 v _23738_/X (sky130_fd_sc_hd__or4_2)
                                                         _12120_ (net)
                      0.241356    0.000103   23.976124 v _23740_/C1 (sky130_fd_sc_hd__a2111o_2)
     1    0.003857    0.113146    0.881718   24.857841 v _23740_/X (sky130_fd_sc_hd__a2111o_2)
                                                         _12122_ (net)
                      0.113146    0.000037   24.857878 v _23741_/A2 (sky130_fd_sc_hd__o21a_2)
     2    0.004157    0.067270    0.399870   25.257750 v _23741_/X (sky130_fd_sc_hd__o21a_2)
                                                         _12123_ (net)
                      0.067270    0.000020   25.257769 v _23746_/B (sky130_fd_sc_hd__or2_2)
     4    0.025307    0.214767    0.810628   26.068396 v _23746_/X (sky130_fd_sc_hd__or2_2)
                                                         _12128_ (net)
                      0.214767    0.000290   26.068686 v _25230_/A1 (sky130_fd_sc_hd__o22ai_4)
     1    0.022477    0.388179    0.484825   26.553511 ^ _25230_/Y (sky130_fd_sc_hd__o22ai_4)
                                                         _03605_ (net)
                      0.388179    0.000583   26.554092 ^ ci_eco_00098984/A (sky130_fd_sc_hd__buf_8)
     1    0.019996    0.075662    0.316172   26.870264 ^ ci_eco_00098984/X (sky130_fd_sc_hd__buf_8)
                                                         ci_eco_0009_net8984 (net)
                      0.075665    0.000563   26.870829 ^ ci_eco_00088983/A (sky130_fd_sc_hd__buf_8)
     1    0.017956    0.067412    0.185933   27.056761 ^ ci_eco_00088983/X (sky130_fd_sc_hd__buf_8)
                                                         ci_eco_0008_net8983 (net)
                      0.067416    0.000593   27.057354 ^ ci_eco_00078982/A (sky130_fd_sc_hd__buf_8)
     1    0.020253    0.072456    0.186432   27.243786 ^ ci_eco_00078982/X (sky130_fd_sc_hd__buf_8)
                                                         ci_eco_0007_net8982 (net)
                      0.072462    0.000750   27.244535 ^ ci_eco_00068981/A (sky130_fd_sc_hd__buf_8)
     1    0.021325    0.074854    0.191019   27.435555 ^ ci_eco_00068981/X (sky130_fd_sc_hd__buf_8)
                                                         ci_eco_0006_net8981 (net)
                      0.074855    0.000453   27.436008 ^ ci_eco_00058980/A (sky130_fd_sc_hd__buf_8)
     6    0.013826    0.058603    0.177677   27.613684 ^ ci_eco_00058980/X (sky130_fd_sc_hd__buf_8)
                                                         ci_eco_0005_net8980 (net)
                      0.058603    0.000270   27.613955 ^ _25231_/B1 (sky130_fd_sc_hd__a31o_2)
     3    0.068332    0.601114    0.583169   28.197124 ^ _25231_/X (sky130_fd_sc_hd__a31o_2)
                                                         _03606_ (net)
                      0.601433    0.012045   28.209169 ^ _25235_/B (sky130_fd_sc_hd__nor2_2)
     3    0.024531    0.195448    0.349219   28.558388 v _25235_/Y (sky130_fd_sc_hd__nor2_2)
                                                         _03610_ (net)
                      0.195448    0.000371   28.558760 v _25326_/C (sky130_fd_sc_hd__and4_2)
     8    0.077239    0.352381    0.858973   29.417732 v _25326_/X (sky130_fd_sc_hd__and4_2)
                                                         _03701_ (net)
                      0.352441    0.004837   29.422569 v _25338_/B (sky130_fd_sc_hd__nand2_2)
     1    0.002917    0.130486    0.214715   29.637285 ^ _25338_/Y (sky130_fd_sc_hd__nand2_2)
                                                         _03713_ (net)
                      0.130486    0.000028   29.637314 ^ _25339_/B1 (sky130_fd_sc_hd__o211a_2)
     4    0.017997    0.198188    0.530431   30.167746 ^ _25339_/X (sky130_fd_sc_hd__o211a_2)
                                                         _03714_ (net)
                      0.198188    0.000444   30.168188 ^ place5204/A (sky130_fd_sc_hd__buf_2)
    10    0.040667    0.319975    0.459270   30.627459 ^ place5204/X (sky130_fd_sc_hd__buf_2)
                                                         net5204 (net)
                      0.319975    0.001258   30.628716 ^ place5203/A (sky130_fd_sc_hd__buf_2)
     8    0.033218    0.265056    0.469804   31.098520 ^ place5203/X (sky130_fd_sc_hd__buf_2)
                                                         net5203 (net)
                      0.265056    0.000668   31.099188 ^ place5202/A (sky130_fd_sc_hd__buf_2)
     9    0.041053    0.322916    0.491205   31.590393 ^ place5202/X (sky130_fd_sc_hd__buf_2)
                                                         net5202 (net)
                      0.322916    0.000547   31.590940 ^ place5201/A (sky130_fd_sc_hd__buf_2)
    10    0.045729    0.357827    0.540606   32.131546 ^ place5201/X (sky130_fd_sc_hd__buf_2)
                                                         net5201 (net)
                      0.357827    0.000956   32.132504 ^ _26551_/S (sky130_fd_sc_hd__mux2_1)
     2    0.008312    0.161956    0.907757   33.040260 v _26551_/X (sky130_fd_sc_hd__mux2_1)
                                                         _04899_ (net)
                      0.161956    0.000092   33.040352 v _26620_/A1 (sky130_fd_sc_hd__mux2_1)
     1    0.005121    0.134712    0.758231   33.798584 v _26620_/X (sky130_fd_sc_hd__mux2_1)
                                                         _04966_ (net)
                      0.134712    0.000114   33.798695 v _26621_/B1 (sky130_fd_sc_hd__a2bb2o_2)
     1    0.016108    0.144651    0.648729   34.447426 v _26621_/X (sky130_fd_sc_hd__a2bb2o_2)
                                                         _04967_ (net)
                      0.144651    0.000259   34.447685 v _26622_/B1 (sky130_fd_sc_hd__a211o_2)
     1    0.005724    0.098885    0.656716   35.104401 v _26622_/X (sky130_fd_sc_hd__a211o_2)
                                                         _04968_ (net)
                      0.098885    0.000053   35.104454 v _26623_/B1 (sky130_fd_sc_hd__o21ai_2)
     2    0.022392    0.461361    0.219622   35.324074 ^ _26623_/Y (sky130_fd_sc_hd__o21ai_2)
                                                         _04969_ (net)
                      0.461361    0.001023   35.325100 ^ _26624_/B (sky130_fd_sc_hd__nor2_2)
     2    0.022378    0.195308    0.284601   35.609699 v _26624_/Y (sky130_fd_sc_hd__nor2_2)
                                                         _04970_ (net)
                      0.195317    0.001631   35.611328 v _26629_/C (sky130_fd_sc_hd__or4_2)
     1    0.002760    0.214885    1.548067   37.159397 v _26629_/X (sky130_fd_sc_hd__or4_2)
                                                         _04975_ (net)
                      0.214885    0.000018   37.159416 v _26644_/A3 (sky130_fd_sc_hd__a311o_2)
     2    0.033525    0.227400    1.005116   38.164532 v _26644_/X (sky130_fd_sc_hd__a311o_2)
                                                         _04990_ (net)
                      0.227428    0.002736   38.167267 v _26645_/A1 (sky130_fd_sc_hd__mux2_1)
    10    0.072002    0.667689    1.316849   39.484116 v _26645_/X (sky130_fd_sc_hd__mux2_1)
                                                         _04991_ (net)
                      0.667808    0.009170   39.493286 v place5097/A (sky130_fd_sc_hd__buf_2)
     7    0.018600    0.109060    0.602107   40.095390 v place5097/X (sky130_fd_sc_hd__buf_2)
                                                         net5097 (net)
                      0.109060    0.000107   40.095497 v place5095/A (sky130_fd_sc_hd__buf_2)
     9    0.025612    0.131802    0.352362   40.447861 v place5095/X (sky130_fd_sc_hd__buf_2)
                                                         net5095 (net)
                      0.131802    0.000345   40.448204 v place5094/A (sky130_fd_sc_hd__buf_2)
     7    0.020110    0.110466    0.345480   40.793686 v place5094/X (sky130_fd_sc_hd__buf_2)
                                                         net5094 (net)
                      0.110466    0.000341   40.794025 v _14191_/A1 (sky130_fd_sc_hd__mux2_1)
     1    0.002110    0.105698    0.685848   41.479874 v _14191_/X (sky130_fd_sc_hd__mux2_1)
                                                         _01113_ (net)
                      0.105698    0.000021   41.479893 v _27797_/D (sky130_fd_sc_hd__dfxtp_2)
                                             41.479893   data arrival time

                                 50.000000   50.000000   clock clk (rise edge)
                                  0.000000   50.000000   clock source latency
     2    0.094452    0.678381    0.451408   50.451405 ^ clk (in)
                                                         clk (net)
                      0.678441    0.000000   50.451405 ^ clkbuf_0_clk/A (sky130_fd_sc_hd__clkbuf_16)
     2    0.042703    0.105517    0.478146   50.929550 ^ clkbuf_0_clk/X (sky130_fd_sc_hd__clkbuf_16)
                                                         clknet_0_clk (net)
                      0.105517    0.000966   50.930519 ^ ci_eco_01969171/A (sky130_fd_sc_hd__clkbuf_16)
     4    0.075547    0.141916    0.288754   51.219273 ^ ci_eco_01969171/X (sky130_fd_sc_hd__clkbuf_16)
                                                         ci_eco_0196_net9171 (net)
                      0.142043    0.003656   51.222927 ^ clkbuf_3_5_0_clk/A (sky130_fd_sc_hd__clkbuf_8)
     8    0.135984    0.362922    0.459281   51.682209 ^ clkbuf_3_5_0_clk/X (sky130_fd_sc_hd__clkbuf_8)
                                                         clknet_3_5_0_clk (net)
                      0.363339    0.008125   51.690334 ^ clkbuf_6_47__f_clk/A (sky130_fd_sc_hd__clkbuf_16)
     6    0.051223    0.110941    0.370832   52.061165 ^ clkbuf_6_47__f_clk/X (sky130_fd_sc_hd__clkbuf_16)
                                                         clknet_6_47__leaf_clk (net)
                      0.110942    0.000579   52.061745 ^ clkbuf_leaf_222_clk/A (sky130_fd_sc_hd__clkbuf_8)
    13    0.035405    0.118681    0.273364   52.335110 ^ clkbuf_leaf_222_clk/X (sky130_fd_sc_hd__clkbuf_8)
                                                         clknet_leaf_222_clk (net)
                      0.118683    0.000675   52.335785 ^ _27797_/CLK (sky130_fd_sc_hd__dfxtp_2)
                                 -0.250000   52.085781   clock uncertainty
                                  0.097848   52.183632   clock reconvergence pessimism
                                 -0.276029   51.907604   library setup time
                                             51.907604   data required time
---------------------------------------------------------------------------------------------
                                             51.907604   data required time
                                            -41.479893   data arrival time
---------------------------------------------------------------------------------------------
                                             10.427709   slack (MET)




===========================================================================
report_checks --slack_max -0.01
============================================================================
======================= min_ss_100C_1v60 Corner ===================================

No paths found.


===========================================================================
 report_check_types -max_slew -max_cap -max_fanout -violators
============================================================================
======================= min_ss_100C_1v60 Corner ===================================

max fanout

Pin                                   Limit Fanout  Slack
---------------------------------------------------------
_25437_/X                                10     16     -6 (VIOLATED)
_26137_/X                                10     16     -6 (VIOLATED)
_26680_/X                                10     16     -6 (VIOLATED)
_24763_/X                                10     14     -4 (VIOLATED)
clkbuf_leaf_308_clk/X                    10     14     -4 (VIOLATED)
clkbuf_leaf_309_clk/X                    10     14     -4 (VIOLATED)
place6213/X                              10     14     -4 (VIOLATED)
place6576/X                              10     14     -4 (VIOLATED)
_24687_/X                                10     13     -3 (VIOLATED)
clkbuf_leaf_101_clk/X                    10     13     -3 (VIOLATED)
clkbuf_leaf_104_clk/X                    10     13     -3 (VIOLATED)
clkbuf_leaf_10_clk/X                     10     13     -3 (VIOLATED)
clkbuf_leaf_115_clk/X                    10     13     -3 (VIOLATED)
clkbuf_leaf_129_clk/X                    10     13     -3 (VIOLATED)
clkbuf_leaf_133_clk/X                    10     13     -3 (VIOLATED)
clkbuf_leaf_140_clk/X                    10     13     -3 (VIOLATED)
clkbuf_leaf_154_clk/X                    10     13     -3 (VIOLATED)
clkbuf_leaf_169_clk/X                    10     13     -3 (VIOLATED)
clkbuf_leaf_172_clk/X                    10     13     -3 (VIOLATED)
clkbuf_leaf_173_clk/X                    10     13     -3 (VIOLATED)
clkbuf_leaf_17_clk/X                     10     13     -3 (VIOLATED)
clkbuf_leaf_198_clk/X                    10     13     -3 (VIOLATED)
clkbuf_leaf_199_clk/X                    10     13     -3 (VIOLATED)
clkbuf_leaf_19_clk/X                     10     13     -3 (VIOLATED)
clkbuf_leaf_208_clk/X                    10     13     -3 (VIOLATED)
clkbuf_leaf_209_clk/X                    10     13     -3 (VIOLATED)
clkbuf_leaf_210_clk/X                    10     13     -3 (VIOLATED)
clkbuf_leaf_211_clk/X                    10     13     -3 (VIOLATED)
clkbuf_leaf_215_clk/X                    10     13     -3 (VIOLATED)
clkbuf_leaf_216_clk/X                    10     13     -3 (VIOLATED)
clkbuf_leaf_218_clk/X                    10     13     -3 (VIOLATED)
clkbuf_leaf_222_clk/X                    10     13     -3 (VIOLATED)
clkbuf_leaf_223_clk/X                    10     13     -3 (VIOLATED)
clkbuf_leaf_226_clk/X                    10     13     -3 (VIOLATED)
clkbuf_leaf_22_clk/X                     10     13     -3 (VIOLATED)
clkbuf_leaf_230_clk/X                    10     13     -3 (VIOLATED)
clkbuf_leaf_233_clk/X                    10     13     -3 (VIOLATED)
clkbuf_leaf_23_clk/X                     10     13     -3 (VIOLATED)
clkbuf_leaf_241_clk/X                    10     13     -3 (VIOLATED)
clkbuf_leaf_243_clk/X                    10     13     -3 (VIOLATED)
clkbuf_leaf_246_clk/X                    10     13     -3 (VIOLATED)
clkbuf_leaf_248_clk/X                    10     13     -3 (VIOLATED)
clkbuf_leaf_251_clk/X                    10     13     -3 (VIOLATED)
clkbuf_leaf_26_clk/X                     10     13     -3 (VIOLATED)
clkbuf_leaf_303_clk/X                    10     13     -3 (VIOLATED)
clkbuf_leaf_310_clk/X                    10     13     -3 (VIOLATED)
clkbuf_leaf_327_clk/X                    10     13     -3 (VIOLATED)
clkbuf_leaf_43_clk/X                     10     13     -3 (VIOLATED)
clkbuf_leaf_44_clk/X                     10     13     -3 (VIOLATED)
clkbuf_leaf_45_clk/X                     10     13     -3 (VIOLATED)
clkbuf_leaf_52_clk/X                     10     13     -3 (VIOLATED)
clkbuf_leaf_66_clk/X                     10     13     -3 (VIOLATED)
clkbuf_leaf_67_clk/X                     10     13     -3 (VIOLATED)
clkbuf_leaf_68_clk/X                     10     13     -3 (VIOLATED)
clkbuf_leaf_71_clk/X                     10     13     -3 (VIOLATED)
clkbuf_leaf_89_clk/X                     10     13     -3 (VIOLATED)
clkbuf_leaf_90_clk/X                     10     13     -3 (VIOLATED)
clkbuf_leaf_91_clk/X                     10     13     -3 (VIOLATED)
place6421/X                              10     13     -3 (VIOLATED)
place6426/X                              10     13     -3 (VIOLATED)
place6529/X                              10     13     -3 (VIOLATED)
place6536/X                              10     13     -3 (VIOLATED)
_24778_/X                                10     12     -2 (VIOLATED)
_24847_/X                                10     12     -2 (VIOLATED)
_25843_/X                                10     12     -2 (VIOLATED)
_26714_/X                                10     12     -2 (VIOLATED)
_28158_/Q                                10     12     -2 (VIOLATED)
_28160_/Q                                10     12     -2 (VIOLATED)
_28161_/Q                                10     12     -2 (VIOLATED)
_28170_/Q                                10     12     -2 (VIOLATED)
_28458_/Q                                10     12     -2 (VIOLATED)
_28473_/Q                                10     12     -2 (VIOLATED)
clkbuf_leaf_0_clk/X                      10     12     -2 (VIOLATED)
clkbuf_leaf_100_clk/X                    10     12     -2 (VIOLATED)
clkbuf_leaf_102_clk/X                    10     12     -2 (VIOLATED)
clkbuf_leaf_105_clk/X                    10     12     -2 (VIOLATED)
clkbuf_leaf_106_clk/X                    10     12     -2 (VIOLATED)
clkbuf_leaf_107_clk/X                    10     12     -2 (VIOLATED)
clkbuf_leaf_108_clk/X                    10     12     -2 (VIOLATED)
clkbuf_leaf_109_clk/X                    10     12     -2 (VIOLATED)
clkbuf_leaf_110_clk/X                    10     12     -2 (VIOLATED)
clkbuf_leaf_111_clk/X                    10     12     -2 (VIOLATED)
clkbuf_leaf_112_clk/X                    10     12     -2 (VIOLATED)
clkbuf_leaf_114_clk/X                    10     12     -2 (VIOLATED)
clkbuf_leaf_116_clk/X                    10     12     -2 (VIOLATED)
clkbuf_leaf_117_clk/X                    10     12     -2 (VIOLATED)
clkbuf_leaf_119_clk/X                    10     12     -2 (VIOLATED)
clkbuf_leaf_120_clk/X                    10     12     -2 (VIOLATED)
clkbuf_leaf_121_clk/X                    10     12     -2 (VIOLATED)
clkbuf_leaf_124_clk/X                    10     12     -2 (VIOLATED)
clkbuf_leaf_125_clk/X                    10     12     -2 (VIOLATED)
clkbuf_leaf_127_clk/X                    10     12     -2 (VIOLATED)
clkbuf_leaf_12_clk/X                     10     12     -2 (VIOLATED)
clkbuf_leaf_130_clk/X                    10     12     -2 (VIOLATED)
clkbuf_leaf_131_clk/X                    10     12     -2 (VIOLATED)
clkbuf_leaf_134_clk/X                    10     12     -2 (VIOLATED)
clkbuf_leaf_136_clk/X                    10     12     -2 (VIOLATED)
clkbuf_leaf_138_clk/X                    10     12     -2 (VIOLATED)
clkbuf_leaf_142_clk/X                    10     12     -2 (VIOLATED)
clkbuf_leaf_143_clk/X                    10     12     -2 (VIOLATED)
clkbuf_leaf_147_clk/X                    10     12     -2 (VIOLATED)
clkbuf_leaf_148_clk/X                    10     12     -2 (VIOLATED)
clkbuf_leaf_157_clk/X                    10     12     -2 (VIOLATED)
clkbuf_leaf_159_clk/X                    10     12     -2 (VIOLATED)
clkbuf_leaf_160_clk/X                    10     12     -2 (VIOLATED)
clkbuf_leaf_163_clk/X                    10     12     -2 (VIOLATED)
clkbuf_leaf_164_clk/X                    10     12     -2 (VIOLATED)
clkbuf_leaf_165_clk/X                    10     12     -2 (VIOLATED)
clkbuf_leaf_166_clk/X                    10     12     -2 (VIOLATED)
clkbuf_leaf_167_clk/X                    10     12     -2 (VIOLATED)
clkbuf_leaf_170_clk/X                    10     12     -2 (VIOLATED)
clkbuf_leaf_171_clk/X                    10     12     -2 (VIOLATED)
clkbuf_leaf_175_clk/X                    10     12     -2 (VIOLATED)
clkbuf_leaf_176_clk/X                    10     12     -2 (VIOLATED)
clkbuf_leaf_177_clk/X                    10     12     -2 (VIOLATED)
clkbuf_leaf_178_clk/X                    10     12     -2 (VIOLATED)
clkbuf_leaf_179_clk/X                    10     12     -2 (VIOLATED)
clkbuf_leaf_180_clk/X                    10     12     -2 (VIOLATED)
clkbuf_leaf_181_clk/X                    10     12     -2 (VIOLATED)
clkbuf_leaf_186_clk/X                    10     12     -2 (VIOLATED)
clkbuf_leaf_187_clk/X                    10     12     -2 (VIOLATED)
clkbuf_leaf_188_clk/X                    10     12     -2 (VIOLATED)
clkbuf_leaf_189_clk/X                    10     12     -2 (VIOLATED)
clkbuf_leaf_191_clk/X                    10     12     -2 (VIOLATED)
clkbuf_leaf_192_clk/X                    10     12     -2 (VIOLATED)
clkbuf_leaf_195_clk/X                    10     12     -2 (VIOLATED)
clkbuf_leaf_196_clk/X                    10     12     -2 (VIOLATED)
clkbuf_leaf_197_clk/X                    10     12     -2 (VIOLATED)
clkbuf_leaf_200_clk/X                    10     12     -2 (VIOLATED)
clkbuf_leaf_201_clk/X                    10     12     -2 (VIOLATED)
clkbuf_leaf_202_clk/X                    10     12     -2 (VIOLATED)
clkbuf_leaf_203_clk/X                    10     12     -2 (VIOLATED)
clkbuf_leaf_204_clk/X                    10     12     -2 (VIOLATED)
clkbuf_leaf_20_clk/X                     10     12     -2 (VIOLATED)
clkbuf_leaf_212_clk/X                    10     12     -2 (VIOLATED)
clkbuf_leaf_213_clk/X                    10     12     -2 (VIOLATED)
clkbuf_leaf_214_clk/X                    10     12     -2 (VIOLATED)
clkbuf_leaf_217_clk/X                    10     12     -2 (VIOLATED)
clkbuf_leaf_21_clk/X                     10     12     -2 (VIOLATED)
clkbuf_leaf_220_clk/X                    10     12     -2 (VIOLATED)
clkbuf_leaf_221_clk/X                    10     12     -2 (VIOLATED)
clkbuf_leaf_225_clk/X                    10     12     -2 (VIOLATED)
clkbuf_leaf_227_clk/X                    10     12     -2 (VIOLATED)
clkbuf_leaf_229_clk/X                    10     12     -2 (VIOLATED)
clkbuf_leaf_231_clk/X                    10     12     -2 (VIOLATED)
clkbuf_leaf_232_clk/X                    10     12     -2 (VIOLATED)
clkbuf_leaf_237_clk/X                    10     12     -2 (VIOLATED)
clkbuf_leaf_239_clk/X                    10     12     -2 (VIOLATED)
clkbuf_leaf_240_clk/X                    10     12     -2 (VIOLATED)
clkbuf_leaf_244_clk/X                    10     12     -2 (VIOLATED)
clkbuf_leaf_245_clk/X                    10     12     -2 (VIOLATED)
clkbuf_leaf_250_clk/X                    10     12     -2 (VIOLATED)
clkbuf_leaf_253_clk/X                    10     12     -2 (VIOLATED)
clkbuf_leaf_258_clk/X                    10     12     -2 (VIOLATED)
clkbuf_leaf_259_clk/X                    10     12     -2 (VIOLATED)
clkbuf_leaf_25_clk/X                     10     12     -2 (VIOLATED)
clkbuf_leaf_260_clk/X                    10     12     -2 (VIOLATED)
clkbuf_leaf_261_clk/X                    10     12     -2 (VIOLATED)
clkbuf_leaf_262_clk/X                    10     12     -2 (VIOLATED)
clkbuf_leaf_263_clk/X                    10     12     -2 (VIOLATED)
clkbuf_leaf_264_clk/X                    10     12     -2 (VIOLATED)
clkbuf_leaf_265_clk/X                    10     12     -2 (VIOLATED)
clkbuf_leaf_266_clk/X                    10     12     -2 (VIOLATED)
clkbuf_leaf_268_clk/X                    10     12     -2 (VIOLATED)
clkbuf_leaf_270_clk/X                    10     12     -2 (VIOLATED)
clkbuf_leaf_271_clk/X                    10     12     -2 (VIOLATED)
clkbuf_leaf_272_clk/X                    10     12     -2 (VIOLATED)
clkbuf_leaf_273_clk/X                    10     12     -2 (VIOLATED)
clkbuf_leaf_278_clk/X                    10     12     -2 (VIOLATED)
clkbuf_leaf_279_clk/X                    10     12     -2 (VIOLATED)
clkbuf_leaf_27_clk/X                     10     12     -2 (VIOLATED)
clkbuf_leaf_280_clk/X                    10     12     -2 (VIOLATED)
clkbuf_leaf_284_clk/X                    10     12     -2 (VIOLATED)
clkbuf_leaf_287_clk/X                    10     12     -2 (VIOLATED)
clkbuf_leaf_28_clk/X                     10     12     -2 (VIOLATED)
clkbuf_leaf_291_clk/X                    10     12     -2 (VIOLATED)
clkbuf_leaf_292_clk/X                    10     12     -2 (VIOLATED)
clkbuf_leaf_293_clk/X                    10     12     -2 (VIOLATED)
clkbuf_leaf_294_clk/X                    10     12     -2 (VIOLATED)
clkbuf_leaf_295_clk/X                    10     12     -2 (VIOLATED)
clkbuf_leaf_299_clk/X                    10     12     -2 (VIOLATED)
clkbuf_leaf_29_clk/X                     10     12     -2 (VIOLATED)
clkbuf_leaf_2_clk/X                      10     12     -2 (VIOLATED)
clkbuf_leaf_304_clk/X                    10     12     -2 (VIOLATED)
clkbuf_leaf_307_clk/X                    10     12     -2 (VIOLATED)
clkbuf_leaf_311_clk/X                    10     12     -2 (VIOLATED)
clkbuf_leaf_31_clk/X                     10     12     -2 (VIOLATED)
clkbuf_leaf_323_clk/X                    10     12     -2 (VIOLATED)
clkbuf_leaf_36_clk/X                     10     12     -2 (VIOLATED)
clkbuf_leaf_37_clk/X                     10     12     -2 (VIOLATED)
clkbuf_leaf_38_clk/X                     10     12     -2 (VIOLATED)
clkbuf_leaf_39_clk/X                     10     12     -2 (VIOLATED)
clkbuf_leaf_3_clk/X                      10     12     -2 (VIOLATED)
clkbuf_leaf_40_clk/X                     10     12     -2 (VIOLATED)
clkbuf_leaf_41_clk/X                     10     12     -2 (VIOLATED)
clkbuf_leaf_48_clk/X                     10     12     -2 (VIOLATED)
clkbuf_leaf_50_clk/X                     10     12     -2 (VIOLATED)
clkbuf_leaf_53_clk/X                     10     12     -2 (VIOLATED)
clkbuf_leaf_54_clk/X                     10     12     -2 (VIOLATED)
clkbuf_leaf_57_clk/X                     10     12     -2 (VIOLATED)
clkbuf_leaf_58_clk/X                     10     12     -2 (VIOLATED)
clkbuf_leaf_60_clk/X                     10     12     -2 (VIOLATED)
clkbuf_leaf_62_clk/X                     10     12     -2 (VIOLATED)
clkbuf_leaf_72_clk/X                     10     12     -2 (VIOLATED)
clkbuf_leaf_73_clk/X                     10     12     -2 (VIOLATED)
clkbuf_leaf_75_clk/X                     10     12     -2 (VIOLATED)
clkbuf_leaf_76_clk/X                     10     12     -2 (VIOLATED)
clkbuf_leaf_7_clk/X                      10     12     -2 (VIOLATED)
clkbuf_leaf_8_clk/X                      10     12     -2 (VIOLATED)
clkbuf_leaf_92_clk/X                     10     12     -2 (VIOLATED)
clkbuf_leaf_93_clk/X                     10     12     -2 (VIOLATED)
clkbuf_leaf_95_clk/X                     10     12     -2 (VIOLATED)
clkbuf_leaf_98_clk/X                     10     12     -2 (VIOLATED)
place6216/X                              10     12     -2 (VIOLATED)
place6436/X                              10     12     -2 (VIOLATED)
place6517/X                              10     12     -2 (VIOLATED)
place6539/X                              10     12     -2 (VIOLATED)
_23850_/X                                10     11        (VIOLATED)
_23852_/X                                10     11        (VIOLATED)
_24734_/X                                10     11        (VIOLATED)
_24820_/X                                10     11        (VIOLATED)
_28166_/Q                                10     11        (VIOLATED)
_28186_/Q                                10     11        (VIOLATED)
_28187_/Q                                10     11        (VIOLATED)
_28190_/Q                                10     11        (VIOLATED)
_28519_/Q                                10     11        (VIOLATED)
clkbuf_leaf_11_clk/X                     10     11        (VIOLATED)
clkbuf_leaf_13_clk/X                     10     11        (VIOLATED)
clkbuf_leaf_146_clk/X                    10     11        (VIOLATED)
clkbuf_leaf_149_clk/X                    10     11        (VIOLATED)
clkbuf_leaf_14_clk/X                     10     11        (VIOLATED)
clkbuf_leaf_150_clk/X                    10     11        (VIOLATED)
clkbuf_leaf_151_clk/X                    10     11        (VIOLATED)
clkbuf_leaf_168_clk/X                    10     11        (VIOLATED)
clkbuf_leaf_16_clk/X                     10     11        (VIOLATED)
clkbuf_leaf_235_clk/X                    10     11        (VIOLATED)
clkbuf_leaf_275_clk/X                    10     11        (VIOLATED)
clkbuf_leaf_282_clk/X                    10     11        (VIOLATED)
clkbuf_leaf_289_clk/X                    10     11        (VIOLATED)
clkbuf_leaf_300_clk/X                    10     11        (VIOLATED)
clkbuf_leaf_302_clk/X                    10     11        (VIOLATED)
clkbuf_leaf_305_clk/X                    10     11        (VIOLATED)
clkbuf_leaf_312_clk/X                    10     11        (VIOLATED)
clkbuf_leaf_313_clk/X                    10     11        (VIOLATED)
clkbuf_leaf_319_clk/X                    10     11        (VIOLATED)
clkbuf_leaf_34_clk/X                     10     11        (VIOLATED)
clkbuf_leaf_51_clk/X                     10     11        (VIOLATED)
clkbuf_leaf_78_clk/X                     10     11        (VIOLATED)
clkbuf_leaf_79_clk/X                     10     11        (VIOLATED)
clkbuf_leaf_81_clk/X                     10     11        (VIOLATED)
clkbuf_leaf_86_clk/X                     10     11        (VIOLATED)
place5299/X                              10     11        (VIOLATED)
place5390/X                              10     11        (VIOLATED)
place6008/X                              10     11        (VIOLATED)
place6176/X                              10     11        (VIOLATED)
place6425/X                              10     11        (VIOLATED)
place6435/X                              10     11        (VIOLATED)
place6459/X                              10     11        (VIOLATED)
place6493/X                              10     11        (VIOLATED)
place6513/X                              10     11        (VIOLATED)
place6543/X                              10     11        (VIOLATED)
place6563/X                              10     11        (VIOLATED)
place6573/X                              10     11        (VIOLATED)
place6582/X                              10     11        (VIOLATED)
place6586/X                              10     11        (VIOLATED)



===========================================================================
report_parasitic_annotation -report_unannotated
============================================================================
Found 240 unannotated drivers.
 ena
 ui_in[0]
 ui_in[1]
 ui_in[2]
 ui_in[4]
 ui_in[5]
 ui_in[6]
 ui_in[7]
 uio_in[6]
 uio_in[7]
 clkload0/X
 clkload1/X
 clkload10/X
 clkload100/X
 clkload101/X
 clkload102/Y
 clkload103/X
 clkload104/Y
 clkload105/X
 clkload106/X
 clkload107/X
 clkload108/X
 clkload109/Y
 clkload11/X
 clkload110/X
 clkload111/X
 clkload112/X
 clkload113/X
 clkload114/X
 clkload115/X
 clkload116/X
 clkload117/X
 clkload118/X
 clkload119/X
 clkload12/X
 clkload120/X
 clkload121/X
 clkload122/X
 clkload123/X
 clkload124/X
 clkload125/X
 clkload126/X
 clkload127/X
 clkload128/X
 clkload129/X
 clkload13/X
 clkload130/X
 clkload131/X
 clkload132/X
 clkload133/X
 clkload134/X
 clkload135/X
 clkload136/X
 clkload137/X
 clkload138/X
 clkload139/X
 clkload14/X
 clkload140/Y
 clkload141/Y
 clkload142/X
 clkload143/X
 clkload144/X
 clkload145/X
 clkload146/X
 clkload147/Y
 clkload148/X
 clkload149/Y
 clkload15/X
 clkload150/X
 clkload151/Y
 clkload152/X
 clkload153/X
 clkload154/Y
 clkload155/Y
 clkload156/X
 clkload157/X
 clkload158/X
 clkload159/X
 clkload16/X
 clkload160/X
 clkload161/X
 clkload162/X
 clkload163/Y
 clkload164/X
 clkload165/X
 clkload166/X
 clkload167/X
 clkload168/Y
 clkload169/X
 clkload17/X
 clkload170/X
 clkload171/X
 clkload172/X
 clkload173/X
 clkload174/X
 clkload175/X
 clkload176/X
 clkload177/X
 clkload178/X
 clkload179/X
 clkload18/X
 clkload180/X
 clkload181/X
 clkload182/X
 clkload183/X
 clkload184/X
 clkload185/X
 clkload186/X
 clkload187/X
 clkload188/X
 clkload189/X
 clkload19/X
 clkload190/X
 clkload191/X
 clkload192/X
 clkload193/X
 clkload194/X
 clkload195/X
 clkload196/X
 clkload197/X
 clkload198/X
 clkload199/X
 clkload2/X
 clkload20/X
 clkload200/X
 clkload201/X
 clkload202/X
 clkload203/X
 clkload204/X
 clkload205/Y
 clkload206/X
 clkload207/X
 clkload208/X
 clkload209/X
 clkload21/X
 clkload210/X
 clkload211/X
 clkload212/X
 clkload213/X
 clkload214/X
 clkload215/X
 clkload216/Y
 clkload217/X
 clkload218/X
 clkload219/X
 clkload22/X
 clkload220/X
 clkload221/X
 clkload222/Y
 clkload223/X
 clkload23/X
 clkload24/X
 clkload25/X
 clkload26/X
 clkload27/X
 clkload28/X
 clkload29/X
 clkload3/X
 clkload30/X
 clkload31/X
 clkload32/X
 clkload33/X
 clkload34/X
 clkload35/X
 clkload36/X
 clkload37/X
 clkload38/X
 clkload39/X
 clkload4/X
 clkload40/X
 clkload41/X
 clkload42/X
 clkload43/X
 clkload44/X
 clkload45/X
 clkload46/X
 clkload47/X
 clkload48/X
 clkload49/X
 clkload5/X
 clkload50/X
 clkload51/X
 clkload52/X
 clkload53/X
 clkload54/X
 clkload55/X
 clkload56/Y
 clkload57/Y
 clkload58/X
 clkload59/Y
 clkload6/X
 clkload60/X
 clkload61/X
 clkload62/Y
 clkload63/X
 clkload64/X
 clkload65/X
 clkload66/X
 clkload67/Y
 clkload68/X
 clkload69/Y
 clkload7/X
 clkload70/X
 clkload71/X
 clkload72/X
 clkload73/X
 clkload74/X
 clkload75/X
 clkload76/X
 clkload77/Y
 clkload78/X
 clkload79/Y
 clkload8/X
 clkload80/X
 clkload81/X
 clkload82/X
 clkload83/X
 clkload84/X
 clkload85/X
 clkload86/X
 clkload87/X
 clkload88/X
 clkload89/X
 clkload9/X
 clkload90/X
 clkload91/X
 clkload92/Y
 clkload93/Y
 clkload94/Y
 clkload95/X
 clkload96/X
 clkload97/X
 clkload98/X
 clkload99/Y
 tt_um_rv32_linux_soc/HI
 tt_um_rv32_linux_soc_6906/HI
 tt_um_rv32_linux_soc_6907/HI
 tt_um_rv32_linux_soc_6908/HI
 tt_um_rv32_linux_soc_6909/LO
 tt_um_rv32_linux_soc_6910/LO
Found 0 partially unannotated drivers.

===========================================================================
max slew violation count 0
max fanout violation count 265
max cap violation count 0
============================================================================

===========================================================================
check_setup -verbose -unconstrained_endpoints -multiple_clock -no_clock -no_input_delay -loops -generated_clocks
===========================================================================
